******************************************************************************
             TMS320C2000 Linker PC v21.6.0                     
******************************************************************************
>> Linked Fri Sep  2 13:06:16 2022

OUTPUT FILE NAME:   <Lab1.out>
ENTRY POINT SYMBOL: "_c_int00"  address: 0000c3e4


MEMORY CONFIGURATION

         name            origin    length      used     unused   attr    fill
----------------------  --------  ---------  --------  --------  ----  --------
PAGE 0:
  BEGIN                 00000000   00000002  00000002  00000000  RWIX
  RAMM0                 00000123   000002dd  00000008  000002d5  RWIX
  RAMLS04               00008000   00002800  000027ff  00000001  RWIX
  RAMD0                 0000b000   00000800  00000183  0000067d  RWIX
  RAMGS0008             0000c000   00009000  0000073e  000088c2  RWIX
  RESET                 003fffc0   00000002  00000000  00000002  RWIX

PAGE 1:
  BOOT_RSVD             00000002   00000121  00000000  00000121  RWIX
  RAMM1                 00000400   000003f8  00000000  000003f8  RWIX
  ADCARESULT            00000b00   00000018  00000018  00000000  RWIX
  ADCBRESULT            00000b20   00000018  00000018  00000000  RWIX
  ADCCRESULT            00000b40   00000018  00000018  00000000  RWIX
  ADCDRESULT            00000b60   00000018  00000018  00000000  RWIX
  CPUTIMER0             00000c00   00000008  00000008  00000000  RWIX
  CPUTIMER1             00000c08   00000008  00000008  00000000  RWIX
  CPUTIMER2             00000c10   00000008  00000008  00000000  RWIX
  PIECTRL               00000ce0   0000001a  0000001a  00000000  RWIX
  PIEVECTTABLE          00000d00   00000200  000001c0  00000040  RWIX
  DMA                   00001000   00000200  000000e0  00000120  RWIX
  CLA1                  00001400   00000080  0000003e  00000042  RWIX
  CLB1LOGICCFG          00003000   00000052  0000003e  00000014  RWIX
  CLB1LOGICCTRL         00003100   00000040  00000040  00000000  RWIX
  CLB1DATAEXCH          00003200   00000200  00000108  000000f8  RWIX
  CLB2LOGICCFG          00003400   00000052  0000003e  00000014  RWIX
  CLB2LOGICCTRL         00003500   00000040  00000040  00000000  RWIX
  CLB2DATAEXCH          00003600   00000200  00000108  000000f8  RWIX
  CLB3LOGICCFG          00003800   00000052  0000003e  00000014  RWIX
  CLB3LOGICCTRL         00003900   00000040  00000040  00000000  RWIX
  CLB3DATAEXCH          00003a00   00000200  00000108  000000f8  RWIX
  CLB4LOGICCFG          00003c00   00000052  0000003e  00000014  RWIX
  CLB4LOGICCTRL         00003d00   00000040  00000040  00000000  RWIX
  CLB4DATAEXCH          00003e00   00000200  00000108  000000f8  RWIX
  EPWM1                 00004000   00000100  00000100  00000000  RWIX
  EPWM2                 00004100   00000100  00000100  00000000  RWIX
  EPWM3                 00004200   00000100  00000100  00000000  RWIX
  EPWM4                 00004300   00000100  00000100  00000000  RWIX
  EPWM5                 00004400   00000100  00000100  00000000  RWIX
  EPWM6                 00004500   00000100  00000100  00000000  RWIX
  EPWM7                 00004600   00000100  00000100  00000000  RWIX
  EPWM8                 00004700   00000100  00000100  00000000  RWIX
  EPWM9                 00004800   00000100  00000100  00000000  RWIX
  EPWM10                00004900   00000100  00000100  00000000  RWIX
  EPWM11                00004a00   00000100  00000100  00000000  RWIX
  EPWM12                00004b00   00000100  00000100  00000000  RWIX
  ECAP1                 00005000   00000020  0000001a  00000006  RWIX
  ECAP2                 00005020   00000020  0000001a  00000006  RWIX
  ECAP3                 00005040   00000020  0000001a  00000006  RWIX
  ECAP4                 00005060   00000020  0000001a  00000006  RWIX
  ECAP5                 00005080   00000020  0000001a  00000006  RWIX
  ECAP6                 000050a0   00000020  0000001a  00000006  RWIX
  EQEP1                 00005100   00000022  00000022  00000000  RWIX
  EQEP2                 00005140   00000022  00000022  00000000  RWIX
  EQEP3                 00005180   00000022  00000022  00000000  RWIX
  DACA                  00005c00   00000008  00000007  00000001  RWIX
  DACB                  00005c10   00000008  00000007  00000001  RWIX
  DACC                  00005c20   00000008  00000007  00000001  RWIX
  CMPSS1                00005c80   00000020  0000001b  00000005  RWIX
  CMPSS2                00005ca0   00000020  0000001b  00000005  RWIX
  CMPSS3                00005cc0   00000020  0000001b  00000005  RWIX
  CMPSS4                00005ce0   00000020  0000001b  00000005  RWIX
  CMPSS5                00005d00   00000020  0000001b  00000005  RWIX
  CMPSS6                00005d20   00000020  0000001b  00000005  RWIX
  CMPSS7                00005d40   00000020  0000001b  00000005  RWIX
  CMPSS8                00005d60   00000020  0000001b  00000005  RWIX
  SDFM1                 00005e00   00000080  00000048  00000038  RWIX
  SDFM2                 00005e80   00000080  00000048  00000038  RWIX
  MCBSPA                00006000   00000024  00000024  00000000  RWIX
  MCBSPB                00006040   00000024  00000024  00000000  RWIX
  SPIA                  00006100   00000010  00000010  00000000  RWIX
  SPIB                  00006110   00000010  00000010  00000000  RWIX
  SPIC                  00006120   00000010  00000010  00000000  RWIX
  UPP                   00006200   00000048  00000048  00000000  RWIX
  WD                    00007000   0000002b  0000002b  00000000  RWIX
  NMIINTRUPT            00007060   00000007  00000007  00000000  RWIX
  XINT                  00007070   0000000b  0000000b  00000000  RWIX
  SCIA                  00007200   00000010  00000010  00000000  RWIX
  SCIB                  00007210   00000010  00000010  00000000  RWIX
  SCIC                  00007220   00000010  00000010  00000000  RWIX
  SCID                  00007230   00000010  00000010  00000000  RWIX
  I2CA                  00007300   00000022  00000022  00000000  RWIX
  I2CB                  00007340   00000022  00000022  00000000  RWIX
  ADCA                  00007400   00000080  0000007c  00000004  RWIX
  ADCB                  00007480   00000080  0000007c  00000004  RWIX
  ADCC                  00007500   00000080  0000007c  00000004  RWIX
  ADCD                  00007580   00000080  0000007c  00000004  RWIX
  INPUTXBAR             00007900   00000020  00000020  00000000  RWIX
  XBAR                  00007920   00000020  0000000e  00000012  RWIX
  SYNCSOC               00007940   00000006  00000006  00000000  RWIX
  DMACLASRCSEL          00007980   0000001a  0000001a  00000000  RWIX
  EPWMXBAR              00007a00   00000040  00000040  00000000  RWIX
  CLBXBAR               00007a40   00000040  00000040  00000000  RWIX
  OUTPUTXBAR            00007a80   00000040  00000040  00000000  RWIX
  GPIOCTRL              00007c00   00000180  00000180  00000000  RWIX
  GPIODATA              00007f00   00000030  00000030  00000000  RWIX
  RAMLS5                0000a800   00000800  000004de  00000322  RWIX
  RAMD1                 0000b800   00000800  00000800  00000000  RWIX
  RAMGS0915             00015000   00006ff8  00000d30  000062c8  RWIX
  CPU2TOCPU1RAM         0003f800   00000400  00000000  00000400  RWIX
  CPU1TOCPU2RAM         0003fc00   00000400  00000000  00000400  RWIX
  EMIF1                 00047000   00000070  00000028  00000048  RWIX
  EMIF2                 00047800   00000070  00000028  00000048  RWIX
  CANA                  00048000   00000200  00000164  0000009c  RWIX
  CANA_MSG_RAM          00049000   00000800  00000000  00000800  RWIX
  CANB                  0004a000   00000200  00000164  0000009c  RWIX
  CANB_MSG_RAM          0004b000   00000800  00000000  00000800  RWIX
  IPC                   00050000   00000024  00000024  00000000  RWIX
  FLASHPUMPSEMAPHORE    00050024   00000002  00000002  00000000  RWIX
  DEVCFG                0005d000   0000012e  0000012e  00000000  RWIX
  ANALOGSUBSYS          0005d180   00000048  0000003e  0000000a  RWIX
  CLKCFG                0005d200   00000032  00000032  00000000  RWIX
  CPUSYS                0005d300   00000082  00000082  00000000  RWIX
  ROMPREFETCH           0005e608   00000002  00000002  00000000  RWIX
  DCSMZ1                0005f000   00000024  00000022  00000002  RWIX
  DCSMZ2                0005f040   00000024  00000022  00000002  RWIX
  DCSMCOMMON            0005f070   00000008  00000006  00000002  RWIX
  MEMCFG                0005f400   00000080  00000076  0000000a  RWIX
  EMIF1CONFIG           0005f480   00000020  0000000a  00000016  RWIX
  EMIF2CONFIG           0005f4a0   00000020  0000000a  00000016  RWIX
  ACCESSPROTECTION      0005f4c0   00000040  0000002e  00000012  RWIX
  MEMORYERROR           0005f500   00000040  0000003a  00000006  RWIX
  ROMWAITSTATE          0005f540   00000002  00000002  00000000  RWIX
  FLASH0CTRL            0005f800   00000182  00000182  00000000  RWIX
  FLASH0ECC             0005fb00   00000028  00000028  00000000  RWIX


SECTION ALLOCATION MAP

 output                                  attributes/
section   page    origin      length       input sections
--------  ----  ----------  ----------   ----------------
codestart 
*          0    00000000    00000002     
                  00000000    00000002     F2837xD_CodeStartBranch.obj (codestart)

.cinit     0    0000b000    00000183     
                  0000b000    00000024     F28379dSerial.obj (.cinit)
                  0000b024    00000012     LEDPatterns.obj (.cinit:_LED_0)
                  0000b036    00000012     LEDPatterns.obj (.cinit:_LED_1)
                  0000b048    00000012     LEDPatterns.obj (.cinit:_LED_2)
                  0000b05a    00000012     LEDPatterns.obj (.cinit:_LED_3)
                  0000b06c    00000012     LEDPatterns.obj (.cinit:_LED_4)
                  0000b07e    00000012     LEDPatterns.obj (.cinit:_LED_5)
                  0000b090    00000012     LEDPatterns.obj (.cinit:_LED_6)
                  0000b0a2    00000012     LEDPatterns.obj (.cinit:_LED_7)
                  0000b0b4    00000012     LEDPatterns.obj (.cinit:_LED_8)
                  0000b0c6    00000012     LEDPatterns.obj (.cinit:_LED_9)
                  0000b0d8    00000012     LEDPatterns.obj (.cinit:_LED_A)
                  0000b0ea    00000012     LEDPatterns.obj (.cinit:_LED_B)
                  0000b0fc    00000012     LEDPatterns.obj (.cinit:_LED_C)
                  0000b10e    00000012     LEDPatterns.obj (.cinit:_LED_D)
                  0000b120    00000012     LEDPatterns.obj (.cinit:_LED_E)
                  0000b132    00000012     LEDPatterns.obj (.cinit:_LED_F)
                  0000b144    00000012     lab1_main.obj (.cinit)
                  0000b156    0000000f     device.obj (.cinit)
                  0000b165    0000000e     rts2800_fpu32.lib : exit.c.obj (.cinit)
                  0000b173    00000005                       : _lock.c.obj (.cinit:__lock)
                  0000b178    00000005                       : _lock.c.obj (.cinit:__unlock)
                  0000b17d    00000004                       : errno.c.obj (.cinit)
                  0000b181    00000002     --HOLE-- [fill = 0]

.reset     0    003fffc0    00000002     DSECT
                  003fffc0    00000002     rts2800_fpu32.lib : boot28.asm.obj (.reset)

.stack     1    0000b800    00000800     UNINITIALIZED
                  0000b800    00000800     --HOLE--

.pinit     0    0000b000    00000000     UNINITIALIZED

.econst    1    0000a800    000004de     
                  0000a800    000001c0     F2837xD_PieVect.obj (.econst:_PieVectTableInit)
                  0000a9c0    00000101     rts2800_fpu32.lib : ctype.c.obj (.econst:.string:__ctypes_)
                  0000aac1    00000001     --HOLE-- [fill = 0]
                  0000aac2    000000c2     driverlib_coff.lib : sysctl.obj (.econst:.string)
                  0000ab84    000000bc                        : gpio.obj (.econst:.string)
                  0000ac40    00000026     rts2800_fpu32.lib : _printfi.c.obj (.econst:.string)
                  0000ac66    00000023     lab1_main.obj (.econst:.string)
                  0000ac89    00000001     --HOLE-- [fill = 0]
                  0000ac8a    0000001c     rts2800_fpu32.lib : _printfi.c.obj (.econst)
                  0000aca6    0000001c                       : s_scalbn.c.obj (.econst)
                  0000acc2    00000013     device.obj (.econst:.string)
                  0000acd5    00000001     --HOLE-- [fill = 0]
                  0000acd6    00000008     rts2800_fpu32.lib : s_frexp.c.obj (.econst)

.ebss      1    00015000    00000d30     UNINITIALIZED
                  00015000    00000806     F28379dSerial.obj (.ebss)
                  00015806    00000018     F2837xD_CpuTimers.obj (.ebss)
                  0001581e    0000000f     LEDPatterns.obj (.ebss:_LED_0)
                  0001582d    0000000f     LEDPatterns.obj (.ebss:_LED_1)
                  0001583c    00000002     rts2800_fpu32.lib : _lock.c.obj (.ebss:__lock)
                  0001583e    00000002                       : _lock.c.obj (.ebss:__unlock)
                  00015840    00000400     F28379dSerial.obj (.ebss:_serial_printf_bufSCIA)
                  00015c40    0000000f     LEDPatterns.obj (.ebss:_LED_2)
                  00015c4f    0000000f     LEDPatterns.obj (.ebss:_LED_3)
                  00015c5e    0000000f     LEDPatterns.obj (.ebss:_LED_4)
                  00015c6d    0000000f     LEDPatterns.obj (.ebss:_LED_5)
                  00015c7c    00000001     rts2800_fpu32.lib : errno.c.obj (.ebss)
                  00015c7d    00000003     --HOLE--
                  00015c80    0000000f     LEDPatterns.obj (.ebss:_LED_6)
                  00015c8f    0000000f     LEDPatterns.obj (.ebss:_LED_7)
                  00015c9e    0000000f     LEDPatterns.obj (.ebss:_LED_8)
                  00015cad    0000000f     LEDPatterns.obj (.ebss:_LED_9)
                  00015cbc    00000004     --HOLE--
                  00015cc0    0000000f     LEDPatterns.obj (.ebss:_LED_A)
                  00015ccf    0000000f     LEDPatterns.obj (.ebss:_LED_B)
                  00015cde    0000000f     LEDPatterns.obj (.ebss:_LED_C)
                  00015ced    0000000f     LEDPatterns.obj (.ebss:_LED_D)
                  00015cfc    00000004     --HOLE--
                  00015d00    0000000f     LEDPatterns.obj (.ebss:_LED_E)
                  00015d0f    0000000f     LEDPatterns.obj (.ebss:_LED_F)
                  00015d1e    00000006     device.obj (.ebss)
                  00015d24    00000006     lab1_main.obj (.ebss)
                  00015d2a    00000006     rts2800_fpu32.lib : exit.c.obj (.ebss)

.TI.ramfunc 
*          0    00000123    00000008     
                  00000123    00000004     F2837xD_usDelay.obj (.TI.ramfunc)
                  00000127    00000004     driverlib_coff.lib : sysctl.obj (.TI.ramfunc)

GETBUFFER 
*          0    0003f800    00000000     DSECT

GETWRITEIDX 
*          0    0003f800    00000000     DSECT

PUTREADIDX 
*          0    0003f800    00000000     DSECT

AdcaResultRegsFile 
*          1    00000b00    00000018     UNINITIALIZED
                  00000b00    00000018     F2837xD_GlobalVariableDefs.obj (AdcaResultRegsFile)

AdcbResultRegsFile 
*          1    00000b20    00000018     UNINITIALIZED
                  00000b20    00000018     F2837xD_GlobalVariableDefs.obj (AdcbResultRegsFile)

AdccResultRegsFile 
*          1    00000b40    00000018     UNINITIALIZED
                  00000b40    00000018     F2837xD_GlobalVariableDefs.obj (AdccResultRegsFile)

AdcdResultRegsFile 
*          1    00000b60    00000018     UNINITIALIZED
                  00000b60    00000018     F2837xD_GlobalVariableDefs.obj (AdcdResultRegsFile)

CpuTimer0RegsFile 
*          1    00000c00    00000008     UNINITIALIZED
                  00000c00    00000008     F2837xD_GlobalVariableDefs.obj (CpuTimer0RegsFile)

CpuTimer1RegsFile 
*          1    00000c08    00000008     UNINITIALIZED
                  00000c08    00000008     F2837xD_GlobalVariableDefs.obj (CpuTimer1RegsFile)

CpuTimer2RegsFile 
*          1    00000c10    00000008     UNINITIALIZED
                  00000c10    00000008     F2837xD_GlobalVariableDefs.obj (CpuTimer2RegsFile)

PieCtrlRegsFile 
*          1    00000ce0    0000001a     UNINITIALIZED
                  00000ce0    0000001a     F2837xD_GlobalVariableDefs.obj (PieCtrlRegsFile)

PieVectTableFile 
*          1    00000d00    000001c0     UNINITIALIZED
                  00000d00    000001c0     F2837xD_GlobalVariableDefs.obj (PieVectTableFile)

EmuKeyVar 
*          1    00000d00    00000000     UNINITIALIZED

EmuBModeVar 
*          1    00000d00    00000000     UNINITIALIZED

EmuBootPinsVar 
*          1    00000d00    00000000     UNINITIALIZED

FlashCallbackVar 
*          1    00000d00    00000000     UNINITIALIZED

FlashScalingVar 
*          1    00000d00    00000000     UNINITIALIZED

DmaRegsFile 
*          1    00001000    000000e0     UNINITIALIZED
                  00001000    000000e0     F2837xD_GlobalVariableDefs.obj (DmaRegsFile)

Cla1RegsFile 
*          1    00001400    0000003e     UNINITIALIZED
                  00001400    0000003e     F2837xD_GlobalVariableDefs.obj (Cla1RegsFile)

Clb1LogicCfgRegsFile 
*          1    00003000    0000003e     UNINITIALIZED
                  00003000    0000003e     F2837xD_GlobalVariableDefs.obj (Clb1LogicCfgRegsFile)

Clb1LogicCtrlRegsFile 
*          1    00003100    00000040     UNINITIALIZED
                  00003100    00000040     F2837xD_GlobalVariableDefs.obj (Clb1LogicCtrlRegsFile)

Clb1DataExchRegsFile 
*          1    00003200    00000108     UNINITIALIZED
                  00003200    00000108     F2837xD_GlobalVariableDefs.obj (Clb1DataExchRegsFile)

Clb2LogicCfgRegsFile 
*          1    00003400    0000003e     UNINITIALIZED
                  00003400    0000003e     F2837xD_GlobalVariableDefs.obj (Clb2LogicCfgRegsFile)

Clb2LogicCtrlRegsFile 
*          1    00003500    00000040     UNINITIALIZED
                  00003500    00000040     F2837xD_GlobalVariableDefs.obj (Clb2LogicCtrlRegsFile)

Clb2DataExchRegsFile 
*          1    00003600    00000108     UNINITIALIZED
                  00003600    00000108     F2837xD_GlobalVariableDefs.obj (Clb2DataExchRegsFile)

Clb3LogicCfgRegsFile 
*          1    00003800    0000003e     UNINITIALIZED
                  00003800    0000003e     F2837xD_GlobalVariableDefs.obj (Clb3LogicCfgRegsFile)

Clb3LogicCtrlRegsFile 
*          1    00003900    00000040     UNINITIALIZED
                  00003900    00000040     F2837xD_GlobalVariableDefs.obj (Clb3LogicCtrlRegsFile)

Clb3DataExchRegsFile 
*          1    00003a00    00000108     UNINITIALIZED
                  00003a00    00000108     F2837xD_GlobalVariableDefs.obj (Clb3DataExchRegsFile)

Clb4LogicCfgRegsFile 
*          1    00003c00    0000003e     UNINITIALIZED
                  00003c00    0000003e     F2837xD_GlobalVariableDefs.obj (Clb4LogicCfgRegsFile)

Clb4LogicCtrlRegsFile 
*          1    00003d00    00000040     UNINITIALIZED
                  00003d00    00000040     F2837xD_GlobalVariableDefs.obj (Clb4LogicCtrlRegsFile)

Clb4DataExchRegsFile 
*          1    00003e00    00000108     UNINITIALIZED
                  00003e00    00000108     F2837xD_GlobalVariableDefs.obj (Clb4DataExchRegsFile)

EPwm1RegsFile 
*          1    00004000    00000100     UNINITIALIZED
                  00004000    00000100     F2837xD_GlobalVariableDefs.obj (EPwm1RegsFile)

EPwm2RegsFile 
*          1    00004100    00000100     UNINITIALIZED
                  00004100    00000100     F2837xD_GlobalVariableDefs.obj (EPwm2RegsFile)

EPwm3RegsFile 
*          1    00004200    00000100     UNINITIALIZED
                  00004200    00000100     F2837xD_GlobalVariableDefs.obj (EPwm3RegsFile)

EPwm4RegsFile 
*          1    00004300    00000100     UNINITIALIZED
                  00004300    00000100     F2837xD_GlobalVariableDefs.obj (EPwm4RegsFile)

EPwm5RegsFile 
*          1    00004400    00000100     UNINITIALIZED
                  00004400    00000100     F2837xD_GlobalVariableDefs.obj (EPwm5RegsFile)

EPwm6RegsFile 
*          1    00004500    00000100     UNINITIALIZED
                  00004500    00000100     F2837xD_GlobalVariableDefs.obj (EPwm6RegsFile)

EPwm7RegsFile 
*          1    00004600    00000100     UNINITIALIZED
                  00004600    00000100     F2837xD_GlobalVariableDefs.obj (EPwm7RegsFile)

EPwm8RegsFile 
*          1    00004700    00000100     UNINITIALIZED
                  00004700    00000100     F2837xD_GlobalVariableDefs.obj (EPwm8RegsFile)

EPwm9RegsFile 
*          1    00004800    00000100     UNINITIALIZED
                  00004800    00000100     F2837xD_GlobalVariableDefs.obj (EPwm9RegsFile)

EPwm10RegsFile 
*          1    00004900    00000100     UNINITIALIZED
                  00004900    00000100     F2837xD_GlobalVariableDefs.obj (EPwm10RegsFile)

EPwm11RegsFile 
*          1    00004a00    00000100     UNINITIALIZED
                  00004a00    00000100     F2837xD_GlobalVariableDefs.obj (EPwm11RegsFile)

EPwm12RegsFile 
*          1    00004b00    00000100     UNINITIALIZED
                  00004b00    00000100     F2837xD_GlobalVariableDefs.obj (EPwm12RegsFile)

ECap1RegsFile 
*          1    00005000    0000001a     UNINITIALIZED
                  00005000    0000001a     F2837xD_GlobalVariableDefs.obj (ECap1RegsFile)

ECap2RegsFile 
*          1    00005020    0000001a     UNINITIALIZED
                  00005020    0000001a     F2837xD_GlobalVariableDefs.obj (ECap2RegsFile)

ECap3RegsFile 
*          1    00005040    0000001a     UNINITIALIZED
                  00005040    0000001a     F2837xD_GlobalVariableDefs.obj (ECap3RegsFile)

ECap4RegsFile 
*          1    00005060    0000001a     UNINITIALIZED
                  00005060    0000001a     F2837xD_GlobalVariableDefs.obj (ECap4RegsFile)

ECap5RegsFile 
*          1    00005080    0000001a     UNINITIALIZED
                  00005080    0000001a     F2837xD_GlobalVariableDefs.obj (ECap5RegsFile)

ECap6RegsFile 
*          1    000050a0    0000001a     UNINITIALIZED
                  000050a0    0000001a     F2837xD_GlobalVariableDefs.obj (ECap6RegsFile)

EQep1RegsFile 
*          1    00005100    00000022     UNINITIALIZED
                  00005100    00000022     F2837xD_GlobalVariableDefs.obj (EQep1RegsFile)

EQep2RegsFile 
*          1    00005140    00000022     UNINITIALIZED
                  00005140    00000022     F2837xD_GlobalVariableDefs.obj (EQep2RegsFile)

EQep3RegsFile 
*          1    00005180    00000022     UNINITIALIZED
                  00005180    00000022     F2837xD_GlobalVariableDefs.obj (EQep3RegsFile)

DacaRegsFile 
*          1    00005c00    00000007     UNINITIALIZED
                  00005c00    00000007     F2837xD_GlobalVariableDefs.obj (DacaRegsFile)

DacbRegsFile 
*          1    00005c10    00000007     UNINITIALIZED
                  00005c10    00000007     F2837xD_GlobalVariableDefs.obj (DacbRegsFile)

DaccRegsFile 
*          1    00005c20    00000007     UNINITIALIZED
                  00005c20    00000007     F2837xD_GlobalVariableDefs.obj (DaccRegsFile)

Cmpss1RegsFile 
*          1    00005c80    0000001b     UNINITIALIZED
                  00005c80    0000001b     F2837xD_GlobalVariableDefs.obj (Cmpss1RegsFile)

Cmpss2RegsFile 
*          1    00005ca0    0000001b     UNINITIALIZED
                  00005ca0    0000001b     F2837xD_GlobalVariableDefs.obj (Cmpss2RegsFile)

Cmpss3RegsFile 
*          1    00005cc0    0000001b     UNINITIALIZED
                  00005cc0    0000001b     F2837xD_GlobalVariableDefs.obj (Cmpss3RegsFile)

Cmpss4RegsFile 
*          1    00005ce0    0000001b     UNINITIALIZED
                  00005ce0    0000001b     F2837xD_GlobalVariableDefs.obj (Cmpss4RegsFile)

Cmpss5RegsFile 
*          1    00005d00    0000001b     UNINITIALIZED
                  00005d00    0000001b     F2837xD_GlobalVariableDefs.obj (Cmpss5RegsFile)

Cmpss6RegsFile 
*          1    00005d20    0000001b     UNINITIALIZED
                  00005d20    0000001b     F2837xD_GlobalVariableDefs.obj (Cmpss6RegsFile)

Cmpss7RegsFile 
*          1    00005d40    0000001b     UNINITIALIZED
                  00005d40    0000001b     F2837xD_GlobalVariableDefs.obj (Cmpss7RegsFile)

Cmpss8RegsFile 
*          1    00005d60    0000001b     UNINITIALIZED
                  00005d60    0000001b     F2837xD_GlobalVariableDefs.obj (Cmpss8RegsFile)

Sdfm1RegsFile 
*          1    00005e00    00000048     UNINITIALIZED
                  00005e00    00000048     F2837xD_GlobalVariableDefs.obj (Sdfm1RegsFile)

Sdfm2RegsFile 
*          1    00005e80    00000048     UNINITIALIZED
                  00005e80    00000048     F2837xD_GlobalVariableDefs.obj (Sdfm2RegsFile)

McbspaRegsFile 
*          1    00006000    00000024     UNINITIALIZED
                  00006000    00000024     F2837xD_GlobalVariableDefs.obj (McbspaRegsFile)

McbspbRegsFile 
*          1    00006040    00000024     UNINITIALIZED
                  00006040    00000024     F2837xD_GlobalVariableDefs.obj (McbspbRegsFile)

SpiaRegsFile 
*          1    00006100    00000010     UNINITIALIZED
                  00006100    00000010     F2837xD_GlobalVariableDefs.obj (SpiaRegsFile)

SpibRegsFile 
*          1    00006110    00000010     UNINITIALIZED
                  00006110    00000010     F2837xD_GlobalVariableDefs.obj (SpibRegsFile)

SpicRegsFile 
*          1    00006120    00000010     UNINITIALIZED
                  00006120    00000010     F2837xD_GlobalVariableDefs.obj (SpicRegsFile)

UppRegsFile 
*          1    00006200    00000048     UNINITIALIZED
                  00006200    00000048     F2837xD_GlobalVariableDefs.obj (UppRegsFile)

WdRegsFile 
*          1    00007000    0000002b     UNINITIALIZED
                  00007000    0000002b     F2837xD_GlobalVariableDefs.obj (WdRegsFile)

NmiIntruptRegsFile 
*          1    00007060    00000007     UNINITIALIZED
                  00007060    00000007     F2837xD_GlobalVariableDefs.obj (NmiIntruptRegsFile)

XintRegsFile 
*          1    00007070    0000000b     UNINITIALIZED
                  00007070    0000000b     F2837xD_GlobalVariableDefs.obj (XintRegsFile)

SciaRegsFile 
*          1    00007200    00000010     UNINITIALIZED
                  00007200    00000010     F2837xD_GlobalVariableDefs.obj (SciaRegsFile)

ScibRegsFile 
*          1    00007210    00000010     UNINITIALIZED
                  00007210    00000010     F2837xD_GlobalVariableDefs.obj (ScibRegsFile)

ScicRegsFile 
*          1    00007220    00000010     UNINITIALIZED
                  00007220    00000010     F2837xD_GlobalVariableDefs.obj (ScicRegsFile)

ScidRegsFile 
*          1    00007230    00000010     UNINITIALIZED
                  00007230    00000010     F2837xD_GlobalVariableDefs.obj (ScidRegsFile)

I2caRegsFile 
*          1    00007300    00000022     UNINITIALIZED
                  00007300    00000022     F2837xD_GlobalVariableDefs.obj (I2caRegsFile)

I2cbRegsFile 
*          1    00007340    00000022     UNINITIALIZED
                  00007340    00000022     F2837xD_GlobalVariableDefs.obj (I2cbRegsFile)

AdcaRegsFile 
*          1    00007400    0000007c     UNINITIALIZED
                  00007400    0000007c     F2837xD_GlobalVariableDefs.obj (AdcaRegsFile)

AdcbRegsFile 
*          1    00007480    0000007c     UNINITIALIZED
                  00007480    0000007c     F2837xD_GlobalVariableDefs.obj (AdcbRegsFile)

AdccRegsFile 
*          1    00007500    0000007c     UNINITIALIZED
                  00007500    0000007c     F2837xD_GlobalVariableDefs.obj (AdccRegsFile)

AdcdRegsFile 
*          1    00007580    0000007c     UNINITIALIZED
                  00007580    0000007c     F2837xD_GlobalVariableDefs.obj (AdcdRegsFile)

InputXbarRegsFile 
*          1    00007900    00000020     UNINITIALIZED
                  00007900    00000020     F2837xD_GlobalVariableDefs.obj (InputXbarRegsFile)

XbarRegsFile 
*          1    00007920    0000000e     UNINITIALIZED
                  00007920    0000000e     F2837xD_GlobalVariableDefs.obj (XbarRegsFile)

SyncSocRegsFile 
*          1    00007940    00000006     UNINITIALIZED
                  00007940    00000006     F2837xD_GlobalVariableDefs.obj (SyncSocRegsFile)

DmaClaSrcSelRegsFile 
*          1    00007980    0000001a     UNINITIALIZED
                  00007980    0000001a     F2837xD_GlobalVariableDefs.obj (DmaClaSrcSelRegsFile)

EPwmXbarRegsFile 
*          1    00007a00    00000040     UNINITIALIZED
                  00007a00    00000040     F2837xD_GlobalVariableDefs.obj (EPwmXbarRegsFile)

ClbXbarRegsFile 
*          1    00007a40    00000040     UNINITIALIZED
                  00007a40    00000040     F2837xD_GlobalVariableDefs.obj (ClbXbarRegsFile)

OutputXbarRegsFile 
*          1    00007a80    00000040     UNINITIALIZED
                  00007a80    00000040     F2837xD_GlobalVariableDefs.obj (OutputXbarRegsFile)

GpioCtrlRegsFile 
*          1    00007c00    00000180     UNINITIALIZED
                  00007c00    00000180     F2837xD_GlobalVariableDefs.obj (GpioCtrlRegsFile)

GpioDataRegsFile 
*          1    00007f00    00000030     UNINITIALIZED
                  00007f00    00000030     F2837xD_GlobalVariableDefs.obj (GpioDataRegsFile)

Emif1RegsFile 
*          1    00047000    00000028     UNINITIALIZED
                  00047000    00000028     F2837xD_GlobalVariableDefs.obj (Emif1RegsFile)

Emif2RegsFile 
*          1    00047800    00000028     UNINITIALIZED
                  00047800    00000028     F2837xD_GlobalVariableDefs.obj (Emif2RegsFile)

CanaRegsFile 
*          1    00048000    00000164     UNINITIALIZED
                  00048000    00000164     F2837xD_GlobalVariableDefs.obj (CanaRegsFile)

CanbRegsFile 
*          1    0004a000    00000164     UNINITIALIZED
                  0004a000    00000164     F2837xD_GlobalVariableDefs.obj (CanbRegsFile)

IpcRegsFile 
*          1    00050000    00000024     UNINITIALIZED
                  00050000    00000024     F2837xD_GlobalVariableDefs.obj (IpcRegsFile)

FlashPumpSemaphoreRegsFile 
*          1    00050024    00000002     UNINITIALIZED
                  00050024    00000002     F2837xD_GlobalVariableDefs.obj (FlashPumpSemaphoreRegsFile)

DevCfgRegsFile 
*          1    0005d000    0000012e     UNINITIALIZED
                  0005d000    0000012e     F2837xD_GlobalVariableDefs.obj (DevCfgRegsFile)

AnalogSubsysRegsFile 
*          1    0005d180    0000003e     UNINITIALIZED
                  0005d180    0000003e     F2837xD_GlobalVariableDefs.obj (AnalogSubsysRegsFile)

ClkCfgRegsFile 
*          1    0005d200    00000032     UNINITIALIZED
                  0005d200    00000032     F2837xD_GlobalVariableDefs.obj (ClkCfgRegsFile)

CpuSysRegsFile 
*          1    0005d300    00000082     UNINITIALIZED
                  0005d300    00000082     F2837xD_GlobalVariableDefs.obj (CpuSysRegsFile)

DcsmZ1RegsFile 
*          1    0005f000    00000022     UNINITIALIZED
                  0005f000    00000022     F2837xD_GlobalVariableDefs.obj (DcsmZ1RegsFile)

DcsmZ2RegsFile 
*          1    0005f040    00000022     UNINITIALIZED
                  0005f040    00000022     F2837xD_GlobalVariableDefs.obj (DcsmZ2RegsFile)

DcsmCommonRegsFile 
*          1    0005f070    00000006     UNINITIALIZED
                  0005f070    00000006     F2837xD_GlobalVariableDefs.obj (DcsmCommonRegsFile)

MemCfgRegsFile 
*          1    0005f400    00000076     UNINITIALIZED
                  0005f400    00000076     F2837xD_GlobalVariableDefs.obj (MemCfgRegsFile)

Emif1ConfigRegsFile 
*          1    0005f480    0000000a     UNINITIALIZED
                  0005f480    0000000a     F2837xD_GlobalVariableDefs.obj (Emif1ConfigRegsFile)

Emif2ConfigRegsFile 
*          1    0005f4a0    0000000a     UNINITIALIZED
                  0005f4a0    0000000a     F2837xD_GlobalVariableDefs.obj (Emif2ConfigRegsFile)

AccessProtectionRegsFile 
*          1    0005f4c0    0000002e     UNINITIALIZED
                  0005f4c0    0000002e     F2837xD_GlobalVariableDefs.obj (AccessProtectionRegsFile)

MemoryErrorRegsFile 
*          1    0005f500    0000003a     UNINITIALIZED
                  0005f500    0000003a     F2837xD_GlobalVariableDefs.obj (MemoryErrorRegsFile)

Flash0CtrlRegsFile 
*          1    0005f800    00000182     UNINITIALIZED
                  0005f800    00000182     F2837xD_GlobalVariableDefs.obj (Flash0CtrlRegsFile)

Flash0EccRegsFile 
*          1    0005fb00    00000028     UNINITIALIZED
                  0005fb00    00000028     F2837xD_GlobalVariableDefs.obj (Flash0EccRegsFile)

RomPrefetchRegsFile 
*          1    0005e608    00000002     UNINITIALIZED
                  0005e608    00000002     F2837xD_GlobalVariableDefs.obj (RomPrefetchRegsFile)

RomWaitStateRegsFile 
*          1    0005f540    00000002     UNINITIALIZED
                  0005f540    00000002     F2837xD_GlobalVariableDefs.obj (RomWaitStateRegsFile)

.text.1    0    00008000    000027ff     
                  00008000    00000775     F28379dSerial.obj (.text)
                  00008775    00000001     rts2800_fpu32.lib : startup.c.obj (.text)
                  00008776    000006da                       : _printfi.c.obj (.text)
                  00008e50    0000060a                       : _printfi.c.obj (.text:__TI_printfi)
                  0000945a    00000585     F2837xD_DefaultISR.obj (.text:retain)
                  000099df    000004ab     F2837xD_SysCtrl.obj (.text)
                  00009e8a    0000025c     F28379dSerial.obj (.text:retain)
                  0000a0e6    00000244     F2837xD_Gpio.obj (.text)
                  0000a32a    0000023f     lab1_main.obj (.text)
                  0000a569    00000107     rts2800_fpu32.lib : ll_div28.asm.obj (.text)
                  0000a670    000000fb     LEDPatterns.obj (.text)
                  0000a76b    0000008b     rts2800_fpu32.lib : fd_div28.asm.obj (.text)
                  0000a7f6    00000009                       : _lock.c.obj (.text)

.text.2    0    0000c000    0000073e     
                  0000c000    000000b9     lab1_main.obj (.text:retain)
                  0000c0b9    000000ae     rts2800_fpu32.lib : s_scalbn.c.obj (.text)
                  0000c167    0000009c                       : fd_add28.asm.obj (.text)
                  0000c203    00000088                       : fs_div28.asm.obj (.text)
                  0000c28b    00000083                       : fd_mpy28.asm.obj (.text)
                  0000c30e    0000007c     F2837xD_CpuTimers.obj (.text)
                  0000c38a    0000005a     rts2800_fpu32.lib : s_frexp.c.obj (.text)
                  0000c3e4    00000056                       : boot28.asm.obj (.text)
                  0000c43a    00000031                       : atoi.c.obj (.text)
                  0000c46b    00000030                       : _ltoa.c.obj (.text)
                  0000c49b    00000030                       : vsprintf.c.obj (.text)
                  0000c4cb    0000002a                       : fd_cmp28.asm.obj (.text)
                  0000c4f5    0000002a                       : l_div28.asm.obj (.text)
                  0000c51f    00000029                       : exit.c.obj (.text)
                  0000c548    00000028     F2837xD_PieCtrl.obj (.text)
                  0000c570    00000026     F2837xD_PieVect.obj (.text)
                  0000c596    00000025     rts2800_fpu32.lib : s_copysign.c.obj (.text)
                  0000c5bb    00000024                       : cpy_tbl.c.obj (.text)
                  0000c5df    00000021                       : fd_toi28.asm.obj (.text)
                  0000c600    0000001f                       : fd_tol28.asm.obj (.text)
                  0000c61f    0000001e                       : ll_cmp28.asm.obj (.text)
                  0000c63d    0000001d                       : i_tofd28.asm.obj (.text)
                  0000c65a    0000001d                       : memcpy.c.obj (.text)
                  0000c677    0000001c                       : fs_tofdfpu32.asm.obj (.text)
                  0000c693    0000001c                       : l_tofd28.asm.obj (.text)
                  0000c6af    00000018                       : ll_aox28.asm.obj (.text)
                  0000c6c7    00000012                       : args_main.c.obj (.text)
                  0000c6d9    00000010                       : memccpy.c.obj (.text)
                  0000c6e9    0000000e                       : fd_sub28.asm.obj (.text)
                  0000c6f7    0000000c                       : strchr.c.obj (.text)
                  0000c703    0000000b                       : u_div28.asm.obj (.text)
                  0000c70e    00000009                       : fd_neg28.asm.obj (.text)
                  0000c717    00000009                       : wcslen.c.obj (.text)
                  0000c720    00000008     F2837xD_CodeStartBranch.obj (.text)
                  0000c728    00000008     rts2800_fpu32.lib : strlen.c.obj (.text)
                  0000c730    00000007                       : memset.c.obj (.text)
                  0000c737    00000005                       : strcpy.c.obj (.text)
                  0000c73c    00000002                       : pre_init.c.obj (.text)

MODULE SUMMARY

       Module                           code    initialized data   uninitialized data
       ------                           ----    ----------------   ------------------
    .\
       F2837xD_GlobalVariableDefs.obj   0       0                  9854              
       F28379dSerial.obj                2513    36                 3078              
       F2837xD_DefaultISR.obj           1413    0                  0                 
       F2837xD_SysCtrl.obj              1195    0                  0                 
       lab1_main.obj                    760     53                 6                 
       LEDPatterns.obj                  251     288                240               
       F2837xD_Gpio.obj                 580     0                  0                 
       F2837xD_PieVect.obj              38      448                0                 
       F2837xD_CpuTimers.obj            124     0                  24                
       F2837xD_PieCtrl.obj              40      0                  0                 
       F2837xD_CodeStartBranch.obj      10      0                  0                 
       F2837xD_usDelay.obj              4       0                  0                 
    +--+--------------------------------+-------+------------------+--------------------+
       Total:                           6928    825                13202             
                                                                                     
    .\device\
       device.obj                       0       34                 6                 
    +--+--------------------------------+-------+------------------+--------------------+
       Total:                           0       34                 6                 
                                                                                     
    C:\jcwang4_mrperry4\ME461_Lab_Repo\C2000Ware_4_01_00_00\driverlib\f2837xd\driverlib\ccs\Debug\driverlib_coff.lib
       sysctl.obj                       4       194                0                 
       gpio.obj                         0       188                0                 
    +--+--------------------------------+-------+------------------+--------------------+
       Total:                           4       382                0                 
                                                                                     
    C:\ti\ccs1120\ccs\tools\compiler\ti-cgt-c2000_21.6.0.LTS\lib\rts2800_fpu32.lib
       _printfi.c.obj                   3300    66                 0                 
       ll_div28.asm.obj                 263     0                  0                 
       ctype.c.obj                      0       257                0                 
       s_scalbn.c.obj                   174     28                 0                 
       fd_add28.asm.obj                 156     0                  0                 
       fd_div28.asm.obj                 139     0                  0                 
       fs_div28.asm.obj                 136     0                  0                 
       fd_mpy28.asm.obj                 131     0                  0                 
       s_frexp.c.obj                    90      8                  0                 
       boot28.asm.obj                   86      0                  0                 
       exit.c.obj                       41      14                 6                 
       atoi.c.obj                       49      0                  0                 
       _ltoa.c.obj                      48      0                  0                 
       vsprintf.c.obj                   48      0                  0                 
       fd_cmp28.asm.obj                 42      0                  0                 
       l_div28.asm.obj                  42      0                  0                 
       s_copysign.c.obj                 37      0                  0                 
       cpy_tbl.c.obj                    36      0                  0                 
       fd_toi28.asm.obj                 33      0                  0                 
       fd_tol28.asm.obj                 31      0                  0                 
       ll_cmp28.asm.obj                 30      0                  0                 
       i_tofd28.asm.obj                 29      0                  0                 
       memcpy.c.obj                     29      0                  0                 
       fs_tofdfpu32.asm.obj             28      0                  0                 
       l_tofd28.asm.obj                 28      0                  0                 
       ll_aox28.asm.obj                 24      0                  0                 
       _lock.c.obj                      9       10                 4                 
       args_main.c.obj                  18      0                  0                 
       memccpy.c.obj                    16      0                  0                 
       fd_sub28.asm.obj                 14      0                  0                 
       strchr.c.obj                     12      0                  0                 
       u_div28.asm.obj                  11      0                  0                 
       fd_neg28.asm.obj                 9       0                  0                 
       wcslen.c.obj                     9       0                  0                 
       strlen.c.obj                     8       0                  0                 
       memset.c.obj                     7       0                  0                 
       errno.c.obj                      0       4                  1                 
       strcpy.c.obj                     5       0                  0                 
       pre_init.c.obj                   2       0                  0                 
       startup.c.obj                    1       0                  0                 
    +--+--------------------------------+-------+------------------+--------------------+
       Total:                           5171    387                11                
                                                                                     
       Stack:                           0       0                  2048              
    +--+--------------------------------+-------+------------------+--------------------+
       Grand Total:                     12103   1628               15267             


GLOBAL DATA SYMBOLS: SORTED BY DATA PAGE

address     data page           name
--------    ----------------    ----
00000b00      2c (00000b00)     _AdcaResultRegs
00000b20      2c (00000b00)     _AdcbResultRegs

00000b40      2d (00000b40)     _AdccResultRegs
00000b60      2d (00000b40)     _AdcdResultRegs

00000c00      30 (00000c00)     _CpuTimer0Regs
00000c08      30 (00000c00)     _CpuTimer1Regs
00000c10      30 (00000c00)     _CpuTimer2Regs

00000ce0      33 (00000cc0)     _PieCtrlRegs

00000d00      34 (00000d00)     _PieVectTable

00001000      40 (00001000)     _DmaRegs

00001400      50 (00001400)     _Cla1Regs

00003000      c0 (00003000)     _Clb1LogicCfgRegs

00003100      c4 (00003100)     _Clb1LogicCtrlRegs

00003200      c8 (00003200)     _Clb1DataExchRegs

00003400      d0 (00003400)     _Clb2LogicCfgRegs

00003500      d4 (00003500)     _Clb2LogicCtrlRegs

00003600      d8 (00003600)     _Clb2DataExchRegs

00003800      e0 (00003800)     _Clb3LogicCfgRegs

00003900      e4 (00003900)     _Clb3LogicCtrlRegs

00003a00      e8 (00003a00)     _Clb3DataExchRegs

00003c00      f0 (00003c00)     _Clb4LogicCfgRegs

00003d00      f4 (00003d00)     _Clb4LogicCtrlRegs

00003e00      f8 (00003e00)     _Clb4DataExchRegs

00004000     100 (00004000)     _EPwm1Regs

00004100     104 (00004100)     _EPwm2Regs

00004200     108 (00004200)     _EPwm3Regs

00004300     10c (00004300)     _EPwm4Regs

00004400     110 (00004400)     _EPwm5Regs

00004500     114 (00004500)     _EPwm6Regs

00004600     118 (00004600)     _EPwm7Regs

00004700     11c (00004700)     _EPwm8Regs

00004800     120 (00004800)     _EPwm9Regs

00004900     124 (00004900)     _EPwm10Regs

00004a00     128 (00004a00)     _EPwm11Regs

00004b00     12c (00004b00)     _EPwm12Regs

00005000     140 (00005000)     _ECap1Regs
00005020     140 (00005000)     _ECap2Regs

00005040     141 (00005040)     _ECap3Regs
00005060     141 (00005040)     _ECap4Regs

00005080     142 (00005080)     _ECap5Regs
000050a0     142 (00005080)     _ECap6Regs

00005100     144 (00005100)     _EQep1Regs

00005140     145 (00005140)     _EQep2Regs

00005180     146 (00005180)     _EQep3Regs

00005c00     170 (00005c00)     _DacaRegs
00005c10     170 (00005c00)     _DacbRegs
00005c20     170 (00005c00)     _DaccRegs

00005c80     172 (00005c80)     _Cmpss1Regs
00005ca0     172 (00005c80)     _Cmpss2Regs

00005cc0     173 (00005cc0)     _Cmpss3Regs
00005ce0     173 (00005cc0)     _Cmpss4Regs

00005d00     174 (00005d00)     _Cmpss5Regs
00005d20     174 (00005d00)     _Cmpss6Regs

00005d40     175 (00005d40)     _Cmpss7Regs
00005d60     175 (00005d40)     _Cmpss8Regs

00005e00     178 (00005e00)     _Sdfm1Regs

00005e80     17a (00005e80)     _Sdfm2Regs

00006000     180 (00006000)     _McbspaRegs

00006040     181 (00006040)     _McbspbRegs

00006100     184 (00006100)     _SpiaRegs
00006110     184 (00006100)     _SpibRegs
00006120     184 (00006100)     _SpicRegs

00006200     188 (00006200)     _UppRegs

00007000     1c0 (00007000)     _WdRegs

00007060     1c1 (00007040)     _NmiIntruptRegs
00007070     1c1 (00007040)     _XintRegs

00007200     1c8 (00007200)     _SciaRegs
00007210     1c8 (00007200)     _ScibRegs
00007220     1c8 (00007200)     _ScicRegs
00007230     1c8 (00007200)     _ScidRegs

00007300     1cc (00007300)     _I2caRegs

00007340     1cd (00007340)     _I2cbRegs

00007400     1d0 (00007400)     _AdcaRegs

00007480     1d2 (00007480)     _AdcbRegs

00007500     1d4 (00007500)     _AdccRegs

00007580     1d6 (00007580)     _AdcdRegs

00007900     1e4 (00007900)     _InputXbarRegs
00007920     1e4 (00007900)     _XbarRegs

00007940     1e5 (00007940)     _SyncSocRegs

00007980     1e6 (00007980)     _DmaClaSrcSelRegs

00007a00     1e8 (00007a00)     _EPwmXbarRegs

00007a40     1e9 (00007a40)     _ClbXbarRegs

00007a80     1ea (00007a80)     _OutputXbarRegs

00007c00     1f0 (00007c00)     _GpioCtrlRegs

00007f00     1fc (00007f00)     _GpioDataRegs

0000a800     2a0 (0000a800)     _PieVectTableInit

0000a9c0     2a7 (0000a9c0)     __ctypes_

0000b800     2e0 (0000b800)     __stack

00015000     540 (00015000)     _RXAdata
00015001     540 (00015000)     _RXBdata
00015002     540 (00015000)     _RXCdata
00015003     540 (00015000)     _RXDdata
00015004     540 (00015000)     _numRXA
00015006     540 (00015000)     _numRXB
00015008     540 (00015000)     _numRXC
0001500a     540 (00015000)     _numRXD

00015040     541 (00015040)     _SerialB

00015100     544 (00015100)     _SerialC

000151c0     547 (000151c0)     _SerialD

00015400     550 (00015400)     _SerialA

00015806     560 (00015800)     _CpuTimer0
0001580e     560 (00015800)     _CpuTimer1
00015816     560 (00015800)     _CpuTimer2
0001581e     560 (00015800)     _LED_0
0001582d     560 (00015800)     _LED_1
0001583c     560 (00015800)     __lock
0001583e     560 (00015800)     __unlock

00015840     561 (00015840)     _serial_printf_bufSCIA

00015c40     571 (00015c40)     _LED_2
00015c4f     571 (00015c40)     _LED_3
00015c5e     571 (00015c40)     _LED_4
00015c6d     571 (00015c40)     _LED_5
00015c7c     571 (00015c40)     _errno

00015c80     572 (00015c80)     _LED_6
00015c8f     572 (00015c80)     _LED_7
00015c9e     572 (00015c80)     _LED_8
00015cad     572 (00015c80)     _LED_9

00015cc0     573 (00015cc0)     _LED_A
00015ccf     573 (00015cc0)     _LED_B
00015cde     573 (00015cc0)     _LED_C
00015ced     573 (00015cc0)     _LED_D

00015d00     574 (00015d00)     _LED_E
00015d0f     574 (00015d00)     _LED_F
00015d1e     574 (00015d00)     _Example_Result
00015d20     574 (00015d00)     _Example_PassCount
00015d22     574 (00015d00)     _Example_Fail
00015d24     574 (00015d00)     _UARTPrint
00015d25     574 (00015d00)     _LEDdisplaynum
00015d26     574 (00015d00)     _numTimer0calls
00015d28     574 (00015d00)     _numSWIcalls
00015d2a     574 (00015d00)     ___TI_enable_exit_profile_output
00015d2c     574 (00015d00)     ___TI_cleanup_ptr
00015d2e     574 (00015d00)     ___TI_dtors_ptr

00047000    11c0 (00047000)     _Emif1Regs

00047800    11e0 (00047800)     _Emif2Regs

00048000    1200 (00048000)     _CanaRegs

0004a000    1280 (0004a000)     _CanbRegs

00050000    1400 (00050000)     _IpcRegs
00050024    1400 (00050000)     _FlashPumpSemaphoreRegs

0005d000    1740 (0005d000)     _DevCfgRegs

0005d180    1746 (0005d180)     _AnalogSubsysRegs

0005d200    1748 (0005d200)     _ClkCfgRegs

0005d300    174c (0005d300)     _CpuSysRegs

0005e608    1798 (0005e600)     _RomPrefetchRegs

0005f000    17c0 (0005f000)     _DcsmZ1Regs

0005f040    17c1 (0005f040)     _DcsmZ2Regs
0005f070    17c1 (0005f040)     _DcsmCommonRegs

0005f400    17d0 (0005f400)     _MemCfgRegs

0005f480    17d2 (0005f480)     _Emif1ConfigRegs
0005f4a0    17d2 (0005f480)     _Emif2ConfigRegs

0005f4c0    17d3 (0005f4c0)     _AccessProtectionRegs

0005f500    17d4 (0005f500)     _MemoryErrorRegs

0005f540    17d5 (0005f540)     _RomWaitStateRegs

0005f800    17e0 (0005f800)     _Flash0CtrlRegs

0005fb00    17ec (0005fb00)     _Flash0EccRegs


GLOBAL SYMBOLS: SORTED ALPHABETICALLY BY Name 

page  address   name                                  
----  -------   ----                                  
abs   ffffffff  .text                                 
0     0000c51f  C$$EXIT                               
0     0000c167  FD$$ADD                               
0     0000c4cb  FD$$CMP                               
0     0000a76b  FD$$DIV                               
0     0000c28b  FD$$MPY                               
0     0000c70e  FD$$NEG                               
0     0000c6e9  FD$$SUB                               
0     0000c5df  FD$$TOI                               
0     0000c600  FD$$TOL                               
0     0000c203  FS$$DIV                               
0     0000c677  FS$$TOFD                              
0     0000c63d  I$$TOFD                               
0     0000c4f5  L$$DIV                                
0     0000c504  L$$MOD                                
0     0000c693  L$$TOFD                               
0     0000c6af  LL$$AND                               
0     0000c61f  LL$$CMP                               
0     0000a569  LL$$DIV                               
0     0000a5a5  LL$$MOD                               
0     0000c6b7  LL$$OR                                
0     0000c6bf  LL$$XOR                               
0     0000c703  U$$DIV                                
0     0000c708  U$$MOD                                
0     0000c512  UL$$DIV                               
0     0000c519  UL$$MOD                               
0     0000c631  ULL$$CMP                              
0     0000a5df  ULL$$DIV                              
0     0000a60e  ULL$$MOD                              
0     00009518  _ADCA1_ISR                            
0     00009798  _ADCA2_ISR                            
0     000097a2  _ADCA3_ISR                            
0     000097ac  _ADCA4_ISR                            
0     0000978e  _ADCA_EVT_ISR                         
0     00009522  _ADCB1_ISR                            
0     000097c0  _ADCB2_ISR                            
0     000097ca  _ADCB3_ISR                            
0     000097d4  _ADCB4_ISR                            
0     000097b6  _ADCB_EVT_ISR                         
0     0000952c  _ADCC1_ISR                            
0     00009928  _ADCC2_ISR                            
0     00009932  _ADCC3_ISR                            
0     0000993c  _ADCC4_ISR                            
0     0000991e  _ADCC_EVT_ISR                         
0     0000954a  _ADCD1_ISR                            
0     00009950  _ADCD2_ISR                            
0     0000995a  _ADCD3_ISR                            
0     00009964  _ADCD4_ISR                            
0     00009946  _ADCD_EVT_ISR                         
0     000099a0  _AUX_PLL_SLIP_ISR                     
1     0005f4c0  _AccessProtectionRegs                 
1     00007400  _AdcaRegs                             
1     00000b00  _AdcaResultRegs                       
1     00007480  _AdcbRegs                             
1     00000b20  _AdcbResultRegs                       
1     00007500  _AdccRegs                             
1     00000b40  _AdccResultRegs                       
1     00007580  _AdcdRegs                             
1     00000b60  _AdcdResultRegs                       
1     0005d180  _AnalogSubsysRegs                     
0     00009e19  _AuxAuxClkSel                         
0     00009e03  _AuxIntOsc2Sel                        
0     00009e0d  _AuxXtalOscSel                        
0     00009766  _CANA0_ISR                            
0     00009770  _CANA1_ISR                            
0     0000977a  _CANB0_ISR                            
0     00009784  _CANB1_ISR                            
0     000097de  _CLA1_1_ISR                           
0     000097e8  _CLA1_2_ISR                           
0     000097f2  _CLA1_3_ISR                           
0     000097fc  _CLA1_4_ISR                           
0     00009806  _CLA1_5_ISR                           
0     00009810  _CLA1_6_ISR                           
0     0000981a  _CLA1_7_ISR                           
0     00009824  _CLA1_8_ISR                           
0     000099aa  _CLA_OVERFLOW_ISR                     
0     000099b4  _CLA_UNDERFLOW_ISR                    
1     00048000  _CanaRegs                             
1     0004a000  _CanbRegs                             
1     00001400  _Cla1Regs                             
1     00003200  _Clb1DataExchRegs                     
1     00003000  _Clb1LogicCfgRegs                     
1     00003100  _Clb1LogicCtrlRegs                    
1     00003600  _Clb2DataExchRegs                     
1     00003400  _Clb2LogicCfgRegs                     
1     00003500  _Clb2LogicCtrlRegs                    
1     00003a00  _Clb3DataExchRegs                     
1     00003800  _Clb3LogicCfgRegs                     
1     00003900  _Clb3LogicCtrlRegs                    
1     00003e00  _Clb4DataExchRegs                     
1     00003c00  _Clb4LogicCfgRegs                     
1     00003d00  _Clb4LogicCtrlRegs                    
1     00007a40  _ClbXbarRegs                          
1     0005d200  _ClkCfgRegs                           
1     00005c80  _Cmpss1Regs                           
1     00005ca0  _Cmpss2Regs                           
1     00005cc0  _Cmpss3Regs                           
1     00005ce0  _Cmpss4Regs                           
1     00005d00  _Cmpss5Regs                           
1     00005d20  _Cmpss6Regs                           
1     00005d40  _Cmpss7Regs                           
1     00005d60  _Cmpss8Regs                           
0     0000c34f  _ConfigCpuTimer                       
0     00009e6d  _ConfigureTMXAnalogTrim               
1     0005d300  _CpuSysRegs                           
1     00015806  _CpuTimer0                            
1     00000c00  _CpuTimer0Regs                        
1     0001580e  _CpuTimer1                            
1     00000c08  _CpuTimer1Regs                        
1     00015816  _CpuTimer2                            
1     00000c10  _CpuTimer2Regs                        
0     00009dae  _CsmUnlock                            
0     0000946e  _DATALOG_ISR                          
0     000096b2  _DMA_CH1_ISR                          
0     000096bc  _DMA_CH2_ISR                          
0     000096c6  _DMA_CH3_ISR                          
0     000096d0  _DMA_CH4_ISR                          
0     000096da  _DMA_CH5_ISR                          
0     000096e4  _DMA_CH6_ISR                          
1     00005c00  _DacaRegs                             
1     00005c10  _DacbRegs                             
1     00005c20  _DaccRegs                             
1     0005f070  _DcsmCommonRegs                       
1     0005f000  _DcsmZ1Regs                           
1     0005f040  _DcsmZ2Regs                           
1     0005d000  _DevCfgRegs                           
0     00009ac2  _DisableDog                           
0     00009a83  _DisablePeripheralClocks              
1     00007980  _DmaClaSrcSelRegs                     
1     00001000  _DmaRegs                              
0     00009608  _ECAP1_ISR                            
0     00009612  _ECAP2_ISR                            
0     0000961c  _ECAP3_ISR                            
0     00009626  _ECAP4_ISR                            
0     00009630  _ECAP5_ISR                            
0     0000963a  _ECAP6_ISR                            
1     00005000  _ECap1Regs                            
1     00005020  _ECap2Regs                            
1     00005040  _ECap3Regs                            
1     00005060  _ECap4Regs                            
1     00005080  _ECap5Regs                            
1     000050a0  _ECap6Regs                            
0     0000996e  _EMIF_ERROR_ISR                       
0     000099c8  _EMPTY_ISR                            
0     00009482  _EMU_ISR                              
0     000098c4  _EPWM10_ISR                           
0     0000989c  _EPWM10_TZ_ISR                        
0     000098ce  _EPWM11_ISR                           
0     000098a6  _EPWM11_TZ_ISR                        
0     000098d8  _EPWM12_ISR                           
0     000098b0  _EPWM12_TZ_ISR                        
0     000095b8  _EPWM1_ISR                            
0     00009568  _EPWM1_TZ_ISR                         
0     000095c2  _EPWM2_ISR                            
0     00009572  _EPWM2_TZ_ISR                         
0     000095cc  _EPWM3_ISR                            
0     0000957c  _EPWM3_TZ_ISR                         
0     000095d6  _EPWM4_ISR                            
0     00009586  _EPWM4_TZ_ISR                         
0     000095e0  _EPWM5_ISR                            
0     00009590  _EPWM5_TZ_ISR                         
0     000095ea  _EPWM6_ISR                            
0     0000959a  _EPWM6_TZ_ISR                         
0     000095f4  _EPWM7_ISR                            
0     000095a4  _EPWM7_TZ_ISR                         
0     000095fe  _EPWM8_ISR                            
0     000095ae  _EPWM8_TZ_ISR                         
0     000098ba  _EPWM9_ISR                            
0     00009892  _EPWM9_TZ_ISR                         
1     00004900  _EPwm10Regs                           
1     00004a00  _EPwm11Regs                           
1     00004b00  _EPwm12Regs                           
1     00004000  _EPwm1Regs                            
1     00004100  _EPwm2Regs                            
1     00004200  _EPwm3Regs                            
1     00004300  _EPwm4Regs                            
1     00004400  _EPwm5Regs                            
1     00004500  _EPwm6Regs                            
1     00004600  _EPwm7Regs                            
1     00004700  _EPwm8Regs                            
1     00004800  _EPwm9Regs                            
1     00007a00  _EPwmXbarRegs                         
0     00009644  _EQEP1_ISR                            
0     0000964e  _EQEP2_ISR                            
0     00009658  _EQEP3_ISR                            
1     00005100  _EQep1Regs                            
1     00005140  _EQep2Regs                            
1     00005180  _EQep3Regs                            
1     0005f480  _Emif1ConfigRegs                      
1     00047000  _Emif1Regs                            
1     0005f4a0  _Emif2ConfigRegs                      
1     00047800  _Emif2Regs                            
0     0000c567  _EnableInterrupts                     
1     00015d22  _Example_Fail                         
1     00015d20  _Example_PassCount                    
1     00015d1e  _Example_Result                       
0     00000123  _F28x_usDelay                         
0     00009982  _FLASH_CORRECTABLE_ERROR_ISR          
0     00009856  _FPU_OVERFLOW_ISR                     
0     00009860  _FPU_UNDERFLOW_ISR                    
1     0005f800  _Flash0CtrlRegs                       
1     0005fb00  _Flash0EccRegs                        
1     00050024  _FlashPumpSemaphoreRegs               
0     0000a2df  _GPIO_EnableUnbondedIOPullups         
0     0000a2ba  _GPIO_EnableUnbondedIOPullupsFor100Pin
0     0000a2a1  _GPIO_EnableUnbondedIOPullupsFor176Pin
0     0000a2f5  _GPIO_ReadPin                         
0     0000a246  _GPIO_SetupLock                       
0     0000a126  _GPIO_SetupPinMux                     
0     0000a1b2  _GPIO_SetupPinOptions                 
0     0000a26f  _GPIO_SetupXINT1Gpio                  
0     0000a279  _GPIO_SetupXINT2Gpio                  
0     0000a283  _GPIO_SetupXINT3Gpio                  
0     0000a28d  _GPIO_SetupXINT4Gpio                  
0     0000a297  _GPIO_SetupXINT5Gpio                  
0     0000a30c  _GPIO_WritePin                        
1     00007c00  _GpioCtrlRegs                         
1     00007f00  _GpioDataRegs                         
0     00009e37  _HALT                                 
0     00009e50  _HIB                                  
0     000096f8  _I2CA_FIFO_ISR                        
0     000096ee  _I2CA_ISR                             
0     0000970c  _I2CB_FIFO_ISR                        
0     00009702  _I2CB_ISR                             
1     00007300  _I2caRegs                             
1     00007340  _I2cbRegs                             
0     00009e23  _IDLE                                 
0     00009496  _ILLEGAL_ISR                          
0     0000986a  _IPC0_ISR                             
0     00009874  _IPC1_ISR                             
0     0000987e  _IPC2_ISR                             
0     00009888  _IPC3_ISR                             
0     00009cbf  _InitAuxPll                           
0     0000c30e  _InitCpuTimers                        
0     0000a0e6  _InitGpio                             
0     000099ff  _InitPeripheralClocks                 
0     0000c548  _InitPieCtrl                          
0     0000c570  _InitPieVectTable                     
0     000099df  _InitSysCtrl                          
0     00009ad0  _InitSysPll                           
1     00007900  _InputXbarRegs                        
1     00050000  _IpcRegs                              
1     0001581e  _LED_0                                
1     0001582d  _LED_1                                
1     00015c40  _LED_2                                
1     00015c4f  _LED_3                                
1     00015c5e  _LED_4                                
1     00015c6d  _LED_5                                
1     00015c80  _LED_6                                
1     00015c8f  _LED_7                                
1     00015c9e  _LED_8                                
1     00015cad  _LED_9                                
1     00015cc0  _LED_A                                
1     00015ccf  _LED_B                                
1     00015cde  _LED_C                                
1     00015ced  _LED_D                                
1     00015d00  _LED_E                                
1     00015d0f  _LED_F                                
1     00015d25  _LEDdisplaynum                        
0     0000968a  _MCBSPA_RX_ISR                        
0     00009694  _MCBSPA_TX_ISR                        
0     0000969e  _MCBSPB_RX_ISR                        
0     000096a8  _MCBSPB_TX_ISR                        
1     00006000  _McbspaRegs                           
1     00006040  _McbspbRegs                           
1     0005f400  _MemCfgRegs                           
1     0005f500  _MemoryErrorRegs                      
0     0000948c  _NMI_ISR                              
0     000099d5  _NOTUSED_ISR                          
1     00007060  _NmiIntruptRegs                       
1     00007a80  _OutputXbarRegs                       
0     000099be  _PIE_RESERVED_ISR                     
1     00000ce0  _PieCtrlRegs                          
1     00000d00  _PieVectTable                         
1     0000a800  _PieVectTableInit                     
0     0000998c  _RAM_ACCESS_VIOLATION_ISR             
0     00009978  _RAM_CORRECTABLE_ERROR_ISR            
0     00009478  _RTOS_ISR                             
0     0000a02e  _RXAINT_recv_ready                    
1     00015000  _RXAdata                              
0     0000a05c  _RXBINT_recv_ready                    
1     00015001  _RXBdata                              
0     0000a08a  _RXCINT_recv_ready                    
1     00015002  _RXCdata                              
0     0000a0b8  _RXDINT_recv_ready                    
1     00015003  _RXDdata                              
0     00009aaa  _ReleaseFlashPump                     
1     0005e608  _RomPrefetchRegs                      
1     0005f540  _RomWaitStateRegs                     
0     0000973e  _SCIA_RX_ISR                          
0     00009748  _SCIA_TX_ISR                          
0     00009752  _SCIB_RX_ISR                          
0     0000975c  _SCIB_TX_ISR                          
0     00009716  _SCIC_RX_ISR                          
0     00009720  _SCIC_TX_ISR                          
0     0000972a  _SCID_RX_ISR                          
0     00009734  _SCID_TX_ISR                          
0     000098e2  _SD1_ISR                              
0     000098ec  _SD2_ISR                              
0     00009662  _SPIA_RX_ISR                          
0     0000966c  _SPIA_TX_ISR                          
0     00009676  _SPIB_RX_ISR                          
0     00009680  _SPIB_TX_ISR                          
0     000098f6  _SPIC_RX_ISR                          
0     00009900  _SPIC_TX_ISR                          
0     00009e2c  _STANDBY                              
0     0000c000  _SWI_isr                              
0     00009996  _SYS_PLL_SLIP_ISR                     
1     00007200  _SciaRegs                             
1     00007210  _ScibRegs                             
1     00007220  _ScicRegs                             
1     00007230  _ScidRegs                             
1     00005e00  _Sdfm1Regs                            
1     00005e80  _Sdfm2Regs                            
0     00009a9b  _SeizeFlashPump                       
1     00015400  _SerialA                              
1     00015040  _SerialB                              
1     00015100  _SerialC                              
1     000151c0  _SerialD                              
0     00009ab4  _ServiceDog                           
1     00006100  _SpiaRegs                             
1     00006110  _SpibRegs                             
1     00006120  _SpicRegs                             
1     00007940  _SyncSocRegs                          
0     00000127  _SysCtl_delay                         
0     00009dcf  _SysIntOsc1Sel                        
0     00009ddf  _SysIntOsc2Sel                        
0     00009df3  _SysXtalOscSel                        
0     00009554  _TIMER0_ISR                           
0     0000945a  _TIMER1_ISR                           
0     00009464  _TIMER2_ISR                           
0     00009e8a  _TXAINT_data_sent                     
0     00009ef3  _TXBINT_data_sent                     
0     00009f5c  _TXCINT_data_sent                     
0     00009fc5  _TXDINT_data_sent                     
1     00015d24  _UARTPrint                            
0     0000990a  _UPPA_ISR                             
0     00009914  _USBA_ISR                             
0     000094fa  _USER10_ISR                           
0     00009504  _USER11_ISR                           
0     0000950e  _USER12_ISR                           
0     000094a0  _USER1_ISR                            
0     000094aa  _USER2_ISR                            
0     000094b4  _USER3_ISR                            
0     000094be  _USER4_ISR                            
0     000094c8  _USER5_ISR                            
0     000094d2  _USER6_ISR                            
0     000094dc  _USER7_ISR                            
0     000094e6  _USER8_ISR                            
0     000094f0  _USER9_ISR                            
1     00006200  _UppRegs                              
0     0000984c  _VCU_ISR                              
0     0000955e  _WAKE_ISR                             
1     00007000  _WdRegs                               
0     00009536  _XINT1_ISR                            
0     00009540  _XINT2_ISR                            
0     0000982e  _XINT3_ISR                            
0     00009838  _XINT4_ISR                            
0     00009842  _XINT5_ISR                            
1     00007920  _XbarRegs                             
1     00007070  _XintRegs                             
1     0000c000  __STACK_END                           
abs   00000800  __STACK_SIZE                          
1     00015d2c  ___TI_cleanup_ptr                     
1     00015d2e  ___TI_dtors_ptr                       
1     00015d2a  ___TI_enable_exit_profile_output      
0     0000c46b  ___TI_ltoa                            
abs   ffffffff  ___TI_pprof_out_hndl                  
0     000092c9  ___TI_printfi                         
abs   ffffffff  ___TI_prof_data_size                  
abs   ffffffff  ___TI_prof_data_start                 
abs   ffffffff  ___binit__                            
abs   ffffffff  ___c_args__                           
0     0000b000  ___cinit__                            
abs   ffffffff  ___etext__                            
abs   ffffffff  ___pinit__                            
abs   ffffffff  ___text__                             
0     0000c6c7  __args_main                           
1     0000a9c0  __ctypes_                             
1     0001583c  __lock                                
0     0000a7fe  __nop                                 
0     0000a7fa  __register_lock                       
0     0000a7f6  __register_unlock                     
1     0000b800  __stack                               
0     00008775  __system_post_cinit                   
0     0000c73c  __system_pre_init                     
1     0001583e  __unlock                              
0     0000c51f  _abort                                
0     0000c43a  _atoi                                 
0     0000c3e4  _c_int00                              
0     0000c5bb  _copy_in                              
0     0000c596  _copysignl                            
0     0000c01a  _cpu_timer0_isr                       
0     0000c06c  _cpu_timer1_isr                       
0     0000c07e  _cpu_timer2_isr                       
0     0000a6f6  _displayLEDletter                     
1     00015c7c  _errno                                
0     0000c521  _exit                                 
0     0000c38a  _frexpl                               
0     0000822a  _init_serialSCIA                      
0     0000837c  _init_serialSCIB                      
0     000084c4  _init_serialSCIC                      
0     0000860c  _init_serialSCID                      
0     0000c0b9  _ldexpl                               
0     0000a32a  _main                                 
0     0000c6d9  _memccpy                              
0     0000c65a  _memcpy                               
0     0000c730  _memset                               
1     00015004  _numRXA                               
1     00015006  _numRXB                               
1     00015008  _numRXC                               
1     0001500a  _numRXD                               
1     00015d28  _numSWIcalls                          
1     00015d26  _numTimer0calls                       
0     0000c0b9  _scalbnl                              
0     0000875e  _serial_printf                        
1     00015840  _serial_printf_bufSCIA                
0     00008345  _serial_sendSCIA                      
0     00008493  _serial_sendSCIB                      
0     000085db  _serial_sendSCIC                      
0     00008727  _serial_sendSCID                      
0     0000a670  _setLEDLetter                         
0     0000c6f7  _strchr                               
0     0000c737  _strcpy                               
0     0000c728  _strlen                               
0     0000831e  _uninit_serialSCIA                    
0     0000846e  _uninit_serialSCIB                    
0     000085b6  _uninit_serialSCIC                    
0     00008700  _uninit_serialSCID                    
0     0000c49b  _vsprintf                             
0     0000c717  _wcslen                               
abs   ffffffff  binit                                 
0     0000b000  cinit                                 
0     00000000  code_start                            
abs   ffffffff  etext                                 
abs   ffffffff  pinit                                 


GLOBAL SYMBOLS: SORTED BY Symbol Address 

page  address   name                                  
----  -------   ----                                  
0     00000000  code_start                            
0     00000123  _F28x_usDelay                         
0     00000127  _SysCtl_delay                         
0     0000822a  _init_serialSCIA                      
0     0000831e  _uninit_serialSCIA                    
0     00008345  _serial_sendSCIA                      
0     0000837c  _init_serialSCIB                      
0     0000846e  _uninit_serialSCIB                    
0     00008493  _serial_sendSCIB                      
0     000084c4  _init_serialSCIC                      
0     000085b6  _uninit_serialSCIC                    
0     000085db  _serial_sendSCIC                      
0     0000860c  _init_serialSCID                      
0     00008700  _uninit_serialSCID                    
0     00008727  _serial_sendSCID                      
0     0000875e  _serial_printf                        
0     00008775  __system_post_cinit                   
0     000092c9  ___TI_printfi                         
0     0000945a  _TIMER1_ISR                           
0     00009464  _TIMER2_ISR                           
0     0000946e  _DATALOG_ISR                          
0     00009478  _RTOS_ISR                             
0     00009482  _EMU_ISR                              
0     0000948c  _NMI_ISR                              
0     00009496  _ILLEGAL_ISR                          
0     000094a0  _USER1_ISR                            
0     000094aa  _USER2_ISR                            
0     000094b4  _USER3_ISR                            
0     000094be  _USER4_ISR                            
0     000094c8  _USER5_ISR                            
0     000094d2  _USER6_ISR                            
0     000094dc  _USER7_ISR                            
0     000094e6  _USER8_ISR                            
0     000094f0  _USER9_ISR                            
0     000094fa  _USER10_ISR                           
0     00009504  _USER11_ISR                           
0     0000950e  _USER12_ISR                           
0     00009518  _ADCA1_ISR                            
0     00009522  _ADCB1_ISR                            
0     0000952c  _ADCC1_ISR                            
0     00009536  _XINT1_ISR                            
0     00009540  _XINT2_ISR                            
0     0000954a  _ADCD1_ISR                            
0     00009554  _TIMER0_ISR                           
0     0000955e  _WAKE_ISR                             
0     00009568  _EPWM1_TZ_ISR                         
0     00009572  _EPWM2_TZ_ISR                         
0     0000957c  _EPWM3_TZ_ISR                         
0     00009586  _EPWM4_TZ_ISR                         
0     00009590  _EPWM5_TZ_ISR                         
0     0000959a  _EPWM6_TZ_ISR                         
0     000095a4  _EPWM7_TZ_ISR                         
0     000095ae  _EPWM8_TZ_ISR                         
0     000095b8  _EPWM1_ISR                            
0     000095c2  _EPWM2_ISR                            
0     000095cc  _EPWM3_ISR                            
0     000095d6  _EPWM4_ISR                            
0     000095e0  _EPWM5_ISR                            
0     000095ea  _EPWM6_ISR                            
0     000095f4  _EPWM7_ISR                            
0     000095fe  _EPWM8_ISR                            
0     00009608  _ECAP1_ISR                            
0     00009612  _ECAP2_ISR                            
0     0000961c  _ECAP3_ISR                            
0     00009626  _ECAP4_ISR                            
0     00009630  _ECAP5_ISR                            
0     0000963a  _ECAP6_ISR                            
0     00009644  _EQEP1_ISR                            
0     0000964e  _EQEP2_ISR                            
0     00009658  _EQEP3_ISR                            
0     00009662  _SPIA_RX_ISR                          
0     0000966c  _SPIA_TX_ISR                          
0     00009676  _SPIB_RX_ISR                          
0     00009680  _SPIB_TX_ISR                          
0     0000968a  _MCBSPA_RX_ISR                        
0     00009694  _MCBSPA_TX_ISR                        
0     0000969e  _MCBSPB_RX_ISR                        
0     000096a8  _MCBSPB_TX_ISR                        
0     000096b2  _DMA_CH1_ISR                          
0     000096bc  _DMA_CH2_ISR                          
0     000096c6  _DMA_CH3_ISR                          
0     000096d0  _DMA_CH4_ISR                          
0     000096da  _DMA_CH5_ISR                          
0     000096e4  _DMA_CH6_ISR                          
0     000096ee  _I2CA_ISR                             
0     000096f8  _I2CA_FIFO_ISR                        
0     00009702  _I2CB_ISR                             
0     0000970c  _I2CB_FIFO_ISR                        
0     00009716  _SCIC_RX_ISR                          
0     00009720  _SCIC_TX_ISR                          
0     0000972a  _SCID_RX_ISR                          
0     00009734  _SCID_TX_ISR                          
0     0000973e  _SCIA_RX_ISR                          
0     00009748  _SCIA_TX_ISR                          
0     00009752  _SCIB_RX_ISR                          
0     0000975c  _SCIB_TX_ISR                          
0     00009766  _CANA0_ISR                            
0     00009770  _CANA1_ISR                            
0     0000977a  _CANB0_ISR                            
0     00009784  _CANB1_ISR                            
0     0000978e  _ADCA_EVT_ISR                         
0     00009798  _ADCA2_ISR                            
0     000097a2  _ADCA3_ISR                            
0     000097ac  _ADCA4_ISR                            
0     000097b6  _ADCB_EVT_ISR                         
0     000097c0  _ADCB2_ISR                            
0     000097ca  _ADCB3_ISR                            
0     000097d4  _ADCB4_ISR                            
0     000097de  _CLA1_1_ISR                           
0     000097e8  _CLA1_2_ISR                           
0     000097f2  _CLA1_3_ISR                           
0     000097fc  _CLA1_4_ISR                           
0     00009806  _CLA1_5_ISR                           
0     00009810  _CLA1_6_ISR                           
0     0000981a  _CLA1_7_ISR                           
0     00009824  _CLA1_8_ISR                           
0     0000982e  _XINT3_ISR                            
0     00009838  _XINT4_ISR                            
0     00009842  _XINT5_ISR                            
0     0000984c  _VCU_ISR                              
0     00009856  _FPU_OVERFLOW_ISR                     
0     00009860  _FPU_UNDERFLOW_ISR                    
0     0000986a  _IPC0_ISR                             
0     00009874  _IPC1_ISR                             
0     0000987e  _IPC2_ISR                             
0     00009888  _IPC3_ISR                             
0     00009892  _EPWM9_TZ_ISR                         
0     0000989c  _EPWM10_TZ_ISR                        
0     000098a6  _EPWM11_TZ_ISR                        
0     000098b0  _EPWM12_TZ_ISR                        
0     000098ba  _EPWM9_ISR                            
0     000098c4  _EPWM10_ISR                           
0     000098ce  _EPWM11_ISR                           
0     000098d8  _EPWM12_ISR                           
0     000098e2  _SD1_ISR                              
0     000098ec  _SD2_ISR                              
0     000098f6  _SPIC_RX_ISR                          
0     00009900  _SPIC_TX_ISR                          
0     0000990a  _UPPA_ISR                             
0     00009914  _USBA_ISR                             
0     0000991e  _ADCC_EVT_ISR                         
0     00009928  _ADCC2_ISR                            
0     00009932  _ADCC3_ISR                            
0     0000993c  _ADCC4_ISR                            
0     00009946  _ADCD_EVT_ISR                         
0     00009950  _ADCD2_ISR                            
0     0000995a  _ADCD3_ISR                            
0     00009964  _ADCD4_ISR                            
0     0000996e  _EMIF_ERROR_ISR                       
0     00009978  _RAM_CORRECTABLE_ERROR_ISR            
0     00009982  _FLASH_CORRECTABLE_ERROR_ISR          
0     0000998c  _RAM_ACCESS_VIOLATION_ISR             
0     00009996  _SYS_PLL_SLIP_ISR                     
0     000099a0  _AUX_PLL_SLIP_ISR                     
0     000099aa  _CLA_OVERFLOW_ISR                     
0     000099b4  _CLA_UNDERFLOW_ISR                    
0     000099be  _PIE_RESERVED_ISR                     
0     000099c8  _EMPTY_ISR                            
0     000099d5  _NOTUSED_ISR                          
0     000099df  _InitSysCtrl                          
0     000099ff  _InitPeripheralClocks                 
0     00009a83  _DisablePeripheralClocks              
0     00009a9b  _SeizeFlashPump                       
0     00009aaa  _ReleaseFlashPump                     
0     00009ab4  _ServiceDog                           
0     00009ac2  _DisableDog                           
0     00009ad0  _InitSysPll                           
0     00009cbf  _InitAuxPll                           
0     00009dae  _CsmUnlock                            
0     00009dcf  _SysIntOsc1Sel                        
0     00009ddf  _SysIntOsc2Sel                        
0     00009df3  _SysXtalOscSel                        
0     00009e03  _AuxIntOsc2Sel                        
0     00009e0d  _AuxXtalOscSel                        
0     00009e19  _AuxAuxClkSel                         
0     00009e23  _IDLE                                 
0     00009e2c  _STANDBY                              
0     00009e37  _HALT                                 
0     00009e50  _HIB                                  
0     00009e6d  _ConfigureTMXAnalogTrim               
0     00009e8a  _TXAINT_data_sent                     
0     00009ef3  _TXBINT_data_sent                     
0     00009f5c  _TXCINT_data_sent                     
0     00009fc5  _TXDINT_data_sent                     
0     0000a02e  _RXAINT_recv_ready                    
0     0000a05c  _RXBINT_recv_ready                    
0     0000a08a  _RXCINT_recv_ready                    
0     0000a0b8  _RXDINT_recv_ready                    
0     0000a0e6  _InitGpio                             
0     0000a126  _GPIO_SetupPinMux                     
0     0000a1b2  _GPIO_SetupPinOptions                 
0     0000a246  _GPIO_SetupLock                       
0     0000a26f  _GPIO_SetupXINT1Gpio                  
0     0000a279  _GPIO_SetupXINT2Gpio                  
0     0000a283  _GPIO_SetupXINT3Gpio                  
0     0000a28d  _GPIO_SetupXINT4Gpio                  
0     0000a297  _GPIO_SetupXINT5Gpio                  
0     0000a2a1  _GPIO_EnableUnbondedIOPullupsFor176Pin
0     0000a2ba  _GPIO_EnableUnbondedIOPullupsFor100Pin
0     0000a2df  _GPIO_EnableUnbondedIOPullups         
0     0000a2f5  _GPIO_ReadPin                         
0     0000a30c  _GPIO_WritePin                        
0     0000a32a  _main                                 
0     0000a569  LL$$DIV                               
0     0000a5a5  LL$$MOD                               
0     0000a5df  ULL$$DIV                              
0     0000a60e  ULL$$MOD                              
0     0000a670  _setLEDLetter                         
0     0000a6f6  _displayLEDletter                     
0     0000a76b  FD$$DIV                               
0     0000a7f6  __register_unlock                     
0     0000a7fa  __register_lock                       
0     0000a7fe  __nop                                 
0     0000b000  ___cinit__                            
0     0000b000  cinit                                 
0     0000c000  _SWI_isr                              
0     0000c01a  _cpu_timer0_isr                       
0     0000c06c  _cpu_timer1_isr                       
0     0000c07e  _cpu_timer2_isr                       
0     0000c0b9  _ldexpl                               
0     0000c0b9  _scalbnl                              
0     0000c167  FD$$ADD                               
0     0000c203  FS$$DIV                               
0     0000c28b  FD$$MPY                               
0     0000c30e  _InitCpuTimers                        
0     0000c34f  _ConfigCpuTimer                       
0     0000c38a  _frexpl                               
0     0000c3e4  _c_int00                              
0     0000c43a  _atoi                                 
0     0000c46b  ___TI_ltoa                            
0     0000c49b  _vsprintf                             
0     0000c4cb  FD$$CMP                               
0     0000c4f5  L$$DIV                                
0     0000c504  L$$MOD                                
0     0000c512  UL$$DIV                               
0     0000c519  UL$$MOD                               
0     0000c51f  C$$EXIT                               
0     0000c51f  _abort                                
0     0000c521  _exit                                 
0     0000c548  _InitPieCtrl                          
0     0000c567  _EnableInterrupts                     
0     0000c570  _InitPieVectTable                     
0     0000c596  _copysignl                            
0     0000c5bb  _copy_in                              
0     0000c5df  FD$$TOI                               
0     0000c600  FD$$TOL                               
0     0000c61f  LL$$CMP                               
0     0000c631  ULL$$CMP                              
0     0000c63d  I$$TOFD                               
0     0000c65a  _memcpy                               
0     0000c677  FS$$TOFD                              
0     0000c693  L$$TOFD                               
0     0000c6af  LL$$AND                               
0     0000c6b7  LL$$OR                                
0     0000c6bf  LL$$XOR                               
0     0000c6c7  __args_main                           
0     0000c6d9  _memccpy                              
0     0000c6e9  FD$$SUB                               
0     0000c6f7  _strchr                               
0     0000c703  U$$DIV                                
0     0000c708  U$$MOD                                
0     0000c70e  FD$$NEG                               
0     0000c717  _wcslen                               
0     0000c728  _strlen                               
0     0000c730  _memset                               
0     0000c737  _strcpy                               
0     0000c73c  __system_pre_init                     
1     00000b00  _AdcaResultRegs                       
1     00000b20  _AdcbResultRegs                       
1     00000b40  _AdccResultRegs                       
1     00000b60  _AdcdResultRegs                       
1     00000c00  _CpuTimer0Regs                        
1     00000c08  _CpuTimer1Regs                        
1     00000c10  _CpuTimer2Regs                        
1     00000ce0  _PieCtrlRegs                          
1     00000d00  _PieVectTable                         
1     00001000  _DmaRegs                              
1     00001400  _Cla1Regs                             
1     00003000  _Clb1LogicCfgRegs                     
1     00003100  _Clb1LogicCtrlRegs                    
1     00003200  _Clb1DataExchRegs                     
1     00003400  _Clb2LogicCfgRegs                     
1     00003500  _Clb2LogicCtrlRegs                    
1     00003600  _Clb2DataExchRegs                     
1     00003800  _Clb3LogicCfgRegs                     
1     00003900  _Clb3LogicCtrlRegs                    
1     00003a00  _Clb3DataExchRegs                     
1     00003c00  _Clb4LogicCfgRegs                     
1     00003d00  _Clb4LogicCtrlRegs                    
1     00003e00  _Clb4DataExchRegs                     
1     00004000  _EPwm1Regs                            
1     00004100  _EPwm2Regs                            
1     00004200  _EPwm3Regs                            
1     00004300  _EPwm4Regs                            
1     00004400  _EPwm5Regs                            
1     00004500  _EPwm6Regs                            
1     00004600  _EPwm7Regs                            
1     00004700  _EPwm8Regs                            
1     00004800  _EPwm9Regs                            
1     00004900  _EPwm10Regs                           
1     00004a00  _EPwm11Regs                           
1     00004b00  _EPwm12Regs                           
1     00005000  _ECap1Regs                            
1     00005020  _ECap2Regs                            
1     00005040  _ECap3Regs                            
1     00005060  _ECap4Regs                            
1     00005080  _ECap5Regs                            
1     000050a0  _ECap6Regs                            
1     00005100  _EQep1Regs                            
1     00005140  _EQep2Regs                            
1     00005180  _EQep3Regs                            
1     00005c00  _DacaRegs                             
1     00005c10  _DacbRegs                             
1     00005c20  _DaccRegs                             
1     00005c80  _Cmpss1Regs                           
1     00005ca0  _Cmpss2Regs                           
1     00005cc0  _Cmpss3Regs                           
1     00005ce0  _Cmpss4Regs                           
1     00005d00  _Cmpss5Regs                           
1     00005d20  _Cmpss6Regs                           
1     00005d40  _Cmpss7Regs                           
1     00005d60  _Cmpss8Regs                           
1     00005e00  _Sdfm1Regs                            
1     00005e80  _Sdfm2Regs                            
1     00006000  _McbspaRegs                           
1     00006040  _McbspbRegs                           
1     00006100  _SpiaRegs                             
1     00006110  _SpibRegs                             
1     00006120  _SpicRegs                             
1     00006200  _UppRegs                              
1     00007000  _WdRegs                               
1     00007060  _NmiIntruptRegs                       
1     00007070  _XintRegs                             
1     00007200  _SciaRegs                             
1     00007210  _ScibRegs                             
1     00007220  _ScicRegs                             
1     00007230  _ScidRegs                             
1     00007300  _I2caRegs                             
1     00007340  _I2cbRegs                             
1     00007400  _AdcaRegs                             
1     00007480  _AdcbRegs                             
1     00007500  _AdccRegs                             
1     00007580  _AdcdRegs                             
1     00007900  _InputXbarRegs                        
1     00007920  _XbarRegs                             
1     00007940  _SyncSocRegs                          
1     00007980  _DmaClaSrcSelRegs                     
1     00007a00  _EPwmXbarRegs                         
1     00007a40  _ClbXbarRegs                          
1     00007a80  _OutputXbarRegs                       
1     00007c00  _GpioCtrlRegs                         
1     00007f00  _GpioDataRegs                         
1     0000a800  _PieVectTableInit                     
1     0000a9c0  __ctypes_                             
1     0000b800  __stack                               
1     0000c000  __STACK_END                           
1     00015000  _RXAdata                              
1     00015001  _RXBdata                              
1     00015002  _RXCdata                              
1     00015003  _RXDdata                              
1     00015004  _numRXA                               
1     00015006  _numRXB                               
1     00015008  _numRXC                               
1     0001500a  _numRXD                               
1     00015040  _SerialB                              
1     00015100  _SerialC                              
1     000151c0  _SerialD                              
1     00015400  _SerialA                              
1     00015806  _CpuTimer0                            
1     0001580e  _CpuTimer1                            
1     00015816  _CpuTimer2                            
1     0001581e  _LED_0                                
1     0001582d  _LED_1                                
1     0001583c  __lock                                
1     0001583e  __unlock                              
1     00015840  _serial_printf_bufSCIA                
1     00015c40  _LED_2                                
1     00015c4f  _LED_3                                
1     00015c5e  _LED_4                                
1     00015c6d  _LED_5                                
1     00015c7c  _errno                                
1     00015c80  _LED_6                                
1     00015c8f  _LED_7                                
1     00015c9e  _LED_8                                
1     00015cad  _LED_9                                
1     00015cc0  _LED_A                                
1     00015ccf  _LED_B                                
1     00015cde  _LED_C                                
1     00015ced  _LED_D                                
1     00015d00  _LED_E                                
1     00015d0f  _LED_F                                
1     00015d1e  _Example_Result                       
1     00015d20  _Example_PassCount                    
1     00015d22  _Example_Fail                         
1     00015d24  _UARTPrint                            
1     00015d25  _LEDdisplaynum                        
1     00015d26  _numTimer0calls                       
1     00015d28  _numSWIcalls                          
1     00015d2a  ___TI_enable_exit_profile_output      
1     00015d2c  ___TI_cleanup_ptr                     
1     00015d2e  ___TI_dtors_ptr                       
1     00047000  _Emif1Regs                            
1     00047800  _Emif2Regs                            
1     00048000  _CanaRegs                             
1     0004a000  _CanbRegs                             
1     00050000  _IpcRegs                              
1     00050024  _FlashPumpSemaphoreRegs               
1     0005d000  _DevCfgRegs                           
1     0005d180  _AnalogSubsysRegs                     
1     0005d200  _ClkCfgRegs                           
1     0005d300  _CpuSysRegs                           
1     0005e608  _RomPrefetchRegs                      
1     0005f000  _DcsmZ1Regs                           
1     0005f040  _DcsmZ2Regs                           
1     0005f070  _DcsmCommonRegs                       
1     0005f400  _MemCfgRegs                           
1     0005f480  _Emif1ConfigRegs                      
1     0005f4a0  _Emif2ConfigRegs                      
1     0005f4c0  _AccessProtectionRegs                 
1     0005f500  _MemoryErrorRegs                      
1     0005f540  _RomWaitStateRegs                     
1     0005f800  _Flash0CtrlRegs                       
1     0005fb00  _Flash0EccRegs                        
abs   00000800  __STACK_SIZE                          
abs   ffffffff  .text                                 
abs   ffffffff  ___TI_pprof_out_hndl                  
abs   ffffffff  ___TI_prof_data_size                  
abs   ffffffff  ___TI_prof_data_start                 
abs   ffffffff  ___binit__                            
abs   ffffffff  ___c_args__                           
abs   ffffffff  ___etext__                            
abs   ffffffff  ___pinit__                            
abs   ffffffff  ___text__                             
abs   ffffffff  binit                                 
abs   ffffffff  etext                                 
abs   ffffffff  pinit                                 

[436 symbols]
