<?xml version="1.0" encoding="ISO-8859-1" ?>
<link_info>
   <banner>TMS320C2000 Linker PC v21.6.0.LTS</banner>
   <copyright>Copyright (c) 1996-2018 Texas Instruments Incorporated</copyright>
   <link_time>0x636e955b</link_time>
   <link_errors>0x0</link_errors>
   <output_file>Lab 6.out</output_file>
   <entry_point>
      <name>_c_int00</name>
      <address>0xcb9d</address>
   </entry_point>
   <input_file_list>
      <input_file id="fl-2">
         <path>.\</path>
         <kind>object</kind>
         <file>F28379dSerial.obj</file>
         <name>F28379dSerial.obj</name>
      </input_file>
      <input_file id="fl-3">
         <path>.\</path>
         <kind>object</kind>
         <file>F2837xD_Adc.obj</file>
         <name>F2837xD_Adc.obj</name>
      </input_file>
      <input_file id="fl-4">
         <path>.\</path>
         <kind>object</kind>
         <file>F2837xD_CodeStartBranch.obj</file>
         <name>F2837xD_CodeStartBranch.obj</name>
      </input_file>
      <input_file id="fl-5">
         <path>.\</path>
         <kind>object</kind>
         <file>F2837xD_CpuTimers.obj</file>
         <name>F2837xD_CpuTimers.obj</name>
      </input_file>
      <input_file id="fl-6">
         <path>.\</path>
         <kind>object</kind>
         <file>F2837xD_DefaultISR.obj</file>
         <name>F2837xD_DefaultISR.obj</name>
      </input_file>
      <input_file id="fl-7">
         <path>.\</path>
         <kind>object</kind>
         <file>F2837xD_EPwm.obj</file>
         <name>F2837xD_EPwm.obj</name>
      </input_file>
      <input_file id="fl-8">
         <path>.\</path>
         <kind>object</kind>
         <file>F2837xD_GlobalVariableDefs.obj</file>
         <name>F2837xD_GlobalVariableDefs.obj</name>
      </input_file>
      <input_file id="fl-9">
         <path>.\</path>
         <kind>object</kind>
         <file>F2837xD_Gpio.obj</file>
         <name>F2837xD_Gpio.obj</name>
      </input_file>
      <input_file id="fl-a">
         <path>.\</path>
         <kind>object</kind>
         <file>F2837xD_PieCtrl.obj</file>
         <name>F2837xD_PieCtrl.obj</name>
      </input_file>
      <input_file id="fl-b">
         <path>.\</path>
         <kind>object</kind>
         <file>F2837xD_PieVect.obj</file>
         <name>F2837xD_PieVect.obj</name>
      </input_file>
      <input_file id="fl-c">
         <path>.\</path>
         <kind>object</kind>
         <file>F2837xD_Spi.obj</file>
         <name>F2837xD_Spi.obj</name>
      </input_file>
      <input_file id="fl-d">
         <path>.\</path>
         <kind>object</kind>
         <file>F2837xD_SysCtrl.obj</file>
         <name>F2837xD_SysCtrl.obj</name>
      </input_file>
      <input_file id="fl-e">
         <path>.\</path>
         <kind>object</kind>
         <file>F2837xD_usDelay.obj</file>
         <name>F2837xD_usDelay.obj</name>
      </input_file>
      <input_file id="fl-f">
         <path>.\</path>
         <kind>object</kind>
         <file>LEDPatterns.obj</file>
         <name>LEDPatterns.obj</name>
      </input_file>
      <input_file id="fl-10">
         <path>.\</path>
         <kind>object</kind>
         <file>Lab6.obj</file>
         <name>Lab6.obj</name>
      </input_file>
      <input_file id="fl-11">
         <path>.\device\</path>
         <kind>object</kind>
         <file>device.obj</file>
         <name>device.obj</name>
      </input_file>
      <input_file id="fl-18">
         <kind>object</kind>
         <file>&lt;internal&gt;</file>
         <name>&lt;internal&gt;</name>
      </input_file>
      <input_file id="fl-1f">
         <path>C:\jcwang4_mrperry4\ME461_Lab_Repo\C2000Ware_4_01_00_00\driverlib\f2837xd\driverlib\ccs\Debug\</path>
         <kind>archive</kind>
         <file>driverlib_coff.lib</file>
         <name>gpio.obj</name>
      </input_file>
      <input_file id="fl-20">
         <path>C:\jcwang4_mrperry4\ME461_Lab_Repo\C2000Ware_4_01_00_00\driverlib\f2837xd\driverlib\ccs\Debug\</path>
         <kind>archive</kind>
         <file>driverlib_coff.lib</file>
         <name>sysctl.obj</name>
      </input_file>
      <input_file id="fl-2c">
         <path>C:\Users\mattp\Documents\ccs\tools\compiler\ti-cgt-c2000_21.6.0.LTS\lib\</path>
         <kind>archive</kind>
         <file>rts2800_fpu32.lib</file>
         <name>vsprintf.c.obj</name>
      </input_file>
      <input_file id="fl-2d">
         <path>C:\Users\mattp\Documents\ccs\tools\compiler\ti-cgt-c2000_21.6.0.LTS\lib\</path>
         <kind>archive</kind>
         <file>rts2800_fpu32.lib</file>
         <name>s_cosf.c.obj</name>
      </input_file>
      <input_file id="fl-2e">
         <path>C:\Users\mattp\Documents\ccs\tools\compiler\ti-cgt-c2000_21.6.0.LTS\lib\</path>
         <kind>archive</kind>
         <file>rts2800_fpu32.lib</file>
         <name>s_sinf.c.obj</name>
      </input_file>
      <input_file id="fl-2f">
         <path>C:\Users\mattp\Documents\ccs\tools\compiler\ti-cgt-c2000_21.6.0.LTS\lib\</path>
         <kind>archive</kind>
         <file>rts2800_fpu32.lib</file>
         <name>boot28.asm.obj</name>
      </input_file>
      <input_file id="fl-30">
         <path>C:\Users\mattp\Documents\ccs\tools\compiler\ti-cgt-c2000_21.6.0.LTS\lib\</path>
         <kind>archive</kind>
         <file>rts2800_fpu32.lib</file>
         <name>fs_div28.asm.obj</name>
      </input_file>
      <input_file id="fl-31">
         <path>C:\Users\mattp\Documents\ccs\tools\compiler\ti-cgt-c2000_21.6.0.LTS\lib\</path>
         <kind>archive</kind>
         <file>rts2800_fpu32.lib</file>
         <name>u_div28.asm.obj</name>
      </input_file>
      <input_file id="fl-32">
         <path>C:\Users\mattp\Documents\ccs\tools\compiler\ti-cgt-c2000_21.6.0.LTS\lib\</path>
         <kind>archive</kind>
         <file>rts2800_fpu32.lib</file>
         <name>l_div28.asm.obj</name>
      </input_file>
      <input_file id="fl-33">
         <path>C:\Users\mattp\Documents\ccs\tools\compiler\ti-cgt-c2000_21.6.0.LTS\lib\</path>
         <kind>archive</kind>
         <file>rts2800_fpu32.lib</file>
         <name>cpy_tbl.c.obj</name>
      </input_file>
      <input_file id="fl-34">
         <path>C:\Users\mattp\Documents\ccs\tools\compiler\ti-cgt-c2000_21.6.0.LTS\lib\</path>
         <kind>archive</kind>
         <file>rts2800_fpu32.lib</file>
         <name>memcpy.c.obj</name>
      </input_file>
      <input_file id="fl-35">
         <path>C:\Users\mattp\Documents\ccs\tools\compiler\ti-cgt-c2000_21.6.0.LTS\lib\</path>
         <kind>archive</kind>
         <file>rts2800_fpu32.lib</file>
         <name>pre_init.c.obj</name>
      </input_file>
      <input_file id="fl-36">
         <path>C:\Users\mattp\Documents\ccs\tools\compiler\ti-cgt-c2000_21.6.0.LTS\lib\</path>
         <kind>archive</kind>
         <file>rts2800_fpu32.lib</file>
         <name>startup.c.obj</name>
      </input_file>
      <input_file id="fl-37">
         <path>C:\Users\mattp\Documents\ccs\tools\compiler\ti-cgt-c2000_21.6.0.LTS\lib\</path>
         <kind>archive</kind>
         <file>rts2800_fpu32.lib</file>
         <name>exit.c.obj</name>
      </input_file>
      <input_file id="fl-38">
         <path>C:\Users\mattp\Documents\ccs\tools\compiler\ti-cgt-c2000_21.6.0.LTS\lib\</path>
         <kind>archive</kind>
         <file>rts2800_fpu32.lib</file>
         <name>_lock.c.obj</name>
      </input_file>
      <input_file id="fl-39">
         <path>C:\Users\mattp\Documents\ccs\tools\compiler\ti-cgt-c2000_21.6.0.LTS\lib\</path>
         <kind>archive</kind>
         <file>rts2800_fpu32.lib</file>
         <name>args_main.c.obj</name>
      </input_file>
      <input_file id="fl-3a">
         <path>C:\Users\mattp\Documents\ccs\tools\compiler\ti-cgt-c2000_21.6.0.LTS\lib\</path>
         <kind>archive</kind>
         <file>rts2800_fpu32.lib</file>
         <name>strlen.c.obj</name>
      </input_file>
      <input_file id="fl-3b">
         <path>C:\Users\mattp\Documents\ccs\tools\compiler\ti-cgt-c2000_21.6.0.LTS\lib\</path>
         <kind>archive</kind>
         <file>rts2800_fpu32.lib</file>
         <name>_printfi.c.obj</name>
      </input_file>
      <input_file id="fl-3c">
         <path>C:\Users\mattp\Documents\ccs\tools\compiler\ti-cgt-c2000_21.6.0.LTS\lib\</path>
         <kind>archive</kind>
         <file>rts2800_fpu32.lib</file>
         <name>s_frexp.c.obj</name>
      </input_file>
      <input_file id="fl-3d">
         <path>C:\Users\mattp\Documents\ccs\tools\compiler\ti-cgt-c2000_21.6.0.LTS\lib\</path>
         <kind>archive</kind>
         <file>rts2800_fpu32.lib</file>
         <name>s_scalbn.c.obj</name>
      </input_file>
      <input_file id="fl-3e">
         <path>C:\Users\mattp\Documents\ccs\tools\compiler\ti-cgt-c2000_21.6.0.LTS\lib\</path>
         <kind>archive</kind>
         <file>rts2800_fpu32.lib</file>
         <name>fd_add28.asm.obj</name>
      </input_file>
      <input_file id="fl-3f">
         <path>C:\Users\mattp\Documents\ccs\tools\compiler\ti-cgt-c2000_21.6.0.LTS\lib\</path>
         <kind>archive</kind>
         <file>rts2800_fpu32.lib</file>
         <name>fd_cmp28.asm.obj</name>
      </input_file>
      <input_file id="fl-40">
         <path>C:\Users\mattp\Documents\ccs\tools\compiler\ti-cgt-c2000_21.6.0.LTS\lib\</path>
         <kind>archive</kind>
         <file>rts2800_fpu32.lib</file>
         <name>fd_mpy28.asm.obj</name>
      </input_file>
      <input_file id="fl-41">
         <path>C:\Users\mattp\Documents\ccs\tools\compiler\ti-cgt-c2000_21.6.0.LTS\lib\</path>
         <kind>archive</kind>
         <file>rts2800_fpu32.lib</file>
         <name>fd_neg28.asm.obj</name>
      </input_file>
      <input_file id="fl-42">
         <path>C:\Users\mattp\Documents\ccs\tools\compiler\ti-cgt-c2000_21.6.0.LTS\lib\</path>
         <kind>archive</kind>
         <file>rts2800_fpu32.lib</file>
         <name>fd_sub28.asm.obj</name>
      </input_file>
      <input_file id="fl-43">
         <path>C:\Users\mattp\Documents\ccs\tools\compiler\ti-cgt-c2000_21.6.0.LTS\lib\</path>
         <kind>archive</kind>
         <file>rts2800_fpu32.lib</file>
         <name>fd_toi28.asm.obj</name>
      </input_file>
      <input_file id="fl-44">
         <path>C:\Users\mattp\Documents\ccs\tools\compiler\ti-cgt-c2000_21.6.0.LTS\lib\</path>
         <kind>archive</kind>
         <file>rts2800_fpu32.lib</file>
         <name>fd_tol28.asm.obj</name>
      </input_file>
      <input_file id="fl-45">
         <path>C:\Users\mattp\Documents\ccs\tools\compiler\ti-cgt-c2000_21.6.0.LTS\lib\</path>
         <kind>archive</kind>
         <file>rts2800_fpu32.lib</file>
         <name>ll_aox28.asm.obj</name>
      </input_file>
      <input_file id="fl-46">
         <path>C:\Users\mattp\Documents\ccs\tools\compiler\ti-cgt-c2000_21.6.0.LTS\lib\</path>
         <kind>archive</kind>
         <file>rts2800_fpu32.lib</file>
         <name>ll_cmp28.asm.obj</name>
      </input_file>
      <input_file id="fl-47">
         <path>C:\Users\mattp\Documents\ccs\tools\compiler\ti-cgt-c2000_21.6.0.LTS\lib\</path>
         <kind>archive</kind>
         <file>rts2800_fpu32.lib</file>
         <name>ll_div28.asm.obj</name>
      </input_file>
      <input_file id="fl-48">
         <path>C:\Users\mattp\Documents\ccs\tools\compiler\ti-cgt-c2000_21.6.0.LTS\lib\</path>
         <kind>archive</kind>
         <file>rts2800_fpu32.lib</file>
         <name>i_tofd28.asm.obj</name>
      </input_file>
      <input_file id="fl-49">
         <path>C:\Users\mattp\Documents\ccs\tools\compiler\ti-cgt-c2000_21.6.0.LTS\lib\</path>
         <kind>archive</kind>
         <file>rts2800_fpu32.lib</file>
         <name>l_tofd28.asm.obj</name>
      </input_file>
      <input_file id="fl-4a">
         <path>C:\Users\mattp\Documents\ccs\tools\compiler\ti-cgt-c2000_21.6.0.LTS\lib\</path>
         <kind>archive</kind>
         <file>rts2800_fpu32.lib</file>
         <name>fs_tofdfpu32.asm.obj</name>
      </input_file>
      <input_file id="fl-4b">
         <path>C:\Users\mattp\Documents\ccs\tools\compiler\ti-cgt-c2000_21.6.0.LTS\lib\</path>
         <kind>archive</kind>
         <file>rts2800_fpu32.lib</file>
         <name>fd_div28.asm.obj</name>
      </input_file>
      <input_file id="fl-4c">
         <path>C:\Users\mattp\Documents\ccs\tools\compiler\ti-cgt-c2000_21.6.0.LTS\lib\</path>
         <kind>archive</kind>
         <file>rts2800_fpu32.lib</file>
         <name>_ltoa.c.obj</name>
      </input_file>
      <input_file id="fl-4d">
         <path>C:\Users\mattp\Documents\ccs\tools\compiler\ti-cgt-c2000_21.6.0.LTS\lib\</path>
         <kind>archive</kind>
         <file>rts2800_fpu32.lib</file>
         <name>atoi.c.obj</name>
      </input_file>
      <input_file id="fl-4e">
         <path>C:\Users\mattp\Documents\ccs\tools\compiler\ti-cgt-c2000_21.6.0.LTS\lib\</path>
         <kind>archive</kind>
         <file>rts2800_fpu32.lib</file>
         <name>ctype.c.obj</name>
      </input_file>
      <input_file id="fl-4f">
         <path>C:\Users\mattp\Documents\ccs\tools\compiler\ti-cgt-c2000_21.6.0.LTS\lib\</path>
         <kind>archive</kind>
         <file>rts2800_fpu32.lib</file>
         <name>memccpy.c.obj</name>
      </input_file>
      <input_file id="fl-50">
         <path>C:\Users\mattp\Documents\ccs\tools\compiler\ti-cgt-c2000_21.6.0.LTS\lib\</path>
         <kind>archive</kind>
         <file>rts2800_fpu32.lib</file>
         <name>memset.c.obj</name>
      </input_file>
      <input_file id="fl-51">
         <path>C:\Users\mattp\Documents\ccs\tools\compiler\ti-cgt-c2000_21.6.0.LTS\lib\</path>
         <kind>archive</kind>
         <file>rts2800_fpu32.lib</file>
         <name>strchr.c.obj</name>
      </input_file>
      <input_file id="fl-52">
         <path>C:\Users\mattp\Documents\ccs\tools\compiler\ti-cgt-c2000_21.6.0.LTS\lib\</path>
         <kind>archive</kind>
         <file>rts2800_fpu32.lib</file>
         <name>strcpy.c.obj</name>
      </input_file>
      <input_file id="fl-53">
         <path>C:\Users\mattp\Documents\ccs\tools\compiler\ti-cgt-c2000_21.6.0.LTS\lib\</path>
         <kind>archive</kind>
         <file>rts2800_fpu32.lib</file>
         <name>errno.c.obj</name>
      </input_file>
      <input_file id="fl-54">
         <path>C:\Users\mattp\Documents\ccs\tools\compiler\ti-cgt-c2000_21.6.0.LTS\lib\</path>
         <kind>archive</kind>
         <file>rts2800_fpu32.lib</file>
         <name>wcslen.c.obj</name>
      </input_file>
      <input_file id="fl-55">
         <path>C:\Users\mattp\Documents\ccs\tools\compiler\ti-cgt-c2000_21.6.0.LTS\lib\</path>
         <kind>archive</kind>
         <file>rts2800_fpu32.lib</file>
         <name>s_copysign.c.obj</name>
      </input_file>
   </input_file_list>
   <object_component_list>
      <object_component id="oc-9f">
         <name>codestart</name>
         <load_address>0x0</load_address>
         <run_address>0x0</run_address>
         <size>0x2</size>
         <input_file_ref idref="fl-4"/>
      </object_component>
      <object_component id="oc-23d">
         <name>.text</name>
         <load_address>0x8000</load_address>
         <run_address>0x8000</run_address>
         <size>0x775</size>
         <input_file_ref idref="fl-2"/>
      </object_component>
      <object_component id="oc-23a">
         <name>.text</name>
         <load_address>0x8775</load_address>
         <run_address>0x8775</run_address>
         <size>0x1</size>
         <input_file_ref idref="fl-36"/>
      </object_component>
      <object_component id="oc-275">
         <name>.text</name>
         <load_address>0x8776</load_address>
         <run_address>0x8776</run_address>
         <size>0x6da</size>
         <input_file_ref idref="fl-3b"/>
      </object_component>
      <object_component id="oc-26f">
         <name>.text:__TI_printfi</name>
         <load_address>0x8e50</load_address>
         <run_address>0x8e50</run_address>
         <size>0x60a</size>
         <input_file_ref idref="fl-3b"/>
      </object_component>
      <object_component id="oc-23f">
         <name>.text</name>
         <load_address>0x945a</load_address>
         <run_address>0x945a</run_address>
         <size>0x5cb</size>
         <input_file_ref idref="fl-10"/>
      </object_component>
      <object_component id="oc-ab">
         <name>.text:retain</name>
         <load_address>0x9a25</load_address>
         <run_address>0x9a25</run_address>
         <size>0x585</size>
         <input_file_ref idref="fl-6"/>
      </object_component>
      <object_component id="oc-269">
         <name>.text</name>
         <load_address>0x9faa</load_address>
         <run_address>0x9faa</run_address>
         <size>0x4ab</size>
         <input_file_ref idref="fl-d"/>
      </object_component>
      <object_component id="oc-148">
         <name>.text:retain</name>
         <load_address>0xa455</load_address>
         <run_address>0xa455</run_address>
         <size>0x37c</size>
         <input_file_ref idref="fl-10"/>
      </object_component>
      <object_component id="oc-1c9">
         <name>.text</name>
         <load_address>0xa7d1</load_address>
         <run_address>0xa7d1</run_address>
         <size>0x2a</size>
         <input_file_ref idref="fl-3f"/>
      </object_component>
      <object_component id="oc-274">
         <name>.text</name>
         <load_address>0xa7fb</load_address>
         <run_address>0xa7fb</run_address>
         <size>0x5</size>
         <input_file_ref idref="fl-52"/>
      </object_component>
      <object_component id="oc-94">
         <name>.text:retain</name>
         <load_address>0xc000</load_address>
         <run_address>0xc000</run_address>
         <size>0x2e5</size>
         <input_file_ref idref="fl-2"/>
      </object_component>
      <object_component id="oc-245">
         <name>.text</name>
         <load_address>0xc2e5</load_address>
         <run_address>0xc2e5</run_address>
         <size>0x244</size>
         <input_file_ref idref="fl-9"/>
      </object_component>
      <object_component id="oc-1f1">
         <name>.text</name>
         <load_address>0xc529</load_address>
         <run_address>0xc529</run_address>
         <size>0x107</size>
         <input_file_ref idref="fl-47"/>
      </object_component>
      <object_component id="oc-23e">
         <name>.text</name>
         <load_address>0xc630</load_address>
         <run_address>0xc630</run_address>
         <size>0xfb</size>
         <input_file_ref idref="fl-f"/>
      </object_component>
      <object_component id="oc-27b">
         <name>.text</name>
         <load_address>0xc72b</load_address>
         <run_address>0xc72b</run_address>
         <size>0xae</size>
         <input_file_ref idref="fl-3d"/>
      </object_component>
      <object_component id="oc-1c4">
         <name>.text</name>
         <load_address>0xc7d9</load_address>
         <run_address>0xc7d9</run_address>
         <size>0x9c</size>
         <input_file_ref idref="fl-3e"/>
      </object_component>
      <object_component id="oc-205">
         <name>.text</name>
         <load_address>0xc875</load_address>
         <run_address>0xc875</run_address>
         <size>0x8b</size>
         <input_file_ref idref="fl-4b"/>
      </object_component>
      <object_component id="oc-178">
         <name>.text</name>
         <load_address>0xc900</load_address>
         <run_address>0xc900</run_address>
         <size>0x88</size>
         <input_file_ref idref="fl-30"/>
      </object_component>
      <object_component id="oc-1ce">
         <name>.text</name>
         <load_address>0xc988</load_address>
         <run_address>0xc988</run_address>
         <size>0x83</size>
         <input_file_ref idref="fl-40"/>
      </object_component>
      <object_component id="oc-26c">
         <name>.text</name>
         <load_address>0xca0b</load_address>
         <run_address>0xca0b</run_address>
         <size>0x7c</size>
         <input_file_ref idref="fl-5"/>
      </object_component>
      <object_component id="oc-240">
         <name>.text</name>
         <load_address>0xca87</load_address>
         <run_address>0xca87</run_address>
         <size>0x63</size>
         <input_file_ref idref="fl-2d"/>
      </object_component>
      <object_component id="oc-27a">
         <name>.text</name>
         <load_address>0xcaea</load_address>
         <run_address>0xcaea</run_address>
         <size>0x5a</size>
         <input_file_ref idref="fl-3c"/>
      </object_component>
      <object_component id="oc-241">
         <name>.text</name>
         <load_address>0xcb44</load_address>
         <run_address>0xcb44</run_address>
         <size>0x59</size>
         <input_file_ref idref="fl-2e"/>
      </object_component>
      <object_component id="oc-90">
         <name>.text</name>
         <load_address>0xcb9d</load_address>
         <run_address>0xcb9d</run_address>
         <size>0x56</size>
         <input_file_ref idref="fl-2f"/>
      </object_component>
      <object_component id="oc-272">
         <name>.text</name>
         <load_address>0xcbf3</load_address>
         <run_address>0xcbf3</run_address>
         <size>0x31</size>
         <input_file_ref idref="fl-4d"/>
      </object_component>
      <object_component id="oc-279">
         <name>.text</name>
         <load_address>0xcc24</load_address>
         <run_address>0xcc24</run_address>
         <size>0x30</size>
         <input_file_ref idref="fl-4c"/>
      </object_component>
      <object_component id="oc-247">
         <name>.text</name>
         <load_address>0xcc54</load_address>
         <run_address>0xcc54</run_address>
         <size>0x30</size>
         <input_file_ref idref="fl-2c"/>
      </object_component>
      <object_component id="oc-182">
         <name>.text</name>
         <load_address>0xcc84</load_address>
         <run_address>0xcc84</run_address>
         <size>0x2a</size>
         <input_file_ref idref="fl-32"/>
      </object_component>
      <object_component id="oc-23c">
         <name>.text</name>
         <load_address>0xccae</load_address>
         <run_address>0xccae</run_address>
         <size>0x29</size>
         <input_file_ref idref="fl-37"/>
      </object_component>
      <object_component id="oc-26a">
         <name>.text</name>
         <load_address>0xccd7</load_address>
         <run_address>0xccd7</run_address>
         <size>0x28</size>
         <input_file_ref idref="fl-a"/>
      </object_component>
      <object_component id="oc-26b">
         <name>.text</name>
         <load_address>0xccff</load_address>
         <run_address>0xccff</run_address>
         <size>0x26</size>
         <input_file_ref idref="fl-b"/>
      </object_component>
      <object_component id="oc-27d">
         <name>.text</name>
         <load_address>0xcd25</load_address>
         <run_address>0xcd25</run_address>
         <size>0x25</size>
         <input_file_ref idref="fl-55"/>
      </object_component>
      <object_component id="oc-239">
         <name>.text</name>
         <load_address>0xcd4a</load_address>
         <run_address>0xcd4a</run_address>
         <size>0x24</size>
         <input_file_ref idref="fl-33"/>
      </object_component>
      <object_component id="oc-1dd">
         <name>.text</name>
         <load_address>0xcd6e</load_address>
         <run_address>0xcd6e</run_address>
         <size>0x21</size>
         <input_file_ref idref="fl-43"/>
      </object_component>
      <object_component id="oc-1e2">
         <name>.text</name>
         <load_address>0xcd8f</load_address>
         <run_address>0xcd8f</run_address>
         <size>0x1f</size>
         <input_file_ref idref="fl-44"/>
      </object_component>
      <object_component id="oc-1ec">
         <name>.text</name>
         <load_address>0xcdae</load_address>
         <run_address>0xcdae</run_address>
         <size>0x1e</size>
         <input_file_ref idref="fl-46"/>
      </object_component>
      <object_component id="oc-1f6">
         <name>.text</name>
         <load_address>0xcdcc</load_address>
         <run_address>0xcdcc</run_address>
         <size>0x1d</size>
         <input_file_ref idref="fl-48"/>
      </object_component>
      <object_component id="oc-242">
         <name>.text</name>
         <load_address>0xcde9</load_address>
         <run_address>0xcde9</run_address>
         <size>0x1d</size>
         <input_file_ref idref="fl-34"/>
      </object_component>
      <object_component id="oc-200">
         <name>.text</name>
         <load_address>0xce06</load_address>
         <run_address>0xce06</run_address>
         <size>0x1c</size>
         <input_file_ref idref="fl-4a"/>
      </object_component>
      <object_component id="oc-1fb">
         <name>.text</name>
         <load_address>0xce22</load_address>
         <run_address>0xce22</run_address>
         <size>0x1c</size>
         <input_file_ref idref="fl-49"/>
      </object_component>
      <object_component id="oc-1e7">
         <name>.text</name>
         <load_address>0xce3e</load_address>
         <run_address>0xce3e</run_address>
         <size>0x18</size>
         <input_file_ref idref="fl-45"/>
      </object_component>
      <object_component id="oc-23b">
         <name>.text</name>
         <load_address>0xce56</load_address>
         <run_address>0xce56</run_address>
         <size>0x12</size>
         <input_file_ref idref="fl-39"/>
      </object_component>
      <object_component id="oc-276">
         <name>.text</name>
         <load_address>0xce68</load_address>
         <run_address>0xce68</run_address>
         <size>0x10</size>
         <input_file_ref idref="fl-4f"/>
      </object_component>
      <object_component id="oc-1d8">
         <name>.text</name>
         <load_address>0xce78</load_address>
         <run_address>0xce78</run_address>
         <size>0xe</size>
         <input_file_ref idref="fl-42"/>
      </object_component>
      <object_component id="oc-27c">
         <name>.text</name>
         <load_address>0xce86</load_address>
         <run_address>0xce86</run_address>
         <size>0xc</size>
         <input_file_ref idref="fl-51"/>
      </object_component>
      <object_component id="oc-17d">
         <name>.text</name>
         <load_address>0xce92</load_address>
         <run_address>0xce92</run_address>
         <size>0xb</size>
         <input_file_ref idref="fl-31"/>
      </object_component>
      <object_component id="oc-26d">
         <name>.text</name>
         <load_address>0xce9d</load_address>
         <run_address>0xce9d</run_address>
         <size>0x9</size>
         <input_file_ref idref="fl-38"/>
      </object_component>
      <object_component id="oc-1d3">
         <name>.text</name>
         <load_address>0xcea6</load_address>
         <run_address>0xcea6</run_address>
         <size>0x9</size>
         <input_file_ref idref="fl-41"/>
      </object_component>
      <object_component id="oc-277">
         <name>.text</name>
         <load_address>0xceaf</load_address>
         <run_address>0xceaf</run_address>
         <size>0x9</size>
         <input_file_ref idref="fl-54"/>
      </object_component>
      <object_component id="oc-9e">
         <name>.text</name>
         <load_address>0xceb8</load_address>
         <run_address>0xceb8</run_address>
         <size>0x8</size>
         <input_file_ref idref="fl-4"/>
      </object_component>
      <object_component id="oc-248">
         <name>.text</name>
         <load_address>0xcec0</load_address>
         <run_address>0xcec0</run_address>
         <size>0x8</size>
         <input_file_ref idref="fl-3a"/>
      </object_component>
      <object_component id="oc-273">
         <name>.text</name>
         <load_address>0xcec8</load_address>
         <run_address>0xcec8</run_address>
         <size>0x7</size>
         <input_file_ref idref="fl-50"/>
      </object_component>
      <object_component id="oc-238">
         <name>.text</name>
         <load_address>0xcecf</load_address>
         <run_address>0xcecf</run_address>
         <size>0x2</size>
         <input_file_ref idref="fl-35"/>
      </object_component>
      <object_component id="oc-146">
         <name>.cinit</name>
         <load_address>0xb000</load_address>
         <run_address>0xb000</run_address>
         <size>0x171</size>
         <input_file_ref idref="fl-10"/>
      </object_component>
      <object_component id="oc-92">
         <name>.cinit</name>
         <load_address>0xb171</load_address>
         <run_address>0xb171</run_address>
         <size>0x24</size>
         <input_file_ref idref="fl-2"/>
      </object_component>
      <object_component id="oc-24a">
         <name>.cinit:_LED_0</name>
         <load_address>0xb195</load_address>
         <run_address>0xb195</run_address>
         <size>0x12</size>
         <input_file_ref idref="fl-f"/>
      </object_component>
      <object_component id="oc-24c">
         <name>.cinit:_LED_1</name>
         <load_address>0xb1a7</load_address>
         <run_address>0xb1a7</run_address>
         <size>0x12</size>
         <input_file_ref idref="fl-f"/>
      </object_component>
      <object_component id="oc-24e">
         <name>.cinit:_LED_2</name>
         <load_address>0xb1b9</load_address>
         <run_address>0xb1b9</run_address>
         <size>0x12</size>
         <input_file_ref idref="fl-f"/>
      </object_component>
      <object_component id="oc-250">
         <name>.cinit:_LED_3</name>
         <load_address>0xb1cb</load_address>
         <run_address>0xb1cb</run_address>
         <size>0x12</size>
         <input_file_ref idref="fl-f"/>
      </object_component>
      <object_component id="oc-252">
         <name>.cinit:_LED_4</name>
         <load_address>0xb1dd</load_address>
         <run_address>0xb1dd</run_address>
         <size>0x12</size>
         <input_file_ref idref="fl-f"/>
      </object_component>
      <object_component id="oc-254">
         <name>.cinit:_LED_5</name>
         <load_address>0xb1ef</load_address>
         <run_address>0xb1ef</run_address>
         <size>0x12</size>
         <input_file_ref idref="fl-f"/>
      </object_component>
      <object_component id="oc-256">
         <name>.cinit:_LED_6</name>
         <load_address>0xb201</load_address>
         <run_address>0xb201</run_address>
         <size>0x12</size>
         <input_file_ref idref="fl-f"/>
      </object_component>
      <object_component id="oc-258">
         <name>.cinit:_LED_7</name>
         <load_address>0xb213</load_address>
         <run_address>0xb213</run_address>
         <size>0x12</size>
         <input_file_ref idref="fl-f"/>
      </object_component>
      <object_component id="oc-25a">
         <name>.cinit:_LED_8</name>
         <load_address>0xb225</load_address>
         <run_address>0xb225</run_address>
         <size>0x12</size>
         <input_file_ref idref="fl-f"/>
      </object_component>
      <object_component id="oc-25c">
         <name>.cinit:_LED_9</name>
         <load_address>0xb237</load_address>
         <run_address>0xb237</run_address>
         <size>0x12</size>
         <input_file_ref idref="fl-f"/>
      </object_component>
      <object_component id="oc-25e">
         <name>.cinit:_LED_A</name>
         <load_address>0xb249</load_address>
         <run_address>0xb249</run_address>
         <size>0x12</size>
         <input_file_ref idref="fl-f"/>
      </object_component>
      <object_component id="oc-260">
         <name>.cinit:_LED_B</name>
         <load_address>0xb25b</load_address>
         <run_address>0xb25b</run_address>
         <size>0x12</size>
         <input_file_ref idref="fl-f"/>
      </object_component>
      <object_component id="oc-262">
         <name>.cinit:_LED_C</name>
         <load_address>0xb26d</load_address>
         <run_address>0xb26d</run_address>
         <size>0x12</size>
         <input_file_ref idref="fl-f"/>
      </object_component>
      <object_component id="oc-264">
         <name>.cinit:_LED_D</name>
         <load_address>0xb27f</load_address>
         <run_address>0xb27f</run_address>
         <size>0x12</size>
         <input_file_ref idref="fl-f"/>
      </object_component>
      <object_component id="oc-266">
         <name>.cinit:_LED_E</name>
         <load_address>0xb291</load_address>
         <run_address>0xb291</run_address>
         <size>0x12</size>
         <input_file_ref idref="fl-f"/>
      </object_component>
      <object_component id="oc-268">
         <name>.cinit:_LED_F</name>
         <load_address>0xb2a3</load_address>
         <run_address>0xb2a3</run_address>
         <size>0x12</size>
         <input_file_ref idref="fl-f"/>
      </object_component>
      <object_component id="oc-14f">
         <name>.cinit</name>
         <load_address>0xb2b5</load_address>
         <run_address>0xb2b5</run_address>
         <size>0xf</size>
         <input_file_ref idref="fl-11"/>
      </object_component>
      <object_component id="oc-19c">
         <name>.cinit</name>
         <load_address>0xb2c4</load_address>
         <run_address>0xb2c4</run_address>
         <size>0xe</size>
         <input_file_ref idref="fl-37"/>
      </object_component>
      <object_component id="oc-244">
         <name>.cinit:__lock</name>
         <load_address>0xb2d2</load_address>
         <run_address>0xb2d2</run_address>
         <size>0x5</size>
         <input_file_ref idref="fl-38"/>
      </object_component>
      <object_component id="oc-26e">
         <name>.cinit:__unlock</name>
         <load_address>0xb2d7</load_address>
         <run_address>0xb2d7</run_address>
         <size>0x5</size>
         <input_file_ref idref="fl-38"/>
      </object_component>
      <object_component id="oc-22b">
         <name>.cinit</name>
         <load_address>0xb2dc</load_address>
         <run_address>0xb2dc</run_address>
         <size>0x4</size>
         <input_file_ref idref="fl-53"/>
      </object_component>
      <object_component id="oc-173">
         <name>.reset</name>
         <load_address>0x3fffc0</load_address>
         <run_address>0x3fffc0</run_address>
         <size>0x2</size>
         <input_file_ref idref="fl-2f"/>
      </object_component>
      <object_component id="oc-172">
         <name>.stack</name>
         <uninitialized>true</uninitialized>
         <run_address>0xb800</run_address>
         <size>0x0</size>
         <input_file_ref idref="fl-2f"/>
      </object_component>
      <object_component id="oc-313">
         <name>.stack</name>
         <uninitialized>true</uninitialized>
         <run_address>0xb800</run_address>
         <size>0x0</size>
      </object_component>
      <object_component id="oc-93">
         <name>.ebss</name>
         <uninitialized>true</uninitialized>
         <run_address>0x15000</run_address>
         <size>0x806</size>
         <input_file_ref idref="fl-2"/>
      </object_component>
      <object_component id="oc-246">
         <name>.ebss:_serial_printf_bufSCIA</name>
         <uninitialized>true</uninitialized>
         <run_address>0x15840</run_address>
         <size>0x400</size>
         <input_file_ref idref="fl-2"/>
      </object_component>
      <object_component id="oc-a5">
         <name>.ebss</name>
         <uninitialized>true</uninitialized>
         <run_address>0x15806</run_address>
         <size>0x18</size>
         <input_file_ref idref="fl-5"/>
      </object_component>
      <object_component id="oc-249">
         <name>.ebss:_LED_0</name>
         <uninitialized>true</uninitialized>
         <run_address>0x1581e</run_address>
         <size>0xf</size>
         <input_file_ref idref="fl-f"/>
      </object_component>
      <object_component id="oc-24b">
         <name>.ebss:_LED_1</name>
         <uninitialized>true</uninitialized>
         <run_address>0x1582d</run_address>
         <size>0xf</size>
         <input_file_ref idref="fl-f"/>
      </object_component>
      <object_component id="oc-24d">
         <name>.ebss:_LED_2</name>
         <uninitialized>true</uninitialized>
         <run_address>0x15cca</run_address>
         <size>0xf</size>
         <input_file_ref idref="fl-f"/>
      </object_component>
      <object_component id="oc-24f">
         <name>.ebss:_LED_3</name>
         <uninitialized>true</uninitialized>
         <run_address>0x15cd9</run_address>
         <size>0xf</size>
         <input_file_ref idref="fl-f"/>
      </object_component>
      <object_component id="oc-251">
         <name>.ebss:_LED_4</name>
         <uninitialized>true</uninitialized>
         <run_address>0x15ce8</run_address>
         <size>0xf</size>
         <input_file_ref idref="fl-f"/>
      </object_component>
      <object_component id="oc-253">
         <name>.ebss:_LED_5</name>
         <uninitialized>true</uninitialized>
         <run_address>0x15d00</run_address>
         <size>0xf</size>
         <input_file_ref idref="fl-f"/>
      </object_component>
      <object_component id="oc-255">
         <name>.ebss:_LED_6</name>
         <uninitialized>true</uninitialized>
         <run_address>0x15d0f</run_address>
         <size>0xf</size>
         <input_file_ref idref="fl-f"/>
      </object_component>
      <object_component id="oc-257">
         <name>.ebss:_LED_7</name>
         <uninitialized>true</uninitialized>
         <run_address>0x15d1e</run_address>
         <size>0xf</size>
         <input_file_ref idref="fl-f"/>
      </object_component>
      <object_component id="oc-259">
         <name>.ebss:_LED_8</name>
         <uninitialized>true</uninitialized>
         <run_address>0x15d2d</run_address>
         <size>0xf</size>
         <input_file_ref idref="fl-f"/>
      </object_component>
      <object_component id="oc-25b">
         <name>.ebss:_LED_9</name>
         <uninitialized>true</uninitialized>
         <run_address>0x15d40</run_address>
         <size>0xf</size>
         <input_file_ref idref="fl-f"/>
      </object_component>
      <object_component id="oc-25d">
         <name>.ebss:_LED_A</name>
         <uninitialized>true</uninitialized>
         <run_address>0x15d4f</run_address>
         <size>0xf</size>
         <input_file_ref idref="fl-f"/>
      </object_component>
      <object_component id="oc-25f">
         <name>.ebss:_LED_B</name>
         <uninitialized>true</uninitialized>
         <run_address>0x15d5e</run_address>
         <size>0xf</size>
         <input_file_ref idref="fl-f"/>
      </object_component>
      <object_component id="oc-261">
         <name>.ebss:_LED_C</name>
         <uninitialized>true</uninitialized>
         <run_address>0x15d6d</run_address>
         <size>0xf</size>
         <input_file_ref idref="fl-f"/>
      </object_component>
      <object_component id="oc-263">
         <name>.ebss:_LED_D</name>
         <uninitialized>true</uninitialized>
         <run_address>0x15d80</run_address>
         <size>0xf</size>
         <input_file_ref idref="fl-f"/>
      </object_component>
      <object_component id="oc-265">
         <name>.ebss:_LED_E</name>
         <uninitialized>true</uninitialized>
         <run_address>0x15d8f</run_address>
         <size>0xf</size>
         <input_file_ref idref="fl-f"/>
      </object_component>
      <object_component id="oc-267">
         <name>.ebss:_LED_F</name>
         <uninitialized>true</uninitialized>
         <run_address>0x15d9e</run_address>
         <size>0xf</size>
         <input_file_ref idref="fl-f"/>
      </object_component>
      <object_component id="oc-147">
         <name>.ebss</name>
         <uninitialized>true</uninitialized>
         <run_address>0x15c40</run_address>
         <size>0x8a</size>
         <input_file_ref idref="fl-10"/>
      </object_component>
      <object_component id="oc-150">
         <name>.ebss</name>
         <uninitialized>true</uninitialized>
         <run_address>0x15cf8</run_address>
         <size>0x6</size>
         <input_file_ref idref="fl-11"/>
      </object_component>
      <object_component id="oc-19d">
         <name>.ebss</name>
         <uninitialized>true</uninitialized>
         <run_address>0x15dae</run_address>
         <size>0x6</size>
         <input_file_ref idref="fl-37"/>
      </object_component>
      <object_component id="oc-243">
         <name>.ebss:__lock</name>
         <uninitialized>true</uninitialized>
         <run_address>0x1583c</run_address>
         <size>0x2</size>
         <input_file_ref idref="fl-38"/>
      </object_component>
      <object_component id="oc-271">
         <name>.ebss:__unlock</name>
         <uninitialized>true</uninitialized>
         <run_address>0x1583e</run_address>
         <size>0x2</size>
         <input_file_ref idref="fl-38"/>
      </object_component>
      <object_component id="oc-22c">
         <name>.ebss</name>
         <uninitialized>true</uninitialized>
         <run_address>0x15cf7</run_address>
         <size>0x1</size>
         <input_file_ref idref="fl-53"/>
      </object_component>
      <object_component id="oc-270">
         <name>.econst:_PieVectTableInit</name>
         <load_address>0xa800</load_address>
         <run_address>0xa800</run_address>
         <size>0x1c0</size>
         <input_file_ref idref="fl-b"/>
      </object_component>
      <object_component id="oc-278">
         <name>.econst:.string:__ctypes_</name>
         <load_address>0xa9c0</load_address>
         <run_address>0xa9c0</run_address>
         <size>0x101</size>
         <input_file_ref idref="fl-4e"/>
      </object_component>
      <object_component id="oc-15e">
         <name>.econst:.string</name>
         <load_address>0xaac2</load_address>
         <run_address>0xaac2</run_address>
         <size>0xc2</size>
         <input_file_ref idref="fl-20"/>
      </object_component>
      <object_component id="oc-157">
         <name>.econst:.string</name>
         <load_address>0xab84</load_address>
         <run_address>0xab84</run_address>
         <size>0xbc</size>
         <input_file_ref idref="fl-1f"/>
      </object_component>
      <object_component id="oc-149">
         <name>.econst:.string</name>
         <load_address>0xac40</load_address>
         <run_address>0xac40</run_address>
         <size>0x3f</size>
         <input_file_ref idref="fl-10"/>
      </object_component>
      <object_component id="oc-1b3">
         <name>.econst:.string</name>
         <load_address>0xac80</load_address>
         <run_address>0xac80</run_address>
         <size>0x26</size>
         <input_file_ref idref="fl-3b"/>
      </object_component>
      <object_component id="oc-1b2">
         <name>.econst</name>
         <load_address>0xaca6</load_address>
         <run_address>0xaca6</run_address>
         <size>0x1c</size>
         <input_file_ref idref="fl-3b"/>
      </object_component>
      <object_component id="oc-1bf">
         <name>.econst</name>
         <load_address>0xacc2</load_address>
         <run_address>0xacc2</run_address>
         <size>0x1c</size>
         <input_file_ref idref="fl-3d"/>
      </object_component>
      <object_component id="oc-151">
         <name>.econst:.string</name>
         <load_address>0xacde</load_address>
         <run_address>0xacde</run_address>
         <size>0x13</size>
         <input_file_ref idref="fl-11"/>
      </object_component>
      <object_component id="oc-1b9">
         <name>.econst</name>
         <load_address>0xacf2</load_address>
         <run_address>0xacf2</run_address>
         <size>0x8</size>
         <input_file_ref idref="fl-3c"/>
      </object_component>
      <object_component id="oc-13b">
         <name>.TI.ramfunc</name>
         <load_address>0x123</load_address>
         <run_address>0x123</run_address>
         <size>0x4</size>
         <input_file_ref idref="fl-e"/>
      </object_component>
      <object_component id="oc-15d">
         <name>.TI.ramfunc</name>
         <load_address>0x127</load_address>
         <run_address>0x127</run_address>
         <size>0x4</size>
         <input_file_ref idref="fl-20"/>
      </object_component>
      <object_component id="oc-120">
         <name>PieVectTableFile</name>
         <uninitialized>true</uninitialized>
         <run_address>0xd00</run_address>
         <size>0x1c0</size>
         <input_file_ref idref="fl-8"/>
      </object_component>
      <object_component id="oc-f0">
         <name>AccessProtectionRegsFile</name>
         <uninitialized>true</uninitialized>
         <run_address>0x5f4c0</run_address>
         <size>0x2e</size>
         <input_file_ref idref="fl-8"/>
      </object_component>
      <object_component id="oc-105">
         <name>AdcaRegsFile</name>
         <uninitialized>true</uninitialized>
         <run_address>0x7400</run_address>
         <size>0x7c</size>
         <input_file_ref idref="fl-8"/>
      </object_component>
      <object_component id="oc-106">
         <name>AdcbRegsFile</name>
         <uninitialized>true</uninitialized>
         <run_address>0x7480</run_address>
         <size>0x7c</size>
         <input_file_ref idref="fl-8"/>
      </object_component>
      <object_component id="oc-107">
         <name>AdccRegsFile</name>
         <uninitialized>true</uninitialized>
         <run_address>0x7500</run_address>
         <size>0x7c</size>
         <input_file_ref idref="fl-8"/>
      </object_component>
      <object_component id="oc-108">
         <name>AdcdRegsFile</name>
         <uninitialized>true</uninitialized>
         <run_address>0x7580</run_address>
         <size>0x7c</size>
         <input_file_ref idref="fl-8"/>
      </object_component>
      <object_component id="oc-cd">
         <name>AdcaResultRegsFile</name>
         <uninitialized>true</uninitialized>
         <run_address>0xb00</run_address>
         <size>0x18</size>
         <input_file_ref idref="fl-8"/>
      </object_component>
      <object_component id="oc-ce">
         <name>AdcbResultRegsFile</name>
         <uninitialized>true</uninitialized>
         <run_address>0xb20</run_address>
         <size>0x18</size>
         <input_file_ref idref="fl-8"/>
      </object_component>
      <object_component id="oc-cf">
         <name>AdccResultRegsFile</name>
         <uninitialized>true</uninitialized>
         <run_address>0xb40</run_address>
         <size>0x18</size>
         <input_file_ref idref="fl-8"/>
      </object_component>
      <object_component id="oc-d0">
         <name>AdcdResultRegsFile</name>
         <uninitialized>true</uninitialized>
         <run_address>0xb60</run_address>
         <size>0x18</size>
         <input_file_ref idref="fl-8"/>
      </object_component>
      <object_component id="oc-f4">
         <name>AnalogSubsysRegsFile</name>
         <uninitialized>true</uninitialized>
         <run_address>0x5d180</run_address>
         <size>0x3e</size>
         <input_file_ref idref="fl-8"/>
      </object_component>
      <object_component id="oc-11c">
         <name>CanaRegsFile</name>
         <uninitialized>true</uninitialized>
         <run_address>0x48000</run_address>
         <size>0x164</size>
         <input_file_ref idref="fl-8"/>
      </object_component>
      <object_component id="oc-11d">
         <name>CanbRegsFile</name>
         <uninitialized>true</uninitialized>
         <run_address>0x4a000</run_address>
         <size>0x164</size>
         <input_file_ref idref="fl-8"/>
      </object_component>
      <object_component id="oc-f5">
         <name>Cla1RegsFile</name>
         <uninitialized>true</uninitialized>
         <run_address>0x1400</run_address>
         <size>0x3e</size>
         <input_file_ref idref="fl-8"/>
      </object_component>
      <object_component id="oc-117">
         <name>Clb1DataExchRegsFile</name>
         <uninitialized>true</uninitialized>
         <run_address>0x3200</run_address>
         <size>0x108</size>
         <input_file_ref idref="fl-8"/>
      </object_component>
      <object_component id="oc-118">
         <name>Clb2DataExchRegsFile</name>
         <uninitialized>true</uninitialized>
         <run_address>0x3600</run_address>
         <size>0x108</size>
         <input_file_ref idref="fl-8"/>
      </object_component>
      <object_component id="oc-119">
         <name>Clb3DataExchRegsFile</name>
         <uninitialized>true</uninitialized>
         <run_address>0x3a00</run_address>
         <size>0x108</size>
         <input_file_ref idref="fl-8"/>
      </object_component>
      <object_component id="oc-11a">
         <name>Clb4DataExchRegsFile</name>
         <uninitialized>true</uninitialized>
         <run_address>0x3e00</run_address>
         <size>0x108</size>
         <input_file_ref idref="fl-8"/>
      </object_component>
      <object_component id="oc-f6">
         <name>Clb1LogicCfgRegsFile</name>
         <uninitialized>true</uninitialized>
         <run_address>0x3000</run_address>
         <size>0x3e</size>
         <input_file_ref idref="fl-8"/>
      </object_component>
      <object_component id="oc-f7">
         <name>Clb2LogicCfgRegsFile</name>
         <uninitialized>true</uninitialized>
         <run_address>0x3400</run_address>
         <size>0x3e</size>
         <input_file_ref idref="fl-8"/>
      </object_component>
      <object_component id="oc-f8">
         <name>Clb3LogicCfgRegsFile</name>
         <uninitialized>true</uninitialized>
         <run_address>0x3800</run_address>
         <size>0x3e</size>
         <input_file_ref idref="fl-8"/>
      </object_component>
      <object_component id="oc-f9">
         <name>Clb4LogicCfgRegsFile</name>
         <uninitialized>true</uninitialized>
         <run_address>0x3c00</run_address>
         <size>0x3e</size>
         <input_file_ref idref="fl-8"/>
      </object_component>
      <object_component id="oc-fa">
         <name>Clb1LogicCtrlRegsFile</name>
         <uninitialized>true</uninitialized>
         <run_address>0x3100</run_address>
         <size>0x40</size>
         <input_file_ref idref="fl-8"/>
      </object_component>
      <object_component id="oc-fb">
         <name>Clb2LogicCtrlRegsFile</name>
         <uninitialized>true</uninitialized>
         <run_address>0x3500</run_address>
         <size>0x40</size>
         <input_file_ref idref="fl-8"/>
      </object_component>
      <object_component id="oc-fc">
         <name>Clb3LogicCtrlRegsFile</name>
         <uninitialized>true</uninitialized>
         <run_address>0x3900</run_address>
         <size>0x40</size>
         <input_file_ref idref="fl-8"/>
      </object_component>
      <object_component id="oc-fd">
         <name>Clb4LogicCtrlRegsFile</name>
         <uninitialized>true</uninitialized>
         <run_address>0x3d00</run_address>
         <size>0x40</size>
         <input_file_ref idref="fl-8"/>
      </object_component>
      <object_component id="oc-fe">
         <name>ClbXbarRegsFile</name>
         <uninitialized>true</uninitialized>
         <run_address>0x7a40</run_address>
         <size>0x40</size>
         <input_file_ref idref="fl-8"/>
      </object_component>
      <object_component id="oc-f2">
         <name>ClkCfgRegsFile</name>
         <uninitialized>true</uninitialized>
         <run_address>0x5d200</run_address>
         <size>0x32</size>
         <input_file_ref idref="fl-8"/>
      </object_component>
      <object_component id="oc-d9">
         <name>Cmpss1RegsFile</name>
         <uninitialized>true</uninitialized>
         <run_address>0x5c80</run_address>
         <size>0x1b</size>
         <input_file_ref idref="fl-8"/>
      </object_component>
      <object_component id="oc-da">
         <name>Cmpss2RegsFile</name>
         <uninitialized>true</uninitialized>
         <run_address>0x5ca0</run_address>
         <size>0x1b</size>
         <input_file_ref idref="fl-8"/>
      </object_component>
      <object_component id="oc-db">
         <name>Cmpss3RegsFile</name>
         <uninitialized>true</uninitialized>
         <run_address>0x5cc0</run_address>
         <size>0x1b</size>
         <input_file_ref idref="fl-8"/>
      </object_component>
      <object_component id="oc-dc">
         <name>Cmpss4RegsFile</name>
         <uninitialized>true</uninitialized>
         <run_address>0x5ce0</run_address>
         <size>0x1b</size>
         <input_file_ref idref="fl-8"/>
      </object_component>
      <object_component id="oc-dd">
         <name>Cmpss5RegsFile</name>
         <uninitialized>true</uninitialized>
         <run_address>0x5d00</run_address>
         <size>0x1b</size>
         <input_file_ref idref="fl-8"/>
      </object_component>
      <object_component id="oc-de">
         <name>Cmpss6RegsFile</name>
         <uninitialized>true</uninitialized>
         <run_address>0x5d20</run_address>
         <size>0x1b</size>
         <input_file_ref idref="fl-8"/>
      </object_component>
      <object_component id="oc-df">
         <name>Cmpss7RegsFile</name>
         <uninitialized>true</uninitialized>
         <run_address>0x5d40</run_address>
         <size>0x1b</size>
         <input_file_ref idref="fl-8"/>
      </object_component>
      <object_component id="oc-e0">
         <name>Cmpss8RegsFile</name>
         <uninitialized>true</uninitialized>
         <run_address>0x5d60</run_address>
         <size>0x1b</size>
         <input_file_ref idref="fl-8"/>
      </object_component>
      <object_component id="oc-bf">
         <name>CpuTimer0RegsFile</name>
         <uninitialized>true</uninitialized>
         <run_address>0xc00</run_address>
         <size>0x8</size>
         <input_file_ref idref="fl-8"/>
      </object_component>
      <object_component id="oc-c0">
         <name>CpuTimer1RegsFile</name>
         <uninitialized>true</uninitialized>
         <run_address>0xc08</run_address>
         <size>0x8</size>
         <input_file_ref idref="fl-8"/>
      </object_component>
      <object_component id="oc-c1">
         <name>CpuTimer2RegsFile</name>
         <uninitialized>true</uninitialized>
         <run_address>0xc10</run_address>
         <size>0x8</size>
         <input_file_ref idref="fl-8"/>
      </object_component>
      <object_component id="oc-109">
         <name>CpuSysRegsFile</name>
         <uninitialized>true</uninitialized>
         <run_address>0x5d300</run_address>
         <size>0x82</size>
         <input_file_ref idref="fl-8"/>
      </object_component>
      <object_component id="oc-bb">
         <name>DacaRegsFile</name>
         <uninitialized>true</uninitialized>
         <run_address>0x5c00</run_address>
         <size>0x7</size>
         <input_file_ref idref="fl-8"/>
      </object_component>
      <object_component id="oc-bc">
         <name>DacbRegsFile</name>
         <uninitialized>true</uninitialized>
         <run_address>0x5c10</run_address>
         <size>0x7</size>
         <input_file_ref idref="fl-8"/>
      </object_component>
      <object_component id="oc-bd">
         <name>DaccRegsFile</name>
         <uninitialized>true</uninitialized>
         <run_address>0x5c20</run_address>
         <size>0x7</size>
         <input_file_ref idref="fl-8"/>
      </object_component>
      <object_component id="oc-b9">
         <name>DcsmCommonRegsFile</name>
         <uninitialized>true</uninitialized>
         <run_address>0x5f070</run_address>
         <size>0x6</size>
         <input_file_ref idref="fl-8"/>
      </object_component>
      <object_component id="oc-e2">
         <name>DcsmZ1RegsFile</name>
         <uninitialized>true</uninitialized>
         <run_address>0x5f000</run_address>
         <size>0x22</size>
         <input_file_ref idref="fl-8"/>
      </object_component>
      <object_component id="oc-e3">
         <name>DcsmZ2RegsFile</name>
         <uninitialized>true</uninitialized>
         <run_address>0x5f040</run_address>
         <size>0x22</size>
         <input_file_ref idref="fl-8"/>
      </object_component>
      <object_component id="oc-11b">
         <name>DevCfgRegsFile</name>
         <uninitialized>true</uninitialized>
         <run_address>0x5d000</run_address>
         <size>0x12e</size>
         <input_file_ref idref="fl-8"/>
      </object_component>
      <object_component id="oc-d1">
         <name>DmaClaSrcSelRegsFile</name>
         <uninitialized>true</uninitialized>
         <run_address>0x7980</run_address>
         <size>0x1a</size>
         <input_file_ref idref="fl-8"/>
      </object_component>
      <object_component id="oc-10a">
         <name>DmaRegsFile</name>
         <uninitialized>true</uninitialized>
         <run_address>0x1000</run_address>
         <size>0xe0</size>
         <input_file_ref idref="fl-8"/>
      </object_component>
      <object_component id="oc-d2">
         <name>ECap1RegsFile</name>
         <uninitialized>true</uninitialized>
         <run_address>0x5000</run_address>
         <size>0x1a</size>
         <input_file_ref idref="fl-8"/>
      </object_component>
      <object_component id="oc-d3">
         <name>ECap2RegsFile</name>
         <uninitialized>true</uninitialized>
         <run_address>0x5020</run_address>
         <size>0x1a</size>
         <input_file_ref idref="fl-8"/>
      </object_component>
      <object_component id="oc-d4">
         <name>ECap3RegsFile</name>
         <uninitialized>true</uninitialized>
         <run_address>0x5040</run_address>
         <size>0x1a</size>
         <input_file_ref idref="fl-8"/>
      </object_component>
      <object_component id="oc-d5">
         <name>ECap4RegsFile</name>
         <uninitialized>true</uninitialized>
         <run_address>0x5060</run_address>
         <size>0x1a</size>
         <input_file_ref idref="fl-8"/>
      </object_component>
      <object_component id="oc-d6">
         <name>ECap5RegsFile</name>
         <uninitialized>true</uninitialized>
         <run_address>0x5080</run_address>
         <size>0x1a</size>
         <input_file_ref idref="fl-8"/>
      </object_component>
      <object_component id="oc-d7">
         <name>ECap6RegsFile</name>
         <uninitialized>true</uninitialized>
         <run_address>0x50a0</run_address>
         <size>0x1a</size>
         <input_file_ref idref="fl-8"/>
      </object_component>
      <object_component id="oc-c2">
         <name>Emif1ConfigRegsFile</name>
         <uninitialized>true</uninitialized>
         <run_address>0x5f480</run_address>
         <size>0xa</size>
         <input_file_ref idref="fl-8"/>
      </object_component>
      <object_component id="oc-c3">
         <name>Emif2ConfigRegsFile</name>
         <uninitialized>true</uninitialized>
         <run_address>0x5f4a0</run_address>
         <size>0xa</size>
         <input_file_ref idref="fl-8"/>
      </object_component>
      <object_component id="oc-ec">
         <name>Emif1RegsFile</name>
         <uninitialized>true</uninitialized>
         <run_address>0x47000</run_address>
         <size>0x28</size>
         <input_file_ref idref="fl-8"/>
      </object_component>
      <object_component id="oc-ed">
         <name>Emif2RegsFile</name>
         <uninitialized>true</uninitialized>
         <run_address>0x47800</run_address>
         <size>0x28</size>
         <input_file_ref idref="fl-8"/>
      </object_component>
      <object_component id="oc-10b">
         <name>EPwm1RegsFile</name>
         <uninitialized>true</uninitialized>
         <run_address>0x4000</run_address>
         <size>0x100</size>
         <input_file_ref idref="fl-8"/>
      </object_component>
      <object_component id="oc-10c">
         <name>EPwm2RegsFile</name>
         <uninitialized>true</uninitialized>
         <run_address>0x4100</run_address>
         <size>0x100</size>
         <input_file_ref idref="fl-8"/>
      </object_component>
      <object_component id="oc-10d">
         <name>EPwm3RegsFile</name>
         <uninitialized>true</uninitialized>
         <run_address>0x4200</run_address>
         <size>0x100</size>
         <input_file_ref idref="fl-8"/>
      </object_component>
      <object_component id="oc-10e">
         <name>EPwm4RegsFile</name>
         <uninitialized>true</uninitialized>
         <run_address>0x4300</run_address>
         <size>0x100</size>
         <input_file_ref idref="fl-8"/>
      </object_component>
      <object_component id="oc-10f">
         <name>EPwm5RegsFile</name>
         <uninitialized>true</uninitialized>
         <run_address>0x4400</run_address>
         <size>0x100</size>
         <input_file_ref idref="fl-8"/>
      </object_component>
      <object_component id="oc-110">
         <name>EPwm6RegsFile</name>
         <uninitialized>true</uninitialized>
         <run_address>0x4500</run_address>
         <size>0x100</size>
         <input_file_ref idref="fl-8"/>
      </object_component>
      <object_component id="oc-111">
         <name>EPwm7RegsFile</name>
         <uninitialized>true</uninitialized>
         <run_address>0x4600</run_address>
         <size>0x100</size>
         <input_file_ref idref="fl-8"/>
      </object_component>
      <object_component id="oc-112">
         <name>EPwm8RegsFile</name>
         <uninitialized>true</uninitialized>
         <run_address>0x4700</run_address>
         <size>0x100</size>
         <input_file_ref idref="fl-8"/>
      </object_component>
      <object_component id="oc-113">
         <name>EPwm9RegsFile</name>
         <uninitialized>true</uninitialized>
         <run_address>0x4800</run_address>
         <size>0x100</size>
         <input_file_ref idref="fl-8"/>
      </object_component>
      <object_component id="oc-114">
         <name>EPwm10RegsFile</name>
         <uninitialized>true</uninitialized>
         <run_address>0x4900</run_address>
         <size>0x100</size>
         <input_file_ref idref="fl-8"/>
      </object_component>
      <object_component id="oc-115">
         <name>EPwm11RegsFile</name>
         <uninitialized>true</uninitialized>
         <run_address>0x4a00</run_address>
         <size>0x100</size>
         <input_file_ref idref="fl-8"/>
      </object_component>
      <object_component id="oc-116">
         <name>EPwm12RegsFile</name>
         <uninitialized>true</uninitialized>
         <run_address>0x4b00</run_address>
         <size>0x100</size>
         <input_file_ref idref="fl-8"/>
      </object_component>
      <object_component id="oc-ff">
         <name>EPwmXbarRegsFile</name>
         <uninitialized>true</uninitialized>
         <run_address>0x7a00</run_address>
         <size>0x40</size>
         <input_file_ref idref="fl-8"/>
      </object_component>
      <object_component id="oc-e4">
         <name>EQep1RegsFile</name>
         <uninitialized>true</uninitialized>
         <run_address>0x5100</run_address>
         <size>0x22</size>
         <input_file_ref idref="fl-8"/>
      </object_component>
      <object_component id="oc-e5">
         <name>EQep2RegsFile</name>
         <uninitialized>true</uninitialized>
         <run_address>0x5140</run_address>
         <size>0x22</size>
         <input_file_ref idref="fl-8"/>
      </object_component>
      <object_component id="oc-e6">
         <name>EQep3RegsFile</name>
         <uninitialized>true</uninitialized>
         <run_address>0x5180</run_address>
         <size>0x22</size>
         <input_file_ref idref="fl-8"/>
      </object_component>
      <object_component id="oc-11f">
         <name>Flash0CtrlRegsFile</name>
         <uninitialized>true</uninitialized>
         <run_address>0x5f800</run_address>
         <size>0x182</size>
         <input_file_ref idref="fl-8"/>
      </object_component>
      <object_component id="oc-ee">
         <name>Flash0EccRegsFile</name>
         <uninitialized>true</uninitialized>
         <run_address>0x5fb00</run_address>
         <size>0x28</size>
         <input_file_ref idref="fl-8"/>
      </object_component>
      <object_component id="oc-b6">
         <name>FlashPumpSemaphoreRegsFile</name>
         <uninitialized>true</uninitialized>
         <run_address>0x50024</run_address>
         <size>0x2</size>
         <input_file_ref idref="fl-8"/>
      </object_component>
      <object_component id="oc-11e">
         <name>GpioCtrlRegsFile</name>
         <uninitialized>true</uninitialized>
         <run_address>0x7c00</run_address>
         <size>0x180</size>
         <input_file_ref idref="fl-8"/>
      </object_component>
      <object_component id="oc-f1">
         <name>GpioDataRegsFile</name>
         <uninitialized>true</uninitialized>
         <run_address>0x7f00</run_address>
         <size>0x30</size>
         <input_file_ref idref="fl-8"/>
      </object_component>
      <object_component id="oc-e7">
         <name>I2caRegsFile</name>
         <uninitialized>true</uninitialized>
         <run_address>0x7300</run_address>
         <size>0x22</size>
         <input_file_ref idref="fl-8"/>
      </object_component>
      <object_component id="oc-e8">
         <name>I2cbRegsFile</name>
         <uninitialized>true</uninitialized>
         <run_address>0x7340</run_address>
         <size>0x22</size>
         <input_file_ref idref="fl-8"/>
      </object_component>
      <object_component id="oc-e1">
         <name>InputXbarRegsFile</name>
         <uninitialized>true</uninitialized>
         <run_address>0x7900</run_address>
         <size>0x20</size>
         <input_file_ref idref="fl-8"/>
      </object_component>
      <object_component id="oc-e9">
         <name>IpcRegsFile</name>
         <uninitialized>true</uninitialized>
         <run_address>0x50000</run_address>
         <size>0x24</size>
         <input_file_ref idref="fl-8"/>
      </object_component>
      <object_component id="oc-f3">
         <name>MemoryErrorRegsFile</name>
         <uninitialized>true</uninitialized>
         <run_address>0x5f500</run_address>
         <size>0x3a</size>
         <input_file_ref idref="fl-8"/>
      </object_component>
      <object_component id="oc-104">
         <name>MemCfgRegsFile</name>
         <uninitialized>true</uninitialized>
         <run_address>0x5f400</run_address>
         <size>0x76</size>
         <input_file_ref idref="fl-8"/>
      </object_component>
      <object_component id="oc-ea">
         <name>McbspaRegsFile</name>
         <uninitialized>true</uninitialized>
         <run_address>0x6000</run_address>
         <size>0x24</size>
         <input_file_ref idref="fl-8"/>
      </object_component>
      <object_component id="oc-eb">
         <name>McbspbRegsFile</name>
         <uninitialized>true</uninitialized>
         <run_address>0x6040</run_address>
         <size>0x24</size>
         <input_file_ref idref="fl-8"/>
      </object_component>
      <object_component id="oc-be">
         <name>NmiIntruptRegsFile</name>
         <uninitialized>true</uninitialized>
         <run_address>0x7060</run_address>
         <size>0x7</size>
         <input_file_ref idref="fl-8"/>
      </object_component>
      <object_component id="oc-100">
         <name>OutputXbarRegsFile</name>
         <uninitialized>true</uninitialized>
         <run_address>0x7a80</run_address>
         <size>0x40</size>
         <input_file_ref idref="fl-8"/>
      </object_component>
      <object_component id="oc-d8">
         <name>PieCtrlRegsFile</name>
         <uninitialized>true</uninitialized>
         <run_address>0xce0</run_address>
         <size>0x1a</size>
         <input_file_ref idref="fl-8"/>
      </object_component>
      <object_component id="oc-b7">
         <name>RomPrefetchRegsFile</name>
         <uninitialized>true</uninitialized>
         <run_address>0x5e608</run_address>
         <size>0x2</size>
         <input_file_ref idref="fl-8"/>
      </object_component>
      <object_component id="oc-b8">
         <name>RomWaitStateRegsFile</name>
         <uninitialized>true</uninitialized>
         <run_address>0x5f540</run_address>
         <size>0x2</size>
         <input_file_ref idref="fl-8"/>
      </object_component>
      <object_component id="oc-c6">
         <name>SciaRegsFile</name>
         <uninitialized>true</uninitialized>
         <run_address>0x7200</run_address>
         <size>0x10</size>
         <input_file_ref idref="fl-8"/>
      </object_component>
      <object_component id="oc-c7">
         <name>ScibRegsFile</name>
         <uninitialized>true</uninitialized>
         <run_address>0x7210</run_address>
         <size>0x10</size>
         <input_file_ref idref="fl-8"/>
      </object_component>
      <object_component id="oc-c8">
         <name>ScicRegsFile</name>
         <uninitialized>true</uninitialized>
         <run_address>0x7220</run_address>
         <size>0x10</size>
         <input_file_ref idref="fl-8"/>
      </object_component>
      <object_component id="oc-c9">
         <name>ScidRegsFile</name>
         <uninitialized>true</uninitialized>
         <run_address>0x7230</run_address>
         <size>0x10</size>
         <input_file_ref idref="fl-8"/>
      </object_component>
      <object_component id="oc-101">
         <name>Sdfm1RegsFile</name>
         <uninitialized>true</uninitialized>
         <run_address>0x5e00</run_address>
         <size>0x48</size>
         <input_file_ref idref="fl-8"/>
      </object_component>
      <object_component id="oc-102">
         <name>Sdfm2RegsFile</name>
         <uninitialized>true</uninitialized>
         <run_address>0x5e80</run_address>
         <size>0x48</size>
         <input_file_ref idref="fl-8"/>
      </object_component>
      <object_component id="oc-ca">
         <name>SpiaRegsFile</name>
         <uninitialized>true</uninitialized>
         <run_address>0x6100</run_address>
         <size>0x10</size>
         <input_file_ref idref="fl-8"/>
      </object_component>
      <object_component id="oc-cb">
         <name>SpibRegsFile</name>
         <uninitialized>true</uninitialized>
         <run_address>0x6110</run_address>
         <size>0x10</size>
         <input_file_ref idref="fl-8"/>
      </object_component>
      <object_component id="oc-cc">
         <name>SpicRegsFile</name>
         <uninitialized>true</uninitialized>
         <run_address>0x6120</run_address>
         <size>0x10</size>
         <input_file_ref idref="fl-8"/>
      </object_component>
      <object_component id="oc-ba">
         <name>SyncSocRegsFile</name>
         <uninitialized>true</uninitialized>
         <run_address>0x7940</run_address>
         <size>0x6</size>
         <input_file_ref idref="fl-8"/>
      </object_component>
      <object_component id="oc-103">
         <name>UppRegsFile</name>
         <uninitialized>true</uninitialized>
         <run_address>0x6200</run_address>
         <size>0x48</size>
         <input_file_ref idref="fl-8"/>
      </object_component>
      <object_component id="oc-ef">
         <name>WdRegsFile</name>
         <uninitialized>true</uninitialized>
         <run_address>0x7000</run_address>
         <size>0x2b</size>
         <input_file_ref idref="fl-8"/>
      </object_component>
      <object_component id="oc-c5">
         <name>XbarRegsFile</name>
         <uninitialized>true</uninitialized>
         <run_address>0x7920</run_address>
         <size>0xe</size>
         <input_file_ref idref="fl-8"/>
      </object_component>
      <object_component id="oc-c4">
         <name>XintRegsFile</name>
         <uninitialized>true</uninitialized>
         <run_address>0x7070</run_address>
         <size>0xb</size>
         <input_file_ref idref="fl-8"/>
      </object_component>
      <object_component id="oc-91">
         <name>.debug_info</name>
         <load_address>0x0</load_address>
         <run_address>0x0</run_address>
         <size>0x7aa1</size>
         <input_file_ref idref="fl-2"/>
      </object_component>
      <object_component id="oc-99">
         <name>.debug_info</name>
         <load_address>0x7aa1</load_address>
         <run_address>0x7aa1</run_address>
         <size>0x46a0</size>
         <input_file_ref idref="fl-3"/>
      </object_component>
      <object_component id="oc-a1">
         <name>.debug_info</name>
         <load_address>0xc141</load_address>
         <run_address>0xc141</run_address>
         <size>0x12b</size>
         <input_file_ref idref="fl-4"/>
      </object_component>
      <object_component id="oc-a4">
         <name>.debug_info</name>
         <load_address>0xc26c</load_address>
         <run_address>0xc26c</run_address>
         <size>0x980</size>
         <input_file_ref idref="fl-5"/>
      </object_component>
      <object_component id="oc-aa">
         <name>.debug_info</name>
         <load_address>0xcbec</load_address>
         <run_address>0xcbec</run_address>
         <size>0x34dd</size>
         <input_file_ref idref="fl-6"/>
      </object_component>
      <object_component id="oc-b0">
         <name>.debug_info</name>
         <load_address>0x100c9</load_address>
         <run_address>0x100c9</run_address>
         <size>0xf3d3</size>
         <input_file_ref idref="fl-7"/>
      </object_component>
      <object_component id="oc-b5">
         <name>.debug_info</name>
         <load_address>0x1f49c</load_address>
         <run_address>0x1f49c</run_address>
         <size>0x572eb</size>
         <input_file_ref idref="fl-8"/>
      </object_component>
      <object_component id="oc-122">
         <name>.debug_info</name>
         <load_address>0x76787</load_address>
         <run_address>0x76787</run_address>
         <size>0x19f64</size>
         <input_file_ref idref="fl-9"/>
      </object_component>
      <object_component id="oc-127">
         <name>.debug_info</name>
         <load_address>0x906eb</load_address>
         <run_address>0x906eb</run_address>
         <size>0x354e</size>
         <input_file_ref idref="fl-a"/>
      </object_component>
      <object_component id="oc-12c">
         <name>.debug_info</name>
         <load_address>0x93c39</load_address>
         <run_address>0x93c39</run_address>
         <size>0x6714</size>
         <input_file_ref idref="fl-b"/>
      </object_component>
      <object_component id="oc-131">
         <name>.debug_info</name>
         <load_address>0x9a34d</load_address>
         <run_address>0x9a34d</run_address>
         <size>0xfcba</size>
         <input_file_ref idref="fl-c"/>
      </object_component>
      <object_component id="oc-136">
         <name>.debug_info</name>
         <load_address>0xaa007</load_address>
         <run_address>0xaa007</run_address>
         <size>0xcb94</size>
         <input_file_ref idref="fl-d"/>
      </object_component>
      <object_component id="oc-13d">
         <name>.debug_info</name>
         <load_address>0xb6b9b</load_address>
         <run_address>0xb6b9b</run_address>
         <size>0xf5</size>
         <input_file_ref idref="fl-e"/>
      </object_component>
      <object_component id="oc-140">
         <name>.debug_info</name>
         <load_address>0xb6c90</load_address>
         <run_address>0xb6c90</run_address>
         <size>0x60c2</size>
         <input_file_ref idref="fl-f"/>
      </object_component>
      <object_component id="oc-145">
         <name>.debug_info</name>
         <load_address>0xbcd52</load_address>
         <run_address>0xbcd52</run_address>
         <size>0x23886</size>
         <input_file_ref idref="fl-10"/>
      </object_component>
      <object_component id="oc-14e">
         <name>.debug_info</name>
         <load_address>0xe05d8</load_address>
         <run_address>0xe05d8</run_address>
         <size>0x11a1</size>
         <input_file_ref idref="fl-11"/>
      </object_component>
      <object_component id="oc-156">
         <name>.debug_info</name>
         <load_address>0xe1779</load_address>
         <run_address>0xe1779</run_address>
         <size>0x70a</size>
         <input_file_ref idref="fl-1f"/>
      </object_component>
      <object_component id="oc-15c">
         <name>.debug_info</name>
         <load_address>0xe1e83</load_address>
         <run_address>0xe1e83</run_address>
         <size>0x69a</size>
         <input_file_ref idref="fl-20"/>
      </object_component>
      <object_component id="oc-163">
         <name>.debug_info</name>
         <load_address>0xe251d</load_address>
         <run_address>0xe251d</run_address>
         <size>0x67e</size>
         <input_file_ref idref="fl-2c"/>
      </object_component>
      <object_component id="oc-168">
         <name>.debug_info</name>
         <load_address>0xe2b9b</load_address>
         <run_address>0xe2b9b</run_address>
         <size>0x3cf</size>
         <input_file_ref idref="fl-2d"/>
      </object_component>
      <object_component id="oc-16d">
         <name>.debug_info</name>
         <load_address>0xe2f6a</load_address>
         <run_address>0xe2f6a</run_address>
         <size>0x3e1</size>
         <input_file_ref idref="fl-2e"/>
      </object_component>
      <object_component id="oc-174">
         <name>.debug_info</name>
         <load_address>0xe334b</load_address>
         <run_address>0xe334b</run_address>
         <size>0x173</size>
         <input_file_ref idref="fl-2f"/>
      </object_component>
      <object_component id="oc-179">
         <name>.debug_info</name>
         <load_address>0xe34be</load_address>
         <run_address>0xe34be</run_address>
         <size>0x114</size>
         <input_file_ref idref="fl-30"/>
      </object_component>
      <object_component id="oc-17e">
         <name>.debug_info</name>
         <load_address>0xe35d2</load_address>
         <run_address>0xe35d2</run_address>
         <size>0x141</size>
         <input_file_ref idref="fl-31"/>
      </object_component>
      <object_component id="oc-183">
         <name>.debug_info</name>
         <load_address>0xe3713</load_address>
         <run_address>0xe3713</run_address>
         <size>0x1a5</size>
         <input_file_ref idref="fl-32"/>
      </object_component>
      <object_component id="oc-187">
         <name>.debug_info</name>
         <load_address>0xe38b8</load_address>
         <run_address>0xe38b8</run_address>
         <size>0x561</size>
         <input_file_ref idref="fl-33"/>
      </object_component>
      <object_component id="oc-18c">
         <name>.debug_info</name>
         <load_address>0xe3e19</load_address>
         <run_address>0xe3e19</run_address>
         <size>0x43a</size>
         <input_file_ref idref="fl-34"/>
      </object_component>
      <object_component id="oc-191">
         <name>.debug_info</name>
         <load_address>0xe4253</load_address>
         <run_address>0xe4253</run_address>
         <size>0x3ad</size>
         <input_file_ref idref="fl-35"/>
      </object_component>
      <object_component id="oc-196">
         <name>.debug_info</name>
         <load_address>0xe4600</load_address>
         <run_address>0xe4600</run_address>
         <size>0x3aa</size>
         <input_file_ref idref="fl-36"/>
      </object_component>
      <object_component id="oc-19b">
         <name>.debug_info</name>
         <load_address>0xe49aa</load_address>
         <run_address>0xe49aa</run_address>
         <size>0x544</size>
         <input_file_ref idref="fl-37"/>
      </object_component>
      <object_component id="oc-1a2">
         <name>.debug_info</name>
         <load_address>0xe4eee</load_address>
         <run_address>0xe4eee</run_address>
         <size>0x4cc</size>
         <input_file_ref idref="fl-38"/>
      </object_component>
      <object_component id="oc-1a7">
         <name>.debug_info</name>
         <load_address>0xe53ba</load_address>
         <run_address>0xe53ba</run_address>
         <size>0x467</size>
         <input_file_ref idref="fl-39"/>
      </object_component>
      <object_component id="oc-1ac">
         <name>.debug_info</name>
         <load_address>0xe5821</load_address>
         <run_address>0xe5821</run_address>
         <size>0x4aa</size>
         <input_file_ref idref="fl-3a"/>
      </object_component>
      <object_component id="oc-1b1">
         <name>.debug_info</name>
         <load_address>0xe5ccb</load_address>
         <run_address>0xe5ccb</run_address>
         <size>0x2a53</size>
         <input_file_ref idref="fl-3b"/>
      </object_component>
[...]
         <name>_eleft</name>
         <value>0x15c86</value>
         <object_component_ref idref="oc-147"/>
      </symbol>
      <symbol id="sm-6ef">
         <name>_thetaR</name>
         <value>0x15c90</value>
         <object_component_ref idref="oc-147"/>
      </symbol>
      <symbol id="sm-6f0">
         <name>_thetaL</name>
         <value>0x15c92</value>
         <object_component_ref idref="oc-147"/>
      </symbol>
      <symbol id="sm-6f1">
         <name>_PosLeft_K</name>
         <value>0x15c5c</value>
         <object_component_ref idref="oc-147"/>
      </symbol>
      <symbol id="sm-6f2">
         <name>_eright</name>
         <value>0x15c88</value>
         <object_component_ref idref="oc-147"/>
      </symbol>
      <symbol id="sm-6f3">
         <name>_leftwheel_K_1</name>
         <value>0x15c9e</value>
         <object_component_ref idref="oc-147"/>
      </symbol>
      <symbol id="sm-6f4">
         <name>_PosLeft_K_1</name>
         <value>0x15c60</value>
         <object_component_ref idref="oc-147"/>
      </symbol>
      <symbol id="sm-6f5">
         <name>_rightwheel</name>
         <value>0x15c52</value>
         <object_component_ref idref="oc-147"/>
      </symbol>
      <symbol id="sm-6f6">
         <name>_Xr_dot_1</name>
         <value>0x15cae</value>
         <object_component_ref idref="oc-147"/>
      </symbol>
      <symbol id="sm-6f7">
         <name>_setEPWM2A</name>
         <value>0x99c7</value>
         <object_component_ref idref="oc-23f"/>
      </symbol>
      <symbol id="sm-6f9">
         <name>_setEPWM2B</name>
         <value>0x99f6</value>
         <object_component_ref idref="oc-23f"/>
      </symbol>
      <symbol id="sm-6fb">
         <name>_pwm2</name>
         <value>0x15c45</value>
         <object_component_ref idref="oc-147"/>
      </symbol>
      <symbol id="sm-6fc">
         <name>_pwm1</name>
         <value>0x15c44</value>
         <object_component_ref idref="oc-147"/>
      </symbol>
      <symbol id="sm-6fd">
         <name>_IK_right_1</name>
         <value>0x15c7c</value>
         <object_component_ref idref="oc-147"/>
      </symbol>
      <symbol id="sm-6fe">
         <name>_Xr_1</name>
         <value>0x15c9a</value>
         <object_component_ref idref="oc-147"/>
      </symbol>
      <symbol id="sm-6ff">
         <name>_readEncLeft</name>
         <value>0x974b</value>
         <object_component_ref idref="oc-23f"/>
      </symbol>
      <symbol id="sm-701">
         <name>_init_eQEPs</name>
         <value>0x96e4</value>
         <object_component_ref idref="oc-23f"/>
      </symbol>
      <symbol id="sm-703">
         <name>_Yr_dot</name>
         <value>0x15cac</value>
         <object_component_ref idref="oc-147"/>
      </symbol>
      <symbol id="sm-704">
         <name>_Xr_dot</name>
         <value>0x15caa</value>
         <object_component_ref idref="oc-147"/>
      </symbol>
      <symbol id="sm-705">
         <name>_ek_left_1</name>
         <value>0x15c6e</value>
         <object_component_ref idref="oc-147"/>
      </symbol>
      <symbol id="sm-706">
         <name>_saturation_limit</name>
         <value>0x15cb2</value>
         <object_component_ref idref="oc-147"/>
      </symbol>
      <symbol id="sm-707">
         <name>_kp</name>
         <value>0x15c72</value>
         <object_component_ref idref="oc-147"/>
      </symbol>
      <symbol id="sm-708">
         <name>_ki</name>
         <value>0x15c74</value>
         <object_component_ref idref="oc-147"/>
      </symbol>
      <symbol id="sm-709">
         <name>_updown_motor</name>
         <value>0x15c41</value>
         <object_component_ref idref="oc-147"/>
      </symbol>
      <symbol id="sm-70a">
         <name>_kpturn</name>
         <value>0x15c8a</value>
         <object_component_ref idref="oc-147"/>
      </symbol>
      <symbol id="sm-70b">
         <name>_spivalue2</name>
         <value>0x15c47</value>
         <object_component_ref idref="oc-147"/>
      </symbol>
      <symbol id="sm-70c">
         <name>_spivalue3</name>
         <value>0x15c48</value>
         <object_component_ref idref="oc-147"/>
      </symbol>
      <symbol id="sm-70d">
         <name>_spivalue1</name>
         <value>0x15c46</value>
         <object_component_ref idref="oc-147"/>
      </symbol>
      <symbol id="sm-70e">
         <name>_rightwheel_K_1</name>
         <value>0x15ca0</value>
         <object_component_ref idref="oc-147"/>
      </symbol>
      <symbol id="sm-70f">
         <name>_ek_right</name>
         <value>0x15c6c</value>
         <object_component_ref idref="oc-147"/>
      </symbol>
      <symbol id="sm-710">
         <name>_AngVelLeft_K</name>
         <value>0x15ca6</value>
         <object_component_ref idref="oc-147"/>
      </symbol>
      <symbol id="sm-711">
         <name>_Vref</name>
         <value>0x15c68</value>
         <object_component_ref idref="oc-147"/>
      </symbol>
      <symbol id="sm-712">
         <name>_gyroZraw</name>
         <value>0x15c4f</value>
         <object_component_ref idref="oc-147"/>
      </symbol>
      <symbol id="sm-713">
         <name>_accelZraw</name>
         <value>0x15c4c</value>
         <object_component_ref idref="oc-147"/>
      </symbol>
      <symbol id="sm-714">
         <name>_RWH</name>
         <value>0x15c8e</value>
         <object_component_ref idref="oc-147"/>
      </symbol>
      <symbol id="sm-715">
         <name>_LEDdisplaynum</name>
         <value>0x15c43</value>
         <object_component_ref idref="oc-147"/>
      </symbol>
      <symbol id="sm-716">
         <name>_VelLeft_K</name>
         <value>0x15c64</value>
         <object_component_ref idref="oc-147"/>
      </symbol>
      <symbol id="sm-717">
         <name>_IK_left_1</name>
         <value>0x15c7a</value>
         <object_component_ref idref="oc-147"/>
      </symbol>
      <symbol id="sm-718">
         <name>_VelRight_K</name>
         <value>0x15c66</value>
         <object_component_ref idref="oc-147"/>
      </symbol>
      <symbol id="sm-719">
         <name>_rightwheelft</name>
         <value>0x15c56</value>
         <object_component_ref idref="oc-147"/>
      </symbol>
      <symbol id="sm-71a">
         <name>_numSWIcalls</name>
         <value>0x15cb8</value>
         <object_component_ref idref="oc-147"/>
      </symbol>
      <symbol id="sm-71b">
         <name>_uk_right</name>
         <value>0x15c80</value>
         <object_component_ref idref="oc-147"/>
      </symbol>
      <symbol id="sm-71c">
         <name>_readEncRight</name>
         <value>0x9766</value>
         <object_component_ref idref="oc-23f"/>
      </symbol>
      <symbol id="sm-71e">
         <name>_numTimer0calls</name>
         <value>0x15cb6</value>
         <object_component_ref idref="oc-147"/>
      </symbol>
      <symbol id="sm-71f">
         <name>_gyroXreading</name>
         <value>0x15cc4</value>
         <object_component_ref idref="oc-147"/>
      </symbol>
      <symbol id="sm-720">
         <name>_accelXreading</name>
         <value>0x15cbe</value>
         <object_component_ref idref="oc-147"/>
      </symbol>
      <symbol id="sm-721">
         <name>_AngVelRight_K</name>
         <value>0x15ca8</value>
         <object_component_ref idref="oc-147"/>
      </symbol>
      <symbol id="sm-722">
         <name>_myeffort</name>
         <value>0x15cb4</value>
         <object_component_ref idref="oc-147"/>
      </symbol>
      <symbol id="sm-723">
         <name>_ek_left</name>
         <value>0x15c6a</value>
         <object_component_ref idref="oc-147"/>
      </symbol>
      <symbol id="sm-724">
         <name>_SWI_isr</name>
         <value>0xa455</value>
         <object_component_ref idref="oc-148"/>
      </symbol>
      <symbol id="sm-726">
         <name>_volt_spivalue3</name>
         <value>0x15cbc</value>
         <object_component_ref idref="oc-147"/>
      </symbol>
      <symbol id="sm-727">
         <name>_volt_spivalue2</name>
         <value>0x15cba</value>
         <object_component_ref idref="oc-147"/>
      </symbol>
      <symbol id="sm-728">
         <name>_PosRight_K</name>
         <value>0x15c5e</value>
         <object_component_ref idref="oc-147"/>
      </symbol>
      <symbol id="sm-729">
         <name>_PosRight_K_1</name>
         <value>0x15c62</value>
         <object_component_ref idref="oc-147"/>
      </symbol>
      <symbol id="sm-72a">
         <name>_phi</name>
         <value>0x15c94</value>
         <object_component_ref idref="oc-147"/>
      </symbol>
      <symbol id="sm-72b">
         <name>_eturn</name>
         <value>0x15c84</value>
         <object_component_ref idref="oc-147"/>
      </symbol>
      <symbol id="sm-72c">
         <name>_gyroYreading</name>
         <value>0x15cc6</value>
         <object_component_ref idref="oc-147"/>
      </symbol>
      <symbol id="sm-72d">
         <name>_Yr</name>
         <value>0x15c98</value>
         <object_component_ref idref="oc-147"/>
      </symbol>
      <symbol id="sm-72e">
         <name>_Xr</name>
         <value>0x15c96</value>
         <object_component_ref idref="oc-147"/>
      </symbol>
      <symbol id="sm-72f">
         <name>_setupSpib</name>
         <value>0x9781</value>
         <object_component_ref idref="oc-23f"/>
      </symbol>
      <symbol id="sm-741">
         <name>_Example_Fail</name>
         <value>0x15cfc</value>
         <object_component_ref idref="oc-150"/>
      </symbol>
      <symbol id="sm-742">
         <name>_Example_Result</name>
         <value>0x15cf8</value>
         <object_component_ref idref="oc-150"/>
      </symbol>
      <symbol id="sm-743">
         <name>_Example_PassCount</name>
         <value>0x15cfa</value>
         <object_component_ref idref="oc-150"/>
      </symbol>
      <symbol id="sm-760">
         <name>_SysCtl_delay</name>
         <value>0x127</value>
         <object_component_ref idref="oc-15d"/>
      </symbol>
      <symbol id="sm-76e">
         <name>_vsprintf</name>
         <value>0xcc54</value>
         <object_component_ref idref="oc-247"/>
      </symbol>
      <symbol id="sm-77d">
         <name>_cos</name>
         <value>0xca87</value>
         <object_component_ref idref="oc-240"/>
      </symbol>
      <symbol id="sm-77e">
         <name>_cosf</name>
         <value>0xca87</value>
         <object_component_ref idref="oc-240"/>
      </symbol>
      <symbol id="sm-78c">
         <name>_sin</name>
         <value>0xcb44</value>
         <object_component_ref idref="oc-241"/>
      </symbol>
      <symbol id="sm-78d">
         <name>_sinf</name>
         <value>0xcb44</value>
         <object_component_ref idref="oc-241"/>
      </symbol>
      <symbol id="sm-7a9">
         <name>_c_int00</name>
         <value>0xcb9d</value>
         <object_component_ref idref="oc-90"/>
      </symbol>
      <symbol id="sm-7aa">
         <name>__stack</name>
         <value>0xb800</value>
         <object_component_ref idref="oc-172"/>
      </symbol>
      <symbol id="sm-7bb">
         <name>FS$$DIV</name>
         <value>0xc900</value>
         <object_component_ref idref="oc-178"/>
      </symbol>
      <symbol id="sm-7c7">
         <name>U$$MOD</name>
         <value>0xce97</value>
         <object_component_ref idref="oc-17d"/>
      </symbol>
      <symbol id="sm-7c8">
         <name>U$$DIV</name>
         <value>0xce92</value>
         <object_component_ref idref="oc-17d"/>
      </symbol>
      <symbol id="sm-7d4">
         <name>UL$$MOD</name>
         <value>0xcca8</value>
         <object_component_ref idref="oc-182"/>
      </symbol>
      <symbol id="sm-7d5">
         <name>L$$MOD</name>
         <value>0xcc93</value>
         <object_component_ref idref="oc-182"/>
      </symbol>
      <symbol id="sm-7d6">
         <name>L$$DIV</name>
         <value>0xcc84</value>
         <object_component_ref idref="oc-182"/>
      </symbol>
      <symbol id="sm-7d7">
         <name>UL$$DIV</name>
         <value>0xcca1</value>
         <object_component_ref idref="oc-182"/>
      </symbol>
      <symbol id="sm-7e6">
         <name>_copy_in</name>
         <value>0xcd4a</value>
         <object_component_ref idref="oc-239"/>
      </symbol>
      <symbol id="sm-7f8">
         <name>_memcpy</name>
         <value>0xcde9</value>
         <object_component_ref idref="oc-242"/>
      </symbol>
      <symbol id="sm-805">
         <name>__system_pre_init</name>
         <value>0xcecf</value>
         <object_component_ref idref="oc-238"/>
      </symbol>
      <symbol id="sm-813">
         <name>__system_post_cinit</name>
         <value>0x8775</value>
         <object_component_ref idref="oc-23a"/>
      </symbol>
      <symbol id="sm-828">
         <name>C$$EXIT</name>
         <value>0xccae</value>
         <object_component_ref idref="oc-23c"/>
      </symbol>
      <symbol id="sm-829">
         <name>_exit</name>
         <value>0xccb0</value>
         <object_component_ref idref="oc-23c"/>
      </symbol>
      <symbol id="sm-82b">
         <name>___TI_cleanup_ptr</name>
         <value>0x15db0</value>
         <object_component_ref idref="oc-19d"/>
      </symbol>
      <symbol id="sm-82c">
         <name>___TI_enable_exit_profile_output</name>
         <value>0x15dae</value>
         <object_component_ref idref="oc-19d"/>
      </symbol>
      <symbol id="sm-82d">
         <name>_abort</name>
         <value>0xccae</value>
         <object_component_ref idref="oc-23c"/>
      </symbol>
      <symbol id="sm-82f">
         <name>___TI_dtors_ptr</name>
         <value>0x15db2</value>
         <object_component_ref idref="oc-19d"/>
      </symbol>
      <symbol id="sm-843">
         <name>__unlock</name>
         <value>0x1583e</value>
         <object_component_ref idref="oc-271"/>
      </symbol>
      <symbol id="sm-844">
         <name>__lock</name>
         <value>0x1583c</value>
         <object_component_ref idref="oc-243"/>
      </symbol>
      <symbol id="sm-845">
         <name>__register_lock</name>
         <value>0xcea1</value>
         <object_component_ref idref="oc-26d"/>
      </symbol>
      <symbol id="sm-847">
         <name>__nop</name>
         <value>0xcea5</value>
         <object_component_ref idref="oc-26d"/>
      </symbol>
      <symbol id="sm-849">
         <name>__register_unlock</name>
         <value>0xce9d</value>
         <object_component_ref idref="oc-26d"/>
      </symbol>
      <symbol id="sm-859">
         <name>__args_main</name>
         <value>0xce56</value>
         <object_component_ref idref="oc-23b"/>
      </symbol>
      <symbol id="sm-867">
         <name>_strlen</name>
         <value>0xcec0</value>
         <object_component_ref idref="oc-248"/>
      </symbol>
      <symbol id="sm-9cb">
         <name>___TI_printfi</name>
         <value>0x92c9</value>
         <object_component_ref idref="oc-26f"/>
      </symbol>
      <symbol id="sm-9df">
         <name>_frexpl</name>
         <value>0xcaea</value>
         <object_component_ref idref="oc-27a"/>
      </symbol>
      <symbol id="sm-9fe">
         <name>_scalbnl</name>
         <value>0xc72b</value>
         <object_component_ref idref="oc-27b"/>
      </symbol>
      <symbol id="sm-a00">
         <name>_ldexpl</name>
         <value>0xc72b</value>
         <object_component_ref idref="oc-27b"/>
      </symbol>
      <symbol id="sm-a1b">
         <name>FD$$ADD</name>
         <value>0xc7d9</value>
         <object_component_ref idref="oc-1c4"/>
      </symbol>
      <symbol id="sm-a2b">
         <name>FD$$CMP</name>
         <value>0xa7d1</value>
         <object_component_ref idref="oc-1c9"/>
      </symbol>
      <symbol id="sm-a3d">
         <name>FD$$MPY</name>
         <value>0xc988</value>
         <object_component_ref idref="oc-1ce"/>
      </symbol>
      <symbol id="sm-a4a">
         <name>FD$$NEG</name>
         <value>0xcea6</value>
         <object_component_ref idref="oc-1d3"/>
      </symbol>
      <symbol id="sm-a56">
         <name>FD$$SUB</name>
         <value>0xce78</value>
         <object_component_ref idref="oc-1d8"/>
      </symbol>
      <symbol id="sm-a65">
         <name>FD$$TOI</name>
         <value>0xcd6e</value>
         <object_component_ref idref="oc-1dd"/>
      </symbol>
      <symbol id="sm-a74">
         <name>FD$$TOL</name>
         <value>0xcd8f</value>
         <object_component_ref idref="oc-1e2"/>
      </symbol>
      <symbol id="sm-a80">
         <name>LL$$AND</name>
         <value>0xce3e</value>
         <object_component_ref idref="oc-1e7"/>
      </symbol>
      <symbol id="sm-a81">
         <name>LL$$OR</name>
         <value>0xce46</value>
         <object_component_ref idref="oc-1e7"/>
      </symbol>
      <symbol id="sm-a82">
         <name>LL$$XOR</name>
         <value>0xce4e</value>
         <object_component_ref idref="oc-1e7"/>
      </symbol>
      <symbol id="sm-a90">
         <name>ULL$$CMP</name>
         <value>0xcdc0</value>
         <object_component_ref idref="oc-1ec"/>
      </symbol>
      <symbol id="sm-a91">
         <name>LL$$CMP</name>
         <value>0xcdae</value>
         <object_component_ref idref="oc-1ec"/>
      </symbol>
      <symbol id="sm-abd">
         <name>ULL$$MOD</name>
         <value>0xc5ce</value>
         <object_component_ref idref="oc-1f1"/>
      </symbol>
      <symbol id="sm-abe">
         <name>ULL$$DIV</name>
         <value>0xc59f</value>
         <object_component_ref idref="oc-1f1"/>
      </symbol>
      <symbol id="sm-abf">
         <name>LL$$MOD</name>
         <value>0xc565</value>
         <object_component_ref idref="oc-1f1"/>
      </symbol>
      <symbol id="sm-ac0">
         <name>LL$$DIV</name>
         <value>0xc529</value>
         <object_component_ref idref="oc-1f1"/>
      </symbol>
      <symbol id="sm-ad0">
         <name>I$$TOFD</name>
         <value>0xcdcc</value>
         <object_component_ref idref="oc-1f6"/>
      </symbol>
      <symbol id="sm-ae0">
         <name>L$$TOFD</name>
         <value>0xce22</value>
         <object_component_ref idref="oc-1fb"/>
      </symbol>
      <symbol id="sm-af0">
         <name>FS$$TOFD</name>
         <value>0xce06</value>
         <object_component_ref idref="oc-200"/>
      </symbol>
      <symbol id="sm-b07">
         <name>FD$$DIV</name>
         <value>0xc875</value>
         <object_component_ref idref="oc-205"/>
      </symbol>
      <symbol id="sm-b15">
         <name>___TI_ltoa</name>
         <value>0xcc24</value>
         <object_component_ref idref="oc-279"/>
      </symbol>
      <symbol id="sm-b2a">
         <name>_atoi</name>
         <value>0xcbf3</value>
         <object_component_ref idref="oc-272"/>
      </symbol>
      <symbol id="sm-b33">
         <name>__ctypes_</name>
         <value>0xa9c0</value>
         <object_component_ref idref="oc-278"/>
      </symbol>
      <symbol id="sm-b42">
         <name>_memccpy</name>
         <value>0xce68</value>
         <object_component_ref idref="oc-276"/>
      </symbol>
      <symbol id="sm-b51">
         <name>_memset</name>
         <value>0xcec8</value>
         <object_component_ref idref="oc-273"/>
      </symbol>
      <symbol id="sm-b61">
         <name>_strchr</name>
         <value>0xce86</value>
         <object_component_ref idref="oc-27c"/>
      </symbol>
      <symbol id="sm-b6f">
         <name>_strcpy</name>
         <value>0xa7fb</value>
         <object_component_ref idref="oc-274"/>
      </symbol>
      <symbol id="sm-b7a">
         <name>_errno</name>
         <value>0x15cf7</value>
         <object_component_ref idref="oc-22c"/>
      </symbol>
      <symbol id="sm-b88">
         <name>_wcslen</name>
         <value>0xceaf</value>
         <object_component_ref idref="oc-277"/>
      </symbol>
      <symbol id="sm-b96">
         <name>_copysignl</name>
         <value>0xcd25</value>
         <object_component_ref idref="oc-27d"/>
      </symbol>
   </symbol_table>
   <title>Link successful</title>
</link_info>
