******************************************************************************
             TMS320C2000 Linker PC v21.6.0                     
******************************************************************************
>> Linked Fri Nov 11 12:32:59 2022

OUTPUT FILE NAME:   <Lab 6.out>
ENTRY POINT SYMBOL: "_c_int00"  address: 0000cb9d


MEMORY CONFIGURATION

         name            origin    length      used     unused   attr    fill
----------------------  --------  ---------  --------  --------  ----  --------
PAGE 0:
  BEGIN                 00000000   00000002  00000002  00000000  RWIX
  RAMM0                 00000123   000002dd  00000008  000002d5  RWIX
  RAMLS04               00008000   00002800  00002800  00000000  RWIX
  RAMD0                 0000b000   00000800  000002e2  0000051e  RWIX
  RAMGS0008             0000c000   00009000  00000ed1  0000812f  RWIX
  RESET                 003fffc0   00000002  00000000  00000002  RWIX

PAGE 1:
  BOOT_RSVD             00000002   00000121  00000000  00000121  RWIX
  RAMM1                 00000400   000003f8  00000000  000003f8  RWIX
  ADCARESULT            00000b00   00000018  00000018  00000000  RWIX
  ADCBRESULT            00000b20   00000018  00000018  00000000  RWIX
  ADCCRESULT            00000b40   00000018  00000018  00000000  RWIX
  ADCDRESULT            00000b60   00000018  00000018  00000000  RWIX
  CPUTIMER0             00000c00   00000008  00000008  00000000  RWIX
  CPUTIMER1             00000c08   00000008  00000008  00000000  RWIX
  CPUTIMER2             00000c10   00000008  00000008  00000000  RWIX
  PIECTRL               00000ce0   0000001a  0000001a  00000000  RWIX
  PIEVECTTABLE          00000d00   00000200  000001c0  00000040  RWIX
  DMA                   00001000   00000200  000000e0  00000120  RWIX
  CLA1                  00001400   00000080  0000003e  00000042  RWIX
  CLB1LOGICCFG          00003000   00000052  0000003e  00000014  RWIX
  CLB1LOGICCTRL         00003100   00000040  00000040  00000000  RWIX
  CLB1DATAEXCH          00003200   00000200  00000108  000000f8  RWIX
  CLB2LOGICCFG          00003400   00000052  0000003e  00000014  RWIX
  CLB2LOGICCTRL         00003500   00000040  00000040  00000000  RWIX
  CLB2DATAEXCH          00003600   00000200  00000108  000000f8  RWIX
  CLB3LOGICCFG          00003800   00000052  0000003e  00000014  RWIX
  CLB3LOGICCTRL         00003900   00000040  00000040  00000000  RWIX
  CLB3DATAEXCH          00003a00   00000200  00000108  000000f8  RWIX
  CLB4LOGICCFG          00003c00   00000052  0000003e  00000014  RWIX
  CLB4LOGICCTRL         00003d00   00000040  00000040  00000000  RWIX
  CLB4DATAEXCH          00003e00   00000200  00000108  000000f8  RWIX
  EPWM1                 00004000   00000100  00000100  00000000  RWIX
  EPWM2                 00004100   00000100  00000100  00000000  RWIX
  EPWM3                 00004200   00000100  00000100  00000000  RWIX
  EPWM4                 00004300   00000100  00000100  00000000  RWIX
  EPWM5                 00004400   00000100  00000100  00000000  RWIX
  EPWM6                 00004500   00000100  00000100  00000000  RWIX
  EPWM7                 00004600   00000100  00000100  00000000  RWIX
  EPWM8                 00004700   00000100  00000100  00000000  RWIX
  EPWM9                 00004800   00000100  00000100  00000000  RWIX
  EPWM10                00004900   00000100  00000100  00000000  RWIX
  EPWM11                00004a00   00000100  00000100  00000000  RWIX
  EPWM12                00004b00   00000100  00000100  00000000  RWIX
  ECAP1                 00005000   00000020  0000001a  00000006  RWIX
  ECAP2                 00005020   00000020  0000001a  00000006  RWIX
  ECAP3                 00005040   00000020  0000001a  00000006  RWIX
  ECAP4                 00005060   00000020  0000001a  00000006  RWIX
  ECAP5                 00005080   00000020  0000001a  00000006  RWIX
  ECAP6                 000050a0   00000020  0000001a  00000006  RWIX
  EQEP1                 00005100   00000022  00000022  00000000  RWIX
  EQEP2                 00005140   00000022  00000022  00000000  RWIX
  EQEP3                 00005180   00000022  00000022  00000000  RWIX
  DACA                  00005c00   00000008  00000007  00000001  RWIX
  DACB                  00005c10   00000008  00000007  00000001  RWIX
  DACC                  00005c20   00000008  00000007  00000001  RWIX
  CMPSS1                00005c80   00000020  0000001b  00000005  RWIX
  CMPSS2                00005ca0   00000020  0000001b  00000005  RWIX
  CMPSS3                00005cc0   00000020  0000001b  00000005  RWIX
  CMPSS4                00005ce0   00000020  0000001b  00000005  RWIX
  CMPSS5                00005d00   00000020  0000001b  00000005  RWIX
  CMPSS6                00005d20   00000020  0000001b  00000005  RWIX
  CMPSS7                00005d40   00000020  0000001b  00000005  RWIX
  CMPSS8                00005d60   00000020  0000001b  00000005  RWIX
  SDFM1                 00005e00   00000080  00000048  00000038  RWIX
  SDFM2                 00005e80   00000080  00000048  00000038  RWIX
  MCBSPA                00006000   00000024  00000024  00000000  RWIX
  MCBSPB                00006040   00000024  00000024  00000000  RWIX
  SPIA                  00006100   00000010  00000010  00000000  RWIX
  SPIB                  00006110   00000010  00000010  00000000  RWIX
  SPIC                  00006120   00000010  00000010  00000000  RWIX
  UPP                   00006200   00000048  00000048  00000000  RWIX
  WD                    00007000   0000002b  0000002b  00000000  RWIX
  NMIINTRUPT            00007060   00000007  00000007  00000000  RWIX
  XINT                  00007070   0000000b  0000000b  00000000  RWIX
  SCIA                  00007200   00000010  00000010  00000000  RWIX
  SCIB                  00007210   00000010  00000010  00000000  RWIX
  SCIC                  00007220   00000010  00000010  00000000  RWIX
  SCID                  00007230   00000010  00000010  00000000  RWIX
  I2CA                  00007300   00000022  00000022  00000000  RWIX
  I2CB                  00007340   00000022  00000022  00000000  RWIX
  ADCA                  00007400   00000080  0000007c  00000004  RWIX
  ADCB                  00007480   00000080  0000007c  00000004  RWIX
  ADCC                  00007500   00000080  0000007c  00000004  RWIX
  ADCD                  00007580   00000080  0000007c  00000004  RWIX
  INPUTXBAR             00007900   00000020  00000020  00000000  RWIX
  XBAR                  00007920   00000020  0000000e  00000012  RWIX
  SYNCSOC               00007940   00000006  00000006  00000000  RWIX
  DMACLASRCSEL          00007980   0000001a  0000001a  00000000  RWIX
  EPWMXBAR              00007a00   00000040  00000040  00000000  RWIX
  CLBXBAR               00007a40   00000040  00000040  00000000  RWIX
  OUTPUTXBAR            00007a80   00000040  00000040  00000000  RWIX
  GPIOCTRL              00007c00   00000180  00000180  00000000  RWIX
  GPIODATA              00007f00   00000030  00000030  00000000  RWIX
  RAMLS5                0000a800   00000800  000004fa  00000306  RWIX
  RAMD1                 0000b800   00000800  00000800  00000000  RWIX
  RAMGS0915             00015000   00006ff8  00000db4  00006244  RWIX
  CPU2TOCPU1RAM         0003f800   00000400  00000000  00000400  RWIX
  CPU1TOCPU2RAM         0003fc00   00000400  00000000  00000400  RWIX
  EMIF1                 00047000   00000070  00000028  00000048  RWIX
  EMIF2                 00047800   00000070  00000028  00000048  RWIX
  CANA                  00048000   00000200  00000164  0000009c  RWIX
  CANA_MSG_RAM          00049000   00000800  00000000  00000800  RWIX
  CANB                  0004a000   00000200  00000164  0000009c  RWIX
  CANB_MSG_RAM          0004b000   00000800  00000000  00000800  RWIX
  IPC                   00050000   00000024  00000024  00000000  RWIX
  FLASHPUMPSEMAPHORE    00050024   00000002  00000002  00000000  RWIX
  DEVCFG                0005d000   0000012e  0000012e  00000000  RWIX
  ANALOGSUBSYS          0005d180   00000048  0000003e  0000000a  RWIX
  CLKCFG                0005d200   00000032  00000032  00000000  RWIX
  CPUSYS                0005d300   00000082  00000082  00000000  RWIX
  ROMPREFETCH           0005e608   00000002  00000002  00000000  RWIX
  DCSMZ1                0005f000   00000024  00000022  00000002  RWIX
  DCSMZ2                0005f040   00000024  00000022  00000002  RWIX
  DCSMCOMMON            0005f070   00000008  00000006  00000002  RWIX
  MEMCFG                0005f400   00000080  00000076  0000000a  RWIX
  EMIF1CONFIG           0005f480   00000020  0000000a  00000016  RWIX
  EMIF2CONFIG           0005f4a0   00000020  0000000a  00000016  RWIX
  ACCESSPROTECTION      0005f4c0   00000040  0000002e  00000012  RWIX
  MEMORYERROR           0005f500   00000040  0000003a  00000006  RWIX
  ROMWAITSTATE          0005f540   00000002  00000002  00000000  RWIX
  FLASH0CTRL            0005f800   00000182  00000182  00000000  RWIX
  FLASH0ECC             0005fb00   00000028  00000028  00000000  RWIX


SECTION ALLOCATION MAP

 output                                  attributes/
section   page    origin      length       input sections
--------  ----  ----------  ----------   ----------------
codestart 
*          0    00000000    00000002     
                  00000000    00000002     F2837xD_CodeStartBranch.obj (codestart)

.cinit     0    0000b000    000002e2     
                  0000b000    00000171     Lab6.obj (.cinit)
                  0000b171    00000024     F28379dSerial.obj (.cinit)
                  0000b195    00000012     LEDPatterns.obj (.cinit:_LED_0)
                  0000b1a7    00000012     LEDPatterns.obj (.cinit:_LED_1)
                  0000b1b9    00000012     LEDPatterns.obj (.cinit:_LED_2)
                  0000b1cb    00000012     LEDPatterns.obj (.cinit:_LED_3)
                  0000b1dd    00000012     LEDPatterns.obj (.cinit:_LED_4)
                  0000b1ef    00000012     LEDPatterns.obj (.cinit:_LED_5)
                  0000b201    00000012     LEDPatterns.obj (.cinit:_LED_6)
                  0000b213    00000012     LEDPatterns.obj (.cinit:_LED_7)
                  0000b225    00000012     LEDPatterns.obj (.cinit:_LED_8)
                  0000b237    00000012     LEDPatterns.obj (.cinit:_LED_9)
                  0000b249    00000012     LEDPatterns.obj (.cinit:_LED_A)
                  0000b25b    00000012     LEDPatterns.obj (.cinit:_LED_B)
                  0000b26d    00000012     LEDPatterns.obj (.cinit:_LED_C)
                  0000b27f    00000012     LEDPatterns.obj (.cinit:_LED_D)
                  0000b291    00000012     LEDPatterns.obj (.cinit:_LED_E)
                  0000b2a3    00000012     LEDPatterns.obj (.cinit:_LED_F)
                  0000b2b5    0000000f     device.obj (.cinit)
                  0000b2c4    0000000e     rts2800_fpu32.lib : exit.c.obj (.cinit)
                  0000b2d2    00000005                       : _lock.c.obj (.cinit:__lock)
                  0000b2d7    00000005                       : _lock.c.obj (.cinit:__unlock)
                  0000b2dc    00000004                       : errno.c.obj (.cinit)
                  0000b2e0    00000002     --HOLE-- [fill = 0]

.reset     0    003fffc0    00000002     DSECT
                  003fffc0    00000002     rts2800_fpu32.lib : boot28.asm.obj (.reset)

.stack     1    0000b800    00000800     UNINITIALIZED
                  0000b800    00000800     --HOLE--

.pinit     0    0000b000    00000000     UNINITIALIZED

.econst    1    0000a800    000004fa     
                  0000a800    000001c0     F2837xD_PieVect.obj (.econst:_PieVectTableInit)
                  0000a9c0    00000101     rts2800_fpu32.lib : ctype.c.obj (.econst:.string:__ctypes_)
                  0000aac1    00000001     --HOLE-- [fill = 0]
                  0000aac2    000000c2     driverlib_coff.lib : sysctl.obj (.econst:.string)
                  0000ab84    000000bc                        : gpio.obj (.econst:.string)
                  0000ac40    0000003f     Lab6.obj (.econst:.string)
                  0000ac7f    00000001     --HOLE-- [fill = 0]
                  0000ac80    00000026     rts2800_fpu32.lib : _printfi.c.obj (.econst:.string)
                  0000aca6    0000001c                       : _printfi.c.obj (.econst)
                  0000acc2    0000001c                       : s_scalbn.c.obj (.econst)
                  0000acde    00000013     device.obj (.econst:.string)
                  0000acf1    00000001     --HOLE-- [fill = 0]
                  0000acf2    00000008     rts2800_fpu32.lib : s_frexp.c.obj (.econst)

.ebss      1    00015000    00000db4     UNINITIALIZED
                  00015000    00000806     F28379dSerial.obj (.ebss)
                  00015806    00000018     F2837xD_CpuTimers.obj (.ebss)
                  0001581e    0000000f     LEDPatterns.obj (.ebss:_LED_0)
                  0001582d    0000000f     LEDPatterns.obj (.ebss:_LED_1)
                  0001583c    00000002     rts2800_fpu32.lib : _lock.c.obj (.ebss:__lock)
                  0001583e    00000002                       : _lock.c.obj (.ebss:__unlock)
                  00015840    00000400     F28379dSerial.obj (.ebss:_serial_printf_bufSCIA)
                  00015c40    0000008a     Lab6.obj (.ebss)
                  00015cca    0000000f     LEDPatterns.obj (.ebss:_LED_2)
                  00015cd9    0000000f     LEDPatterns.obj (.ebss:_LED_3)
                  00015ce8    0000000f     LEDPatterns.obj (.ebss:_LED_4)
                  00015cf7    00000001     rts2800_fpu32.lib : errno.c.obj (.ebss)
                  00015cf8    00000006     device.obj (.ebss)
                  00015cfe    00000002     --HOLE--
                  00015d00    0000000f     LEDPatterns.obj (.ebss:_LED_5)
                  00015d0f    0000000f     LEDPatterns.obj (.ebss:_LED_6)
                  00015d1e    0000000f     LEDPatterns.obj (.ebss:_LED_7)
                  00015d2d    0000000f     LEDPatterns.obj (.ebss:_LED_8)
                  00015d3c    00000004     --HOLE--
                  00015d40    0000000f     LEDPatterns.obj (.ebss:_LED_9)
                  00015d4f    0000000f     LEDPatterns.obj (.ebss:_LED_A)
                  00015d5e    0000000f     LEDPatterns.obj (.ebss:_LED_B)
                  00015d6d    0000000f     LEDPatterns.obj (.ebss:_LED_C)
                  00015d7c    00000004     --HOLE--
                  00015d80    0000000f     LEDPatterns.obj (.ebss:_LED_D)
                  00015d8f    0000000f     LEDPatterns.obj (.ebss:_LED_E)
                  00015d9e    0000000f     LEDPatterns.obj (.ebss:_LED_F)
                  00015dad    00000001     --HOLE--
                  00015dae    00000006     rts2800_fpu32.lib : exit.c.obj (.ebss)

.TI.ramfunc 
*          0    00000123    00000008     
                  00000123    00000004     F2837xD_usDelay.obj (.TI.ramfunc)
                  00000127    00000004     driverlib_coff.lib : sysctl.obj (.TI.ramfunc)

GETBUFFER 
*          0    0003f800    00000000     DSECT

GETWRITEIDX 
*          0    0003f800    00000000     DSECT

PUTREADIDX 
*          0    0003f800    00000000     DSECT

AdcaResultRegsFile 
*          1    00000b00    00000018     UNINITIALIZED
                  00000b00    00000018     F2837xD_GlobalVariableDefs.obj (AdcaResultRegsFile)

AdcbResultRegsFile 
*          1    00000b20    00000018     UNINITIALIZED
                  00000b20    00000018     F2837xD_GlobalVariableDefs.obj (AdcbResultRegsFile)

AdccResultRegsFile 
*          1    00000b40    00000018     UNINITIALIZED
                  00000b40    00000018     F2837xD_GlobalVariableDefs.obj (AdccResultRegsFile)

AdcdResultRegsFile 
*          1    00000b60    00000018     UNINITIALIZED
                  00000b60    00000018     F2837xD_GlobalVariableDefs.obj (AdcdResultRegsFile)

CpuTimer0RegsFile 
*          1    00000c00    00000008     UNINITIALIZED
                  00000c00    00000008     F2837xD_GlobalVariableDefs.obj (CpuTimer0RegsFile)

CpuTimer1RegsFile 
*          1    00000c08    00000008     UNINITIALIZED
                  00000c08    00000008     F2837xD_GlobalVariableDefs.obj (CpuTimer1RegsFile)

CpuTimer2RegsFile 
*          1    00000c10    00000008     UNINITIALIZED
                  00000c10    00000008     F2837xD_GlobalVariableDefs.obj (CpuTimer2RegsFile)

PieCtrlRegsFile 
*          1    00000ce0    0000001a     UNINITIALIZED
                  00000ce0    0000001a     F2837xD_GlobalVariableDefs.obj (PieCtrlRegsFile)

PieVectTableFile 
*          1    00000d00    000001c0     UNINITIALIZED
                  00000d00    000001c0     F2837xD_GlobalVariableDefs.obj (PieVectTableFile)

EmuKeyVar 
*          1    00000d00    00000000     UNINITIALIZED

EmuBModeVar 
*          1    00000d00    00000000     UNINITIALIZED

EmuBootPinsVar 
*          1    00000d00    00000000     UNINITIALIZED

FlashCallbackVar 
*          1    00000d00    00000000     UNINITIALIZED

FlashScalingVar 
*          1    00000d00    00000000     UNINITIALIZED

DmaRegsFile 
*          1    00001000    000000e0     UNINITIALIZED
                  00001000    000000e0     F2837xD_GlobalVariableDefs.obj (DmaRegsFile)

Cla1RegsFile 
*          1    00001400    0000003e     UNINITIALIZED
                  00001400    0000003e     F2837xD_GlobalVariableDefs.obj (Cla1RegsFile)

Clb1LogicCfgRegsFile 
*          1    00003000    0000003e     UNINITIALIZED
                  00003000    0000003e     F2837xD_GlobalVariableDefs.obj (Clb1LogicCfgRegsFile)

Clb1LogicCtrlRegsFile 
*          1    00003100    00000040     UNINITIALIZED
                  00003100    00000040     F2837xD_GlobalVariableDefs.obj (Clb1LogicCtrlRegsFile)

Clb1DataExchRegsFile 
*          1    00003200    00000108     UNINITIALIZED
                  00003200    00000108     F2837xD_GlobalVariableDefs.obj (Clb1DataExchRegsFile)

Clb2LogicCfgRegsFile 
*          1    00003400    0000003e     UNINITIALIZED
                  00003400    0000003e     F2837xD_GlobalVariableDefs.obj (Clb2LogicCfgRegsFile)

Clb2LogicCtrlRegsFile 
*          1    00003500    00000040     UNINITIALIZED
                  00003500    00000040     F2837xD_GlobalVariableDefs.obj (Clb2LogicCtrlRegsFile)

Clb2DataExchRegsFile 
*          1    00003600    00000108     UNINITIALIZED
                  00003600    00000108     F2837xD_GlobalVariableDefs.obj (Clb2DataExchRegsFile)

Clb3LogicCfgRegsFile 
*          1    00003800    0000003e     UNINITIALIZED
                  00003800    0000003e     F2837xD_GlobalVariableDefs.obj (Clb3LogicCfgRegsFile)

Clb3LogicCtrlRegsFile 
*          1    00003900    00000040     UNINITIALIZED
                  00003900    00000040     F2837xD_GlobalVariableDefs.obj (Clb3LogicCtrlRegsFile)

Clb3DataExchRegsFile 
*          1    00003a00    00000108     UNINITIALIZED
                  00003a00    00000108     F2837xD_GlobalVariableDefs.obj (Clb3DataExchRegsFile)

Clb4LogicCfgRegsFile 
*          1    00003c00    0000003e     UNINITIALIZED
                  00003c00    0000003e     F2837xD_GlobalVariableDefs.obj (Clb4LogicCfgRegsFile)

Clb4LogicCtrlRegsFile 
*          1    00003d00    00000040     UNINITIALIZED
                  00003d00    00000040     F2837xD_GlobalVariableDefs.obj (Clb4LogicCtrlRegsFile)

Clb4DataExchRegsFile 
*          1    00003e00    00000108     UNINITIALIZED
                  00003e00    00000108     F2837xD_GlobalVariableDefs.obj (Clb4DataExchRegsFile)

EPwm1RegsFile 
*          1    00004000    00000100     UNINITIALIZED
                  00004000    00000100     F2837xD_GlobalVariableDefs.obj (EPwm1RegsFile)

EPwm2RegsFile 
*          1    00004100    00000100     UNINITIALIZED
                  00004100    00000100     F2837xD_GlobalVariableDefs.obj (EPwm2RegsFile)

EPwm3RegsFile 
*          1    00004200    00000100     UNINITIALIZED
                  00004200    00000100     F2837xD_GlobalVariableDefs.obj (EPwm3RegsFile)

EPwm4RegsFile 
*          1    00004300    00000100     UNINITIALIZED
                  00004300    00000100     F2837xD_GlobalVariableDefs.obj (EPwm4RegsFile)

EPwm5RegsFile 
*          1    00004400    00000100     UNINITIALIZED
                  00004400    00000100     F2837xD_GlobalVariableDefs.obj (EPwm5RegsFile)

EPwm6RegsFile 
*          1    00004500    00000100     UNINITIALIZED
                  00004500    00000100     F2837xD_GlobalVariableDefs.obj (EPwm6RegsFile)

EPwm7RegsFile 
*          1    00004600    00000100     UNINITIALIZED
                  00004600    00000100     F2837xD_GlobalVariableDefs.obj (EPwm7RegsFile)

EPwm8RegsFile 
*          1    00004700    00000100     UNINITIALIZED
                  00004700    00000100     F2837xD_GlobalVariableDefs.obj (EPwm8RegsFile)

EPwm9RegsFile 
*          1    00004800    00000100     UNINITIALIZED
                  00004800    00000100     F2837xD_GlobalVariableDefs.obj (EPwm9RegsFile)

EPwm10RegsFile 
*          1    00004900    00000100     UNINITIALIZED
                  00004900    00000100     F2837xD_GlobalVariableDefs.obj (EPwm10RegsFile)

EPwm11RegsFile 
*          1    00004a00    00000100     UNINITIALIZED
                  00004a00    00000100     F2837xD_GlobalVariableDefs.obj (EPwm11RegsFile)

EPwm12RegsFile 
*          1    00004b00    00000100     UNINITIALIZED
                  00004b00    00000100     F2837xD_GlobalVariableDefs.obj (EPwm12RegsFile)

ECap1RegsFile 
*          1    00005000    0000001a     UNINITIALIZED
                  00005000    0000001a     F2837xD_GlobalVariableDefs.obj (ECap1RegsFile)

ECap2RegsFile 
*          1    00005020    0000001a     UNINITIALIZED
                  00005020    0000001a     F2837xD_GlobalVariableDefs.obj (ECap2RegsFile)

ECap3RegsFile 
*          1    00005040    0000001a     UNINITIALIZED
                  00005040    0000001a     F2837xD_GlobalVariableDefs.obj (ECap3RegsFile)

ECap4RegsFile 
*          1    00005060    0000001a     UNINITIALIZED
                  00005060    0000001a     F2837xD_GlobalVariableDefs.obj (ECap4RegsFile)

ECap5RegsFile 
*          1    00005080    0000001a     UNINITIALIZED
                  00005080    0000001a     F2837xD_GlobalVariableDefs.obj (ECap5RegsFile)

ECap6RegsFile 
*          1    000050a0    0000001a     UNINITIALIZED
                  000050a0    0000001a     F2837xD_GlobalVariableDefs.obj (ECap6RegsFile)

EQep1RegsFile 
*          1    00005100    00000022     UNINITIALIZED
                  00005100    00000022     F2837xD_GlobalVariableDefs.obj (EQep1RegsFile)

EQep2RegsFile 
*          1    00005140    00000022     UNINITIALIZED
                  00005140    00000022     F2837xD_GlobalVariableDefs.obj (EQep2RegsFile)

EQep3RegsFile 
*          1    00005180    00000022     UNINITIALIZED
                  00005180    00000022     F2837xD_GlobalVariableDefs.obj (EQep3RegsFile)

DacaRegsFile 
*          1    00005c00    00000007     UNINITIALIZED
                  00005c00    00000007     F2837xD_GlobalVariableDefs.obj (DacaRegsFile)

DacbRegsFile 
*          1    00005c10    00000007     UNINITIALIZED
                  00005c10    00000007     F2837xD_GlobalVariableDefs.obj (DacbRegsFile)

DaccRegsFile 
*          1    00005c20    00000007     UNINITIALIZED
                  00005c20    00000007     F2837xD_GlobalVariableDefs.obj (DaccRegsFile)

Cmpss1RegsFile 
*          1    00005c80    0000001b     UNINITIALIZED
                  00005c80    0000001b     F2837xD_GlobalVariableDefs.obj (Cmpss1RegsFile)

Cmpss2RegsFile 
*          1    00005ca0    0000001b     UNINITIALIZED
                  00005ca0    0000001b     F2837xD_GlobalVariableDefs.obj (Cmpss2RegsFile)

Cmpss3RegsFile 
*          1    00005cc0    0000001b     UNINITIALIZED
                  00005cc0    0000001b     F2837xD_GlobalVariableDefs.obj (Cmpss3RegsFile)

Cmpss4RegsFile 
*          1    00005ce0    0000001b     UNINITIALIZED
                  00005ce0    0000001b     F2837xD_GlobalVariableDefs.obj (Cmpss4RegsFile)

Cmpss5RegsFile 
*          1    00005d00    0000001b     UNINITIALIZED
                  00005d00    0000001b     F2837xD_GlobalVariableDefs.obj (Cmpss5RegsFile)

Cmpss6RegsFile 
*          1    00005d20    0000001b     UNINITIALIZED
                  00005d20    0000001b     F2837xD_GlobalVariableDefs.obj (Cmpss6RegsFile)

Cmpss7RegsFile 
*          1    00005d40    0000001b     UNINITIALIZED
                  00005d40    0000001b     F2837xD_GlobalVariableDefs.obj (Cmpss7RegsFile)

Cmpss8RegsFile 
*          1    00005d60    0000001b     UNINITIALIZED
                  00005d60    0000001b     F2837xD_GlobalVariableDefs.obj (Cmpss8RegsFile)

Sdfm1RegsFile 
*          1    00005e00    00000048     UNINITIALIZED
                  00005e00    00000048     F2837xD_GlobalVariableDefs.obj (Sdfm1RegsFile)

Sdfm2RegsFile 
*          1    00005e80    00000048     UNINITIALIZED
                  00005e80    00000048     F2837xD_GlobalVariableDefs.obj (Sdfm2RegsFile)

McbspaRegsFile 
*          1    00006000    00000024     UNINITIALIZED
                  00006000    00000024     F2837xD_GlobalVariableDefs.obj (McbspaRegsFile)

McbspbRegsFile 
*          1    00006040    00000024     UNINITIALIZED
                  00006040    00000024     F2837xD_GlobalVariableDefs.obj (McbspbRegsFile)

SpiaRegsFile 
*          1    00006100    00000010     UNINITIALIZED
                  00006100    00000010     F2837xD_GlobalVariableDefs.obj (SpiaRegsFile)

SpibRegsFile 
*          1    00006110    00000010     UNINITIALIZED
                  00006110    00000010     F2837xD_GlobalVariableDefs.obj (SpibRegsFile)

SpicRegsFile 
*          1    00006120    00000010     UNINITIALIZED
                  00006120    00000010     F2837xD_GlobalVariableDefs.obj (SpicRegsFile)

UppRegsFile 
*          1    00006200    00000048     UNINITIALIZED
                  00006200    00000048     F2837xD_GlobalVariableDefs.obj (UppRegsFile)

WdRegsFile 
*          1    00007000    0000002b     UNINITIALIZED
                  00007000    0000002b     F2837xD_GlobalVariableDefs.obj (WdRegsFile)

NmiIntruptRegsFile 
*          1    00007060    00000007     UNINITIALIZED
                  00007060    00000007     F2837xD_GlobalVariableDefs.obj (NmiIntruptRegsFile)

XintRegsFile 
*          1    00007070    0000000b     UNINITIALIZED
                  00007070    0000000b     F2837xD_GlobalVariableDefs.obj (XintRegsFile)

SciaRegsFile 
*          1    00007200    00000010     UNINITIALIZED
                  00007200    00000010     F2837xD_GlobalVariableDefs.obj (SciaRegsFile)

ScibRegsFile 
*          1    00007210    00000010     UNINITIALIZED
                  00007210    00000010     F2837xD_GlobalVariableDefs.obj (ScibRegsFile)

ScicRegsFile 
*          1    00007220    00000010     UNINITIALIZED
                  00007220    00000010     F2837xD_GlobalVariableDefs.obj (ScicRegsFile)

ScidRegsFile 
*          1    00007230    00000010     UNINITIALIZED
                  00007230    00000010     F2837xD_GlobalVariableDefs.obj (ScidRegsFile)

I2caRegsFile 
*          1    00007300    00000022     UNINITIALIZED
                  00007300    00000022     F2837xD_GlobalVariableDefs.obj (I2caRegsFile)

I2cbRegsFile 
*          1    00007340    00000022     UNINITIALIZED
                  00007340    00000022     F2837xD_GlobalVariableDefs.obj (I2cbRegsFile)

AdcaRegsFile 
*          1    00007400    0000007c     UNINITIALIZED
                  00007400    0000007c     F2837xD_GlobalVariableDefs.obj (AdcaRegsFile)

AdcbRegsFile 
*          1    00007480    0000007c     UNINITIALIZED
                  00007480    0000007c     F2837xD_GlobalVariableDefs.obj (AdcbRegsFile)

AdccRegsFile 
*          1    00007500    0000007c     UNINITIALIZED
                  00007500    0000007c     F2837xD_GlobalVariableDefs.obj (AdccRegsFile)

AdcdRegsFile 
*          1    00007580    0000007c     UNINITIALIZED
                  00007580    0000007c     F2837xD_GlobalVariableDefs.obj (AdcdRegsFile)

InputXbarRegsFile 
*          1    00007900    00000020     UNINITIALIZED
                  00007900    00000020     F2837xD_GlobalVariableDefs.obj (InputXbarRegsFile)

XbarRegsFile 
*          1    00007920    0000000e     UNINITIALIZED
                  00007920    0000000e     F2837xD_GlobalVariableDefs.obj (XbarRegsFile)

SyncSocRegsFile 
*          1    00007940    00000006     UNINITIALIZED
                  00007940    00000006     F2837xD_GlobalVariableDefs.obj (SyncSocRegsFile)

DmaClaSrcSelRegsFile 
*          1    00007980    0000001a     UNINITIALIZED
                  00007980    0000001a     F2837xD_GlobalVariableDefs.obj (DmaClaSrcSelRegsFile)

EPwmXbarRegsFile 
*          1    00007a00    00000040     UNINITIALIZED
                  00007a00    00000040     F2837xD_GlobalVariableDefs.obj (EPwmXbarRegsFile)

ClbXbarRegsFile 
*          1    00007a40    00000040     UNINITIALIZED
                  00007a40    00000040     F2837xD_GlobalVariableDefs.obj (ClbXbarRegsFile)

OutputXbarRegsFile 
*          1    00007a80    00000040     UNINITIALIZED
                  00007a80    00000040     F2837xD_GlobalVariableDefs.obj (OutputXbarRegsFile)

GpioCtrlRegsFile 
*          1    00007c00    00000180     UNINITIALIZED
                  00007c00    00000180     F2837xD_GlobalVariableDefs.obj (GpioCtrlRegsFile)

GpioDataRegsFile 
*          1    00007f00    00000030     UNINITIALIZED
                  00007f00    00000030     F2837xD_GlobalVariableDefs.obj (GpioDataRegsFile)

Emif1RegsFile 
*          1    00047000    00000028     UNINITIALIZED
                  00047000    00000028     F2837xD_GlobalVariableDefs.obj (Emif1RegsFile)

Emif2RegsFile 
*          1    00047800    00000028     UNINITIALIZED
                  00047800    00000028     F2837xD_GlobalVariableDefs.obj (Emif2RegsFile)

CanaRegsFile 
*          1    00048000    00000164     UNINITIALIZED
                  00048000    00000164     F2837xD_GlobalVariableDefs.obj (CanaRegsFile)

CanbRegsFile 
*          1    0004a000    00000164     UNINITIALIZED
                  0004a000    00000164     F2837xD_GlobalVariableDefs.obj (CanbRegsFile)

IpcRegsFile 
*          1    00050000    00000024     UNINITIALIZED
                  00050000    00000024     F2837xD_GlobalVariableDefs.obj (IpcRegsFile)

FlashPumpSemaphoreRegsFile 
*          1    00050024    00000002     UNINITIALIZED
                  00050024    00000002     F2837xD_GlobalVariableDefs.obj (FlashPumpSemaphoreRegsFile)

DevCfgRegsFile 
*          1    0005d000    0000012e     UNINITIALIZED
                  0005d000    0000012e     F2837xD_GlobalVariableDefs.obj (DevCfgRegsFile)

AnalogSubsysRegsFile 
*          1    0005d180    0000003e     UNINITIALIZED
                  0005d180    0000003e     F2837xD_GlobalVariableDefs.obj (AnalogSubsysRegsFile)

ClkCfgRegsFile 
*          1    0005d200    00000032     UNINITIALIZED
                  0005d200    00000032     F2837xD_GlobalVariableDefs.obj (ClkCfgRegsFile)

CpuSysRegsFile 
*          1    0005d300    00000082     UNINITIALIZED
                  0005d300    00000082     F2837xD_GlobalVariableDefs.obj (CpuSysRegsFile)

DcsmZ1RegsFile 
*          1    0005f000    00000022     UNINITIALIZED
                  0005f000    00000022     F2837xD_GlobalVariableDefs.obj (DcsmZ1RegsFile)

DcsmZ2RegsFile 
*          1    0005f040    00000022     UNINITIALIZED
                  0005f040    00000022     F2837xD_GlobalVariableDefs.obj (DcsmZ2RegsFile)

DcsmCommonRegsFile 
*          1    0005f070    00000006     UNINITIALIZED
                  0005f070    00000006     F2837xD_GlobalVariableDefs.obj (DcsmCommonRegsFile)

MemCfgRegsFile 
*          1    0005f400    00000076     UNINITIALIZED
                  0005f400    00000076     F2837xD_GlobalVariableDefs.obj (MemCfgRegsFile)

Emif1ConfigRegsFile 
*          1    0005f480    0000000a     UNINITIALIZED
                  0005f480    0000000a     F2837xD_GlobalVariableDefs.obj (Emif1ConfigRegsFile)

Emif2ConfigRegsFile 
*          1    0005f4a0    0000000a     UNINITIALIZED
                  0005f4a0    0000000a     F2837xD_GlobalVariableDefs.obj (Emif2ConfigRegsFile)

AccessProtectionRegsFile 
*          1    0005f4c0    0000002e     UNINITIALIZED
                  0005f4c0    0000002e     F2837xD_GlobalVariableDefs.obj (AccessProtectionRegsFile)

MemoryErrorRegsFile 
*          1    0005f500    0000003a     UNINITIALIZED
                  0005f500    0000003a     F2837xD_GlobalVariableDefs.obj (MemoryErrorRegsFile)

Flash0CtrlRegsFile 
*          1    0005f800    00000182     UNINITIALIZED
                  0005f800    00000182     F2837xD_GlobalVariableDefs.obj (Flash0CtrlRegsFile)

Flash0EccRegsFile 
*          1    0005fb00    00000028     UNINITIALIZED
                  0005fb00    00000028     F2837xD_GlobalVariableDefs.obj (Flash0EccRegsFile)

RomPrefetchRegsFile 
*          1    0005e608    00000002     UNINITIALIZED
                  0005e608    00000002     F2837xD_GlobalVariableDefs.obj (RomPrefetchRegsFile)

RomWaitStateRegsFile 
*          1    0005f540    00000002     UNINITIALIZED
                  0005f540    00000002     F2837xD_GlobalVariableDefs.obj (RomWaitStateRegsFile)

.text.1    0    00008000    00002800     
                  00008000    00000775     F28379dSerial.obj (.text)
                  00008775    00000001     rts2800_fpu32.lib : startup.c.obj (.text)
                  00008776    000006da                       : _printfi.c.obj (.text)
                  00008e50    0000060a                       : _printfi.c.obj (.text:__TI_printfi)
                  0000945a    000005cb     Lab6.obj (.text)
                  00009a25    00000585     F2837xD_DefaultISR.obj (.text:retain)
                  00009faa    000004ab     F2837xD_SysCtrl.obj (.text)
                  0000a455    0000037c     Lab6.obj (.text:retain)
                  0000a7d1    0000002a     rts2800_fpu32.lib : fd_cmp28.asm.obj (.text)
                  0000a7fb    00000005                       : strcpy.c.obj (.text)

.text.2    0    0000c000    00000ed1     
                  0000c000    000002e5     F28379dSerial.obj (.text:retain)
                  0000c2e5    00000244     F2837xD_Gpio.obj (.text)
                  0000c529    00000107     rts2800_fpu32.lib : ll_div28.asm.obj (.text)
                  0000c630    000000fb     LEDPatterns.obj (.text)
                  0000c72b    000000ae     rts2800_fpu32.lib : s_scalbn.c.obj (.text)
                  0000c7d9    0000009c                       : fd_add28.asm.obj (.text)
                  0000c875    0000008b                       : fd_div28.asm.obj (.text)
                  0000c900    00000088                       : fs_div28.asm.obj (.text)
                  0000c988    00000083                       : fd_mpy28.asm.obj (.text)
                  0000ca0b    0000007c     F2837xD_CpuTimers.obj (.text)
                  0000ca87    00000063     rts2800_fpu32.lib : s_cosf.c.obj (.text)
                  0000caea    0000005a                       : s_frexp.c.obj (.text)
                  0000cb44    00000059                       : s_sinf.c.obj (.text)
                  0000cb9d    00000056                       : boot28.asm.obj (.text)
                  0000cbf3    00000031                       : atoi.c.obj (.text)
                  0000cc24    00000030                       : _ltoa.c.obj (.text)
                  0000cc54    00000030                       : vsprintf.c.obj (.text)
                  0000cc84    0000002a                       : l_div28.asm.obj (.text)
                  0000ccae    00000029                       : exit.c.obj (.text)
                  0000ccd7    00000028     F2837xD_PieCtrl.obj (.text)
                  0000ccff    00000026     F2837xD_PieVect.obj (.text)
                  0000cd25    00000025     rts2800_fpu32.lib : s_copysign.c.obj (.text)
                  0000cd4a    00000024                       : cpy_tbl.c.obj (.text)
                  0000cd6e    00000021                       : fd_toi28.asm.obj (.text)
                  0000cd8f    0000001f                       : fd_tol28.asm.obj (.text)
                  0000cdae    0000001e                       : ll_cmp28.asm.obj (.text)
                  0000cdcc    0000001d                       : i_tofd28.asm.obj (.text)
                  0000cde9    0000001d                       : memcpy.c.obj (.text)
                  0000ce06    0000001c                       : fs_tofdfpu32.asm.obj (.text)
                  0000ce22    0000001c                       : l_tofd28.asm.obj (.text)
                  0000ce3e    00000018                       : ll_aox28.asm.obj (.text)
                  0000ce56    00000012                       : args_main.c.obj (.text)
                  0000ce68    00000010                       : memccpy.c.obj (.text)
                  0000ce78    0000000e                       : fd_sub28.asm.obj (.text)
                  0000ce86    0000000c                       : strchr.c.obj (.text)
                  0000ce92    0000000b                       : u_div28.asm.obj (.text)
                  0000ce9d    00000009                       : _lock.c.obj (.text)
                  0000cea6    00000009                       : fd_neg28.asm.obj (.text)
                  0000ceaf    00000009                       : wcslen.c.obj (.text)
                  0000ceb8    00000008     F2837xD_CodeStartBranch.obj (.text)
                  0000cec0    00000008     rts2800_fpu32.lib : strlen.c.obj (.text)
                  0000cec8    00000007                       : memset.c.obj (.text)
                  0000cecf    00000002                       : pre_init.c.obj (.text)

MODULE SUMMARY

       Module                           code    initialized data   uninitialized data
       ------                           ----    ----------------   ------------------
    .\
       F2837xD_GlobalVariableDefs.obj   0       0                  9854              
       F28379dSerial.obj                2650    36                 3078              
       Lab6.obj                         2375    432                138               
       F2837xD_DefaultISR.obj           1413    0                  0                 
       F2837xD_SysCtrl.obj              1195    0                  0                 
       LEDPatterns.obj                  251     288                240               
       F2837xD_Gpio.obj                 580     0                  0                 
       F2837xD_PieVect.obj              38      448                0                 
       F2837xD_CpuTimers.obj            124     0                  24                
       F2837xD_PieCtrl.obj              40      0                  0                 
       F2837xD_CodeStartBranch.obj      10      0                  0                 
       F2837xD_usDelay.obj              4       0                  0                 
    +--+--------------------------------+-------+------------------+--------------------+
       Total:                           8680    1204               13334             
                                                                                     
    .\device\
       device.obj                       0       34                 6                 
    +--+--------------------------------+-------+------------------+--------------------+
       Total:                           0       34                 6                 
                                                                                     
    C:\Users\mattp\Documents\ccs\tools\compiler\ti-cgt-c2000_21.6.0.LTS\lib\rts2800_fpu32.lib
       _printfi.c.obj                   3300    66                 0                 
       ll_div28.asm.obj                 263     0                  0                 
       ctype.c.obj                      0       257                0                 
       s_scalbn.c.obj                   174     28                 0                 
       fd_add28.asm.obj                 156     0                  0                 
       fd_div28.asm.obj                 139     0                  0                 
       fs_div28.asm.obj                 136     0                  0                 
       fd_mpy28.asm.obj                 131     0                  0                 
       s_cosf.c.obj                     99      0                  0                 
       s_frexp.c.obj                    90      8                  0                 
       s_sinf.c.obj                     89      0                  0                 
       boot28.asm.obj                   86      0                  0                 
       exit.c.obj                       41      14                 6                 
       atoi.c.obj                       49      0                  0                 
       _ltoa.c.obj                      48      0                  0                 
       vsprintf.c.obj                   48      0                  0                 
       fd_cmp28.asm.obj                 42      0                  0                 
       l_div28.asm.obj                  42      0                  0                 
       s_copysign.c.obj                 37      0                  0                 
       cpy_tbl.c.obj                    36      0                  0                 
       fd_toi28.asm.obj                 33      0                  0                 
       fd_tol28.asm.obj                 31      0                  0                 
       ll_cmp28.asm.obj                 30      0                  0                 
       i_tofd28.asm.obj                 29      0                  0                 
       memcpy.c.obj                     29      0                  0                 
       fs_tofdfpu32.asm.obj             28      0                  0                 
       l_tofd28.asm.obj                 28      0                  0                 
       ll_aox28.asm.obj                 24      0                  0                 
       _lock.c.obj                      9       10                 4                 
       args_main.c.obj                  18      0                  0                 
       memccpy.c.obj                    16      0                  0                 
       fd_sub28.asm.obj                 14      0                  0                 
       strchr.c.obj                     12      0                  0                 
       u_div28.asm.obj                  11      0                  0                 
       fd_neg28.asm.obj                 9       0                  0                 
       wcslen.c.obj                     9       0                  0                 
       strlen.c.obj                     8       0                  0                 
       memset.c.obj                     7       0                  0                 
       errno.c.obj                      0       4                  1                 
       strcpy.c.obj                     5       0                  0                 
       pre_init.c.obj                   2       0                  0                 
       startup.c.obj                    1       0                  0                 
    +--+--------------------------------+-------+------------------+--------------------+
       Total:                           5359    387                11                
                                                                                     
    C:\jcwang4_mrperry4\ME461_Lab_Repo\C2000Ware_4_01_00_00\driverlib\f2837xd\driverlib\ccs\Debug\driverlib_coff.lib
       sysctl.obj                       4       194                0                 
       gpio.obj                         0       188                0                 
    +--+--------------------------------+-------+------------------+--------------------+
       Total:                           4       382                0                 
                                                                                     
       Stack:                           0       0                  2048              
    +--+--------------------------------+-------+------------------+--------------------+
       Grand Total:                     14043   2007               15399             


GLOBAL DATA SYMBOLS: SORTED BY DATA PAGE

address     data page           name
--------    ----------------    ----
00000b00      2c (00000b00)     _AdcaResultRegs
00000b20      2c (00000b00)     _AdcbResultRegs

00000b40      2d (00000b40)     _AdccResultRegs
00000b60      2d (00000b40)     _AdcdResultRegs

00000c00      30 (00000c00)     _CpuTimer0Regs
00000c08      30 (00000c00)     _CpuTimer1Regs
00000c10      30 (00000c00)     _CpuTimer2Regs

00000ce0      33 (00000cc0)     _PieCtrlRegs

00000d00      34 (00000d00)     _PieVectTable

00001000      40 (00001000)     _DmaRegs

00001400      50 (00001400)     _Cla1Regs

00003000      c0 (00003000)     _Clb1LogicCfgRegs

00003100      c4 (00003100)     _Clb1LogicCtrlRegs

00003200      c8 (00003200)     _Clb1DataExchRegs

00003400      d0 (00003400)     _Clb2LogicCfgRegs

00003500      d4 (00003500)     _Clb2LogicCtrlRegs

00003600      d8 (00003600)     _Clb2DataExchRegs

00003800      e0 (00003800)     _Clb3LogicCfgRegs

00003900      e4 (00003900)     _Clb3LogicCtrlRegs

00003a00      e8 (00003a00)     _Clb3DataExchRegs

00003c00      f0 (00003c00)     _Clb4LogicCfgRegs

00003d00      f4 (00003d00)     _Clb4LogicCtrlRegs

00003e00      f8 (00003e00)     _Clb4DataExchRegs

00004000     100 (00004000)     _EPwm1Regs

00004100     104 (00004100)     _EPwm2Regs

00004200     108 (00004200)     _EPwm3Regs

00004300     10c (00004300)     _EPwm4Regs

00004400     110 (00004400)     _EPwm5Regs

00004500     114 (00004500)     _EPwm6Regs

00004600     118 (00004600)     _EPwm7Regs

00004700     11c (00004700)     _EPwm8Regs

00004800     120 (00004800)     _EPwm9Regs

00004900     124 (00004900)     _EPwm10Regs

00004a00     128 (00004a00)     _EPwm11Regs

00004b00     12c (00004b00)     _EPwm12Regs

00005000     140 (00005000)     _ECap1Regs
00005020     140 (00005000)     _ECap2Regs

00005040     141 (00005040)     _ECap3Regs
00005060     141 (00005040)     _ECap4Regs

00005080     142 (00005080)     _ECap5Regs
000050a0     142 (00005080)     _ECap6Regs

00005100     144 (00005100)     _EQep1Regs

00005140     145 (00005140)     _EQep2Regs

00005180     146 (00005180)     _EQep3Regs

00005c00     170 (00005c00)     _DacaRegs
00005c10     170 (00005c00)     _DacbRegs
00005c20     170 (00005c00)     _DaccRegs

00005c80     172 (00005c80)     _Cmpss1Regs
00005ca0     172 (00005c80)     _Cmpss2Regs

00005cc0     173 (00005cc0)     _Cmpss3Regs
00005ce0     173 (00005cc0)     _Cmpss4Regs

00005d00     174 (00005d00)     _Cmpss5Regs
00005d20     174 (00005d00)     _Cmpss6Regs

00005d40     175 (00005d40)     _Cmpss7Regs
00005d60     175 (00005d40)     _Cmpss8Regs

00005e00     178 (00005e00)     _Sdfm1Regs

00005e80     17a (00005e80)     _Sdfm2Regs

00006000     180 (00006000)     _McbspaRegs

00006040     181 (00006040)     _McbspbRegs

00006100     184 (00006100)     _SpiaRegs
00006110     184 (00006100)     _SpibRegs
00006120     184 (00006100)     _SpicRegs

00006200     188 (00006200)     _UppRegs

00007000     1c0 (00007000)     _WdRegs

00007060     1c1 (00007040)     _NmiIntruptRegs
00007070     1c1 (00007040)     _XintRegs

00007200     1c8 (00007200)     _SciaRegs
00007210     1c8 (00007200)     _ScibRegs
00007220     1c8 (00007200)     _ScicRegs
00007230     1c8 (00007200)     _ScidRegs

00007300     1cc (00007300)     _I2caRegs

00007340     1cd (00007340)     _I2cbRegs

00007400     1d0 (00007400)     _AdcaRegs

00007480     1d2 (00007480)     _AdcbRegs

00007500     1d4 (00007500)     _AdccRegs

00007580     1d6 (00007580)     _AdcdRegs

00007900     1e4 (00007900)     _InputXbarRegs
00007920     1e4 (00007900)     _XbarRegs

00007940     1e5 (00007940)     _SyncSocRegs

00007980     1e6 (00007980)     _DmaClaSrcSelRegs

00007a00     1e8 (00007a00)     _EPwmXbarRegs

00007a40     1e9 (00007a40)     _ClbXbarRegs

00007a80     1ea (00007a80)     _OutputXbarRegs

00007c00     1f0 (00007c00)     _GpioCtrlRegs

00007f00     1fc (00007f00)     _GpioDataRegs

0000a800     2a0 (0000a800)     _PieVectTableInit

0000a9c0     2a7 (0000a9c0)     __ctypes_

0000b800     2e0 (0000b800)     __stack

00015000     540 (00015000)     _RXAdata
00015001     540 (00015000)     _RXBdata
00015002     540 (00015000)     _RXCdata
00015003     540 (00015000)     _RXDdata
00015004     540 (00015000)     _numRXA
00015006     540 (00015000)     _numRXB
00015008     540 (00015000)     _numRXC
0001500a     540 (00015000)     _numRXD

00015040     541 (00015040)     _SerialB

00015100     544 (00015100)     _SerialC

000151c0     547 (000151c0)     _SerialD

00015400     550 (00015400)     _SerialA

00015806     560 (00015800)     _CpuTimer0
0001580e     560 (00015800)     _CpuTimer1
00015816     560 (00015800)     _CpuTimer2
0001581e     560 (00015800)     _LED_0
0001582d     560 (00015800)     _LED_1
0001583c     560 (00015800)     __lock
0001583e     560 (00015800)     __unlock

00015840     561 (00015840)     _serial_printf_bufSCIA

00015c40     571 (00015c40)     _updown
00015c41     571 (00015c40)     _updown_motor
00015c42     571 (00015c40)     _UARTPrint
00015c43     571 (00015c40)     _LEDdisplaynum
00015c44     571 (00015c40)     _pwm1
00015c45     571 (00015c40)     _pwm2
00015c46     571 (00015c40)     _spivalue1
00015c47     571 (00015c40)     _spivalue2
00015c48     571 (00015c40)     _spivalue3
00015c49     571 (00015c40)     _dummy
00015c4a     571 (00015c40)     _accelXraw
00015c4b     571 (00015c40)     _accelYraw
00015c4c     571 (00015c40)     _accelZraw
00015c4d     571 (00015c40)     _gyroXraw
00015c4e     571 (00015c40)     _gyroYraw
00015c4f     571 (00015c40)     _gyroZraw
00015c50     571 (00015c40)     _leftwheel
00015c52     571 (00015c40)     _rightwheel
00015c54     571 (00015c40)     _leftwheelft
00015c56     571 (00015c40)     _rightwheelft
00015c58     571 (00015c40)     _uleft
00015c5a     571 (00015c40)     _uright
00015c5c     571 (00015c40)     _PosLeft_K
00015c5e     571 (00015c40)     _PosRight_K
00015c60     571 (00015c40)     _PosLeft_K_1
00015c62     571 (00015c40)     _PosRight_K_1
00015c64     571 (00015c40)     _VelLeft_K
00015c66     571 (00015c40)     _VelRight_K
00015c68     571 (00015c40)     _Vref
00015c6a     571 (00015c40)     _ek_left
00015c6c     571 (00015c40)     _ek_right
00015c6e     571 (00015c40)     _ek_left_1
00015c70     571 (00015c40)     _ek_right_1
00015c72     571 (00015c40)     _kp
00015c74     571 (00015c40)     _ki
00015c76     571 (00015c40)     _IK_left
00015c78     571 (00015c40)     _IK_right
00015c7a     571 (00015c40)     _IK_left_1
00015c7c     571 (00015c40)     _IK_right_1
00015c7e     571 (00015c40)     _uk_left

00015c80     572 (00015c80)     _uk_right
00015c82     572 (00015c80)     _turn
00015c84     572 (00015c80)     _eturn
00015c86     572 (00015c80)     _eleft
00015c88     572 (00015c80)     _eright
00015c8a     572 (00015c80)     _kpturn
00015c8c     572 (00015c80)     _WR
00015c8e     572 (00015c80)     _RWH
00015c90     572 (00015c80)     _thetaR
00015c92     572 (00015c80)     _thetaL
00015c94     572 (00015c80)     _phi
00015c96     572 (00015c80)     _Xr
00015c98     572 (00015c80)     _Yr
00015c9a     572 (00015c80)     _Xr_1
00015c9c     572 (00015c80)     _Yr_1
00015c9e     572 (00015c80)     _leftwheel_K_1
00015ca0     572 (00015c80)     _rightwheel_K_1
00015ca2     572 (00015c80)     _theta_avg
00015ca4     572 (00015c80)     _theta_dot_avg
00015ca6     572 (00015c80)     _AngVelLeft_K
00015ca8     572 (00015c80)     _AngVelRight_K
00015caa     572 (00015c80)     _Xr_dot
00015cac     572 (00015c80)     _Yr_dot
00015cae     572 (00015c80)     _Xr_dot_1
00015cb0     572 (00015c80)     _Yr_dot_1
00015cb2     572 (00015c80)     _saturation_limit
00015cb4     572 (00015c80)     _myeffort
00015cb6     572 (00015c80)     _numTimer0calls
00015cb8     572 (00015c80)     _numSWIcalls
00015cba     572 (00015c80)     _volt_spivalue2
00015cbc     572 (00015c80)     _volt_spivalue3
00015cbe     572 (00015c80)     _accelXreading

00015cc0     573 (00015cc0)     _accelYreading
00015cc2     573 (00015cc0)     _accelZreading
00015cc4     573 (00015cc0)     _gyroXreading
00015cc6     573 (00015cc0)     _gyroYreading
00015cc8     573 (00015cc0)     _gyroZreading
00015cca     573 (00015cc0)     _LED_2
00015cd9     573 (00015cc0)     _LED_3
00015ce8     573 (00015cc0)     _LED_4
00015cf7     573 (00015cc0)     _errno
00015cf8     573 (00015cc0)     _Example_Result
00015cfa     573 (00015cc0)     _Example_PassCount
00015cfc     573 (00015cc0)     _Example_Fail

00015d00     574 (00015d00)     _LED_5
00015d0f     574 (00015d00)     _LED_6
00015d1e     574 (00015d00)     _LED_7
00015d2d     574 (00015d00)     _LED_8

00015d40     575 (00015d40)     _LED_9
00015d4f     575 (00015d40)     _LED_A
00015d5e     575 (00015d40)     _LED_B
00015d6d     575 (00015d40)     _LED_C

00015d80     576 (00015d80)     _LED_D
00015d8f     576 (00015d80)     _LED_E
00015d9e     576 (00015d80)     _LED_F
00015dae     576 (00015d80)     ___TI_enable_exit_profile_output
00015db0     576 (00015d80)     ___TI_cleanup_ptr
00015db2     576 (00015d80)     ___TI_dtors_ptr

00047000    11c0 (00047000)     _Emif1Regs

00047800    11e0 (00047800)     _Emif2Regs

00048000    1200 (00048000)     _CanaRegs

0004a000    1280 (0004a000)     _CanbRegs

00050000    1400 (00050000)     _IpcRegs
00050024    1400 (00050000)     _FlashPumpSemaphoreRegs

0005d000    1740 (0005d000)     _DevCfgRegs

0005d180    1746 (0005d180)     _AnalogSubsysRegs

0005d200    1748 (0005d200)     _ClkCfgRegs

0005d300    174c (0005d300)     _CpuSysRegs

0005e608    1798 (0005e600)     _RomPrefetchRegs

0005f000    17c0 (0005f000)     _DcsmZ1Regs

0005f040    17c1 (0005f040)     _DcsmZ2Regs
0005f070    17c1 (0005f040)     _DcsmCommonRegs

0005f400    17d0 (0005f400)     _MemCfgRegs

0005f480    17d2 (0005f480)     _Emif1ConfigRegs
0005f4a0    17d2 (0005f480)     _Emif2ConfigRegs

0005f4c0    17d3 (0005f4c0)     _AccessProtectionRegs

0005f500    17d4 (0005f500)     _MemoryErrorRegs

0005f540    17d5 (0005f540)     _RomWaitStateRegs

0005f800    17e0 (0005f800)     _Flash0CtrlRegs

0005fb00    17ec (0005fb00)     _Flash0EccRegs


GLOBAL SYMBOLS: SORTED ALPHABETICALLY BY Name 

page  address   name                                  
----  -------   ----                                  
abs   ffffffff  .text                                 
0     0000ccae  C$$EXIT                               
0     0000c7d9  FD$$ADD                               
0     0000a7d1  FD$$CMP                               
0     0000c875  FD$$DIV                               
0     0000c988  FD$$MPY                               
0     0000cea6  FD$$NEG                               
0     0000ce78  FD$$SUB                               
0     0000cd6e  FD$$TOI                               
0     0000cd8f  FD$$TOL                               
0     0000c900  FS$$DIV                               
0     0000ce06  FS$$TOFD                              
0     0000cdcc  I$$TOFD                               
0     0000cc84  L$$DIV                                
0     0000cc93  L$$MOD                                
0     0000ce22  L$$TOFD                               
0     0000ce3e  LL$$AND                               
0     0000cdae  LL$$CMP                               
0     0000c529  LL$$DIV                               
0     0000c565  LL$$MOD                               
0     0000ce46  LL$$OR                                
0     0000ce4e  LL$$XOR                               
0     0000ce92  U$$DIV                                
0     0000ce97  U$$MOD                                
0     0000cca1  UL$$DIV                               
0     0000cca8  UL$$MOD                               
0     0000cdc0  ULL$$CMP                              
0     0000c59f  ULL$$DIV                              
0     0000c5ce  ULL$$MOD                              
0     00009ae3  _ADCA1_ISR                            
0     00009d63  _ADCA2_ISR                            
0     00009d6d  _ADCA3_ISR                            
0     00009d77  _ADCA4_ISR                            
0     00009d59  _ADCA_EVT_ISR                         
0     00009aed  _ADCB1_ISR                            
0     00009d8b  _ADCB2_ISR                            
0     00009d95  _ADCB3_ISR                            
0     00009d9f  _ADCB4_ISR                            
0     00009d81  _ADCB_EVT_ISR                         
0     00009af7  _ADCC1_ISR                            
0     00009ef3  _ADCC2_ISR                            
0     00009efd  _ADCC3_ISR                            
0     00009f07  _ADCC4_ISR                            
0     00009ee9  _ADCC_EVT_ISR                         
0     00009b15  _ADCD1_ISR                            
0     00009f1b  _ADCD2_ISR                            
0     00009f25  _ADCD3_ISR                            
0     00009f2f  _ADCD4_ISR                            
0     00009f11  _ADCD_EVT_ISR                         
0     00009f6b  _AUX_PLL_SLIP_ISR                     
1     0005f4c0  _AccessProtectionRegs                 
1     00007400  _AdcaRegs                             
1     00000b00  _AdcaResultRegs                       
1     00007480  _AdcbRegs                             
1     00000b20  _AdcbResultRegs                       
1     00007500  _AdccRegs                             
1     00000b40  _AdccResultRegs                       
1     00007580  _AdcdRegs                             
1     00000b60  _AdcdResultRegs                       
1     0005d180  _AnalogSubsysRegs                     
1     00015ca6  _AngVelLeft_K                         
1     00015ca8  _AngVelRight_K                        
0     0000a3e4  _AuxAuxClkSel                         
0     0000a3ce  _AuxIntOsc2Sel                        
0     0000a3d8  _AuxXtalOscSel                        
0     00009d31  _CANA0_ISR                            
0     00009d3b  _CANA1_ISR                            
0     00009d45  _CANB0_ISR                            
0     00009d4f  _CANB1_ISR                            
0     00009da9  _CLA1_1_ISR                           
0     00009db3  _CLA1_2_ISR                           
0     00009dbd  _CLA1_3_ISR                           
0     00009dc7  _CLA1_4_ISR                           
0     00009dd1  _CLA1_5_ISR                           
0     00009ddb  _CLA1_6_ISR                           
0     00009de5  _CLA1_7_ISR                           
0     00009def  _CLA1_8_ISR                           
0     00009f75  _CLA_OVERFLOW_ISR                     
0     00009f7f  _CLA_UNDERFLOW_ISR                    
1     00048000  _CanaRegs                             
1     0004a000  _CanbRegs                             
1     00001400  _Cla1Regs                             
1     00003200  _Clb1DataExchRegs                     
1     00003000  _Clb1LogicCfgRegs                     
1     00003100  _Clb1LogicCtrlRegs                    
1     00003600  _Clb2DataExchRegs                     
1     00003400  _Clb2LogicCfgRegs                     
1     00003500  _Clb2LogicCtrlRegs                    
1     00003a00  _Clb3DataExchRegs                     
1     00003800  _Clb3LogicCfgRegs                     
1     00003900  _Clb3LogicCtrlRegs                    
1     00003e00  _Clb4DataExchRegs                     
1     00003c00  _Clb4LogicCfgRegs                     
1     00003d00  _Clb4LogicCtrlRegs                    
1     00007a40  _ClbXbarRegs                          
1     0005d200  _ClkCfgRegs                           
1     00005c80  _Cmpss1Regs                           
1     00005ca0  _Cmpss2Regs                           
1     00005cc0  _Cmpss3Regs                           
1     00005ce0  _Cmpss4Regs                           
1     00005d00  _Cmpss5Regs                           
1     00005d20  _Cmpss6Regs                           
1     00005d40  _Cmpss7Regs                           
1     00005d60  _Cmpss8Regs                           
0     0000ca4c  _ConfigCpuTimer                       
0     0000a438  _ConfigureTMXAnalogTrim               
1     0005d300  _CpuSysRegs                           
1     00015806  _CpuTimer0                            
1     00000c00  _CpuTimer0Regs                        
1     0001580e  _CpuTimer1                            
1     00000c08  _CpuTimer1Regs                        
1     00015816  _CpuTimer2                            
1     00000c10  _CpuTimer2Regs                        
0     0000a379  _CsmUnlock                            
0     00009a39  _DATALOG_ISR                          
0     00009c7d  _DMA_CH1_ISR                          
0     00009c87  _DMA_CH2_ISR                          
0     00009c91  _DMA_CH3_ISR                          
0     00009c9b  _DMA_CH4_ISR                          
0     00009ca5  _DMA_CH5_ISR                          
0     00009caf  _DMA_CH6_ISR                          
1     00005c00  _DacaRegs                             
1     00005c10  _DacbRegs                             
1     00005c20  _DaccRegs                             
1     0005f070  _DcsmCommonRegs                       
1     0005f000  _DcsmZ1Regs                           
1     0005f040  _DcsmZ2Regs                           
1     0005d000  _DevCfgRegs                           
0     0000a08d  _DisableDog                           
0     0000a04e  _DisablePeripheralClocks              
1     00007980  _DmaClaSrcSelRegs                     
1     00001000  _DmaRegs                              
0     00009bd3  _ECAP1_ISR                            
0     00009bdd  _ECAP2_ISR                            
0     00009be7  _ECAP3_ISR                            
0     00009bf1  _ECAP4_ISR                            
0     00009bfb  _ECAP5_ISR                            
0     00009c05  _ECAP6_ISR                            
1     00005000  _ECap1Regs                            
1     00005020  _ECap2Regs                            
1     00005040  _ECap3Regs                            
1     00005060  _ECap4Regs                            
1     00005080  _ECap5Regs                            
1     000050a0  _ECap6Regs                            
0     00009f39  _EMIF_ERROR_ISR                       
0     00009f93  _EMPTY_ISR                            
0     00009a4d  _EMU_ISR                              
0     00009e8f  _EPWM10_ISR                           
0     00009e67  _EPWM10_TZ_ISR                        
0     00009e99  _EPWM11_ISR                           
0     00009e71  _EPWM11_TZ_ISR                        
0     00009ea3  _EPWM12_ISR                           
0     00009e7b  _EPWM12_TZ_ISR                        
0     00009b83  _EPWM1_ISR                            
0     00009b33  _EPWM1_TZ_ISR                         
0     00009b8d  _EPWM2_ISR                            
0     00009b3d  _EPWM2_TZ_ISR                         
0     00009b97  _EPWM3_ISR                            
0     00009b47  _EPWM3_TZ_ISR                         
0     00009ba1  _EPWM4_ISR                            
0     00009b51  _EPWM4_TZ_ISR                         
0     00009bab  _EPWM5_ISR                            
0     00009b5b  _EPWM5_TZ_ISR                         
0     00009bb5  _EPWM6_ISR                            
0     00009b65  _EPWM6_TZ_ISR                         
0     00009bbf  _EPWM7_ISR                            
0     00009b6f  _EPWM7_TZ_ISR                         
0     00009bc9  _EPWM8_ISR                            
0     00009b79  _EPWM8_TZ_ISR                         
0     00009e85  _EPWM9_ISR                            
0     00009e5d  _EPWM9_TZ_ISR                         
1     00004900  _EPwm10Regs                           
1     00004a00  _EPwm11Regs                           
1     00004b00  _EPwm12Regs                           
1     00004000  _EPwm1Regs                            
1     00004100  _EPwm2Regs                            
1     00004200  _EPwm3Regs                            
1     00004300  _EPwm4Regs                            
1     00004400  _EPwm5Regs                            
1     00004500  _EPwm6Regs                            
1     00004600  _EPwm7Regs                            
1     00004700  _EPwm8Regs                            
1     00004800  _EPwm9Regs                            
1     00007a00  _EPwmXbarRegs                         
0     00009c0f  _EQEP1_ISR                            
0     00009c19  _EQEP2_ISR                            
0     00009c23  _EQEP3_ISR                            
1     00005100  _EQep1Regs                            
1     00005140  _EQep2Regs                            
1     00005180  _EQep3Regs                            
1     0005f480  _Emif1ConfigRegs                      
1     00047000  _Emif1Regs                            
1     0005f4a0  _Emif2ConfigRegs                      
1     00047800  _Emif2Regs                            
0     0000ccf6  _EnableInterrupts                     
1     00015cfc  _Example_Fail                         
1     00015cfa  _Example_PassCount                    
1     00015cf8  _Example_Result                       
0     00000123  _F28x_usDelay                         
0     00009f4d  _FLASH_CORRECTABLE_ERROR_ISR          
0     00009e21  _FPU_OVERFLOW_ISR                     
0     00009e2b  _FPU_UNDERFLOW_ISR                    
1     0005f800  _Flash0CtrlRegs                       
1     0005fb00  _Flash0EccRegs                        
1     00050024  _FlashPumpSemaphoreRegs               
0     0000c4de  _GPIO_EnableUnbondedIOPullups         
0     0000c4b9  _GPIO_EnableUnbondedIOPullupsFor100Pin
0     0000c4a0  _GPIO_EnableUnbondedIOPullupsFor176Pin
0     0000c4f4  _GPIO_ReadPin                         
0     0000c445  _GPIO_SetupLock                       
0     0000c325  _GPIO_SetupPinMux                     
0     0000c3b1  _GPIO_SetupPinOptions                 
0     0000c46e  _GPIO_SetupXINT1Gpio                  
0     0000c478  _GPIO_SetupXINT2Gpio                  
0     0000c482  _GPIO_SetupXINT3Gpio                  
0     0000c48c  _GPIO_SetupXINT4Gpio                  
0     0000c496  _GPIO_SetupXINT5Gpio                  
0     0000c50b  _GPIO_WritePin                        
1     00007c00  _GpioCtrlRegs                         
1     00007f00  _GpioDataRegs                         
0     0000a402  _HALT                                 
0     0000a41b  _HIB                                  
0     00009cc3  _I2CA_FIFO_ISR                        
0     00009cb9  _I2CA_ISR                             
0     00009cd7  _I2CB_FIFO_ISR                        
0     00009ccd  _I2CB_ISR                             
1     00007300  _I2caRegs                             
1     00007340  _I2cbRegs                             
0     0000a3ee  _IDLE                                 
1     00015c76  _IK_left                              
1     00015c7a  _IK_left_1                            
1     00015c78  _IK_right                             
1     00015c7c  _IK_right_1                           
0     00009a61  _ILLEGAL_ISR                          
0     00009e35  _IPC0_ISR                             
0     00009e3f  _IPC1_ISR                             
0     00009e49  _IPC2_ISR                             
0     00009e53  _IPC3_ISR                             
0     0000a28a  _InitAuxPll                           
0     0000ca0b  _InitCpuTimers                        
0     0000c2e5  _InitGpio                             
0     00009fca  _InitPeripheralClocks                 
0     0000ccd7  _InitPieCtrl                          
0     0000ccff  _InitPieVectTable                     
0     00009faa  _InitSysCtrl                          
0     0000a09b  _InitSysPll                           
1     00007900  _InputXbarRegs                        
1     00050000  _IpcRegs                              
1     0001581e  _LED_0                                
1     0001582d  _LED_1                                
1     00015cca  _LED_2                                
1     00015cd9  _LED_3                                
1     00015ce8  _LED_4                                
1     00015d00  _LED_5                                
1     00015d0f  _LED_6                                
1     00015d1e  _LED_7                                
1     00015d2d  _LED_8                                
1     00015d40  _LED_9                                
1     00015d4f  _LED_A                                
1     00015d5e  _LED_B                                
1     00015d6d  _LED_C                                
1     00015d80  _LED_D                                
1     00015d8f  _LED_E                                
1     00015d9e  _LED_F                                
1     00015c43  _LEDdisplaynum                        
0     00009c55  _MCBSPA_RX_ISR                        
0     00009c5f  _MCBSPA_TX_ISR                        
0     00009c69  _MCBSPB_RX_ISR                        
0     00009c73  _MCBSPB_TX_ISR                        
1     00006000  _McbspaRegs                           
1     00006040  _McbspbRegs                           
1     0005f400  _MemCfgRegs                           
1     0005f500  _MemoryErrorRegs                      
0     00009a57  _NMI_ISR                              
0     00009fa0  _NOTUSED_ISR                          
1     00007060  _NmiIntruptRegs                       
1     00007a80  _OutputXbarRegs                       
0     00009f89  _PIE_RESERVED_ISR                     
1     00000ce0  _PieCtrlRegs                          
1     00000d00  _PieVectTable                         
1     0000a800  _PieVectTableInit                     
1     00015c5c  _PosLeft_K                            
1     00015c60  _PosLeft_K_1                          
1     00015c5e  _PosRight_K                           
1     00015c62  _PosRight_K_1                         
0     00009f57  _RAM_ACCESS_VIOLATION_ISR             
0     00009f43  _RAM_CORRECTABLE_ERROR_ISR            
0     00009a43  _RTOS_ISR                             
1     00015c8e  _RWH                                  
0     0000c1a4  _RXAINT_recv_ready                    
1     00015000  _RXAdata                              
0     0000c25b  _RXBINT_recv_ready                    
1     00015001  _RXBdata                              
0     0000c289  _RXCINT_recv_ready                    
1     00015002  _RXCdata                              
0     0000c2b7  _RXDINT_recv_ready                    
1     00015003  _RXDdata                              
0     0000a075  _ReleaseFlashPump                     
1     0005e608  _RomPrefetchRegs                      
1     0005f540  _RomWaitStateRegs                     
0     00009d09  _SCIA_RX_ISR                          
0     00009d13  _SCIA_TX_ISR                          
0     00009d1d  _SCIB_RX_ISR                          
0     00009d27  _SCIB_TX_ISR                          
0     00009ce1  _SCIC_RX_ISR                          
0     00009ceb  _SCIC_TX_ISR                          
0     00009cf5  _SCID_RX_ISR                          
0     00009cff  _SCID_TX_ISR                          
0     00009ead  _SD1_ISR                              
0     00009eb7  _SD2_ISR                              
0     00009c2d  _SPIA_RX_ISR                          
0     00009c37  _SPIA_TX_ISR                          
0     00009c41  _SPIB_RX_ISR                          
0     00009c4b  _SPIB_TX_ISR                          
0     0000a700  _SPIB_isr                             
0     00009ec1  _SPIC_RX_ISR                          
0     00009ecb  _SPIC_TX_ISR                          
0     0000a3f7  _STANDBY                              
0     0000a455  _SWI_isr                              
0     00009f61  _SYS_PLL_SLIP_ISR                     
1     00007200  _SciaRegs                             
1     00007210  _ScibRegs                             
1     00007220  _ScicRegs                             
1     00007230  _ScidRegs                             
1     00005e00  _Sdfm1Regs                            
1     00005e80  _Sdfm2Regs                            
0     0000a066  _SeizeFlashPump                       
1     00015400  _SerialA                              
1     00015040  _SerialB                              
1     00015100  _SerialC                              
1     000151c0  _SerialD                              
0     0000a07f  _ServiceDog                           
1     00006100  _SpiaRegs                             
1     00006110  _SpibRegs                             
1     00006120  _SpicRegs                             
1     00007940  _SyncSocRegs                          
0     00000127  _SysCtl_delay                         
0     0000a39a  _SysIntOsc1Sel                        
0     0000a3aa  _SysIntOsc2Sel                        
0     0000a3be  _SysXtalOscSel                        
0     00009b1f  _TIMER0_ISR                           
0     00009a25  _TIMER1_ISR                           
0     00009a2f  _TIMER2_ISR                           
0     0000c000  _TXAINT_data_sent                     
0     0000c069  _TXBINT_data_sent                     
0     0000c0d2  _TXCINT_data_sent                     
0     0000c13b  _TXDINT_data_sent                     
1     00015c42  _UARTPrint                            
0     00009ed5  _UPPA_ISR                             
0     00009edf  _USBA_ISR                             
0     00009ac5  _USER10_ISR                           
0     00009acf  _USER11_ISR                           
0     00009ad9  _USER12_ISR                           
0     00009a6b  _USER1_ISR                            
0     00009a75  _USER2_ISR                            
0     00009a7f  _USER3_ISR                            
0     00009a89  _USER4_ISR                            
0     00009a93  _USER5_ISR                            
0     00009a9d  _USER6_ISR                            
0     00009aa7  _USER7_ISR                            
0     00009ab1  _USER8_ISR                            
0     00009abb  _USER9_ISR                            
1     00006200  _UppRegs                              
0     00009e17  _VCU_ISR                              
1     00015c64  _VelLeft_K                            
1     00015c66  _VelRight_K                           
1     00015c68  _Vref                                 
0     00009b29  _WAKE_ISR                             
1     00015c8c  _WR                                   
1     00007000  _WdRegs                               
0     00009b01  _XINT1_ISR                            
0     00009b0b  _XINT2_ISR                            
0     00009df9  _XINT3_ISR                            
0     00009e03  _XINT4_ISR                            
0     00009e0d  _XINT5_ISR                            
1     00007920  _XbarRegs                             
1     00007070  _XintRegs                             
1     00015c96  _Xr                                   
1     00015c9a  _Xr_1                                 
1     00015caa  _Xr_dot                               
1     00015cae  _Xr_dot_1                             
1     00015c98  _Yr                                   
1     00015c9c  _Yr_1                                 
1     00015cac  _Yr_dot                               
1     00015cb0  _Yr_dot_1                             
1     0000c000  __STACK_END                           
abs   00000800  __STACK_SIZE                          
1     00015db0  ___TI_cleanup_ptr                     
1     00015db2  ___TI_dtors_ptr                       
1     00015dae  ___TI_enable_exit_profile_output      
0     0000cc24  ___TI_ltoa                            
abs   ffffffff  ___TI_pprof_out_hndl                  
0     000092c9  ___TI_printfi                         
abs   ffffffff  ___TI_prof_data_size                  
abs   ffffffff  ___TI_prof_data_start                 
abs   ffffffff  ___binit__                            
abs   ffffffff  ___c_args__                           
0     0000b000  ___cinit__                            
abs   ffffffff  ___etext__                            
abs   ffffffff  ___pinit__                            
abs   ffffffff  ___text__                             
0     0000ce56  __args_main                           
1     0000a9c0  __ctypes_                             
1     0001583c  __lock                                
0     0000cea5  __nop                                 
0     0000cea1  __register_lock                       
0     0000ce9d  __register_unlock                     
1     0000b800  __stack                               
0     00008775  __system_post_cinit                   
0     0000cecf  __system_pre_init                     
1     0001583e  __unlock                              
0     0000ccae  _abort                                
1     00015c4a  _accelXraw                            
1     00015cbe  _accelXreading                        
1     00015c4b  _accelYraw                            
1     00015cc0  _accelYreading                        
1     00015c4c  _accelZraw                            
1     00015cc2  _accelZreading                        
0     0000cbf3  _atoi                                 
0     0000cb9d  _c_int00                              
0     0000cd4a  _copy_in                              
0     0000cd25  _copysignl                            
0     0000ca87  _cos                                  
0     0000ca87  _cosf                                 
0     0000a46f  _cpu_timer0_isr                       
0     0000a4d6  _cpu_timer1_isr                       
0     0000a6c5  _cpu_timer2_isr                       
0     0000c6b6  _displayLEDletter                     
1     00015c49  _dummy                                
1     00015c6a  _ek_left                              
1     00015c6e  _ek_left_1                            
1     00015c6c  _ek_right                             
1     00015c70  _ek_right_1                           
1     00015c86  _eleft                                
1     00015c88  _eright                               
1     00015cf7  _errno                                
1     00015c84  _eturn                                
0     0000ccb0  _exit                                 
0     0000caea  _frexpl                               
1     00015c4d  _gyroXraw                             
1     00015cc4  _gyroXreading                         
1     00015c4e  _gyroYraw                             
1     00015cc6  _gyroYreading                         
1     00015c4f  _gyroZraw                             
1     00015cc8  _gyroZreading                         
0     000096e4  _init_eQEPs                           
0     0000822a  _init_serialSCIA                      
0     0000837c  _init_serialSCIB                      
0     000084c4  _init_serialSCIC                      
0     0000860c  _init_serialSCID                      
1     00015c74  _ki                                   
1     00015c72  _kp                                   
1     00015c8a  _kpturn                               
0     0000c72b  _ldexpl                               
1     00015c50  _leftwheel                            
1     00015c9e  _leftwheel_K_1                        
1     00015c54  _leftwheelft                          
0     0000945a  _main                                 
0     0000ce68  _memccpy                              
0     0000cde9  _memcpy                               
[...]
0     00009f4d  _FLASH_CORRECTABLE_ERROR_ISR          
0     00009f57  _RAM_ACCESS_VIOLATION_ISR             
0     00009f61  _SYS_PLL_SLIP_ISR                     
0     00009f6b  _AUX_PLL_SLIP_ISR                     
0     00009f75  _CLA_OVERFLOW_ISR                     
0     00009f7f  _CLA_UNDERFLOW_ISR                    
0     00009f89  _PIE_RESERVED_ISR                     
0     00009f93  _EMPTY_ISR                            
0     00009fa0  _NOTUSED_ISR                          
0     00009faa  _InitSysCtrl                          
0     00009fca  _InitPeripheralClocks                 
0     0000a04e  _DisablePeripheralClocks              
0     0000a066  _SeizeFlashPump                       
0     0000a075  _ReleaseFlashPump                     
0     0000a07f  _ServiceDog                           
0     0000a08d  _DisableDog                           
0     0000a09b  _InitSysPll                           
0     0000a28a  _InitAuxPll                           
0     0000a379  _CsmUnlock                            
0     0000a39a  _SysIntOsc1Sel                        
0     0000a3aa  _SysIntOsc2Sel                        
0     0000a3be  _SysXtalOscSel                        
0     0000a3ce  _AuxIntOsc2Sel                        
0     0000a3d8  _AuxXtalOscSel                        
0     0000a3e4  _AuxAuxClkSel                         
0     0000a3ee  _IDLE                                 
0     0000a3f7  _STANDBY                              
0     0000a402  _HALT                                 
0     0000a41b  _HIB                                  
0     0000a438  _ConfigureTMXAnalogTrim               
0     0000a455  _SWI_isr                              
0     0000a46f  _cpu_timer0_isr                       
0     0000a4d6  _cpu_timer1_isr                       
0     0000a6c5  _cpu_timer2_isr                       
0     0000a700  _SPIB_isr                             
0     0000a7d1  FD$$CMP                               
0     0000a7fb  _strcpy                               
0     0000b000  ___cinit__                            
0     0000b000  cinit                                 
0     0000c000  _TXAINT_data_sent                     
0     0000c069  _TXBINT_data_sent                     
0     0000c0d2  _TXCINT_data_sent                     
0     0000c13b  _TXDINT_data_sent                     
0     0000c1a4  _RXAINT_recv_ready                    
0     0000c25b  _RXBINT_recv_ready                    
0     0000c289  _RXCINT_recv_ready                    
0     0000c2b7  _RXDINT_recv_ready                    
0     0000c2e5  _InitGpio                             
0     0000c325  _GPIO_SetupPinMux                     
0     0000c3b1  _GPIO_SetupPinOptions                 
0     0000c445  _GPIO_SetupLock                       
0     0000c46e  _GPIO_SetupXINT1Gpio                  
0     0000c478  _GPIO_SetupXINT2Gpio                  
0     0000c482  _GPIO_SetupXINT3Gpio                  
0     0000c48c  _GPIO_SetupXINT4Gpio                  
0     0000c496  _GPIO_SetupXINT5Gpio                  
0     0000c4a0  _GPIO_EnableUnbondedIOPullupsFor176Pin
0     0000c4b9  _GPIO_EnableUnbondedIOPullupsFor100Pin
0     0000c4de  _GPIO_EnableUnbondedIOPullups         
0     0000c4f4  _GPIO_ReadPin                         
0     0000c50b  _GPIO_WritePin                        
0     0000c529  LL$$DIV                               
0     0000c565  LL$$MOD                               
0     0000c59f  ULL$$DIV                              
0     0000c5ce  ULL$$MOD                              
0     0000c630  _setLEDLetter                         
0     0000c6b6  _displayLEDletter                     
0     0000c72b  _ldexpl                               
0     0000c72b  _scalbnl                              
0     0000c7d9  FD$$ADD                               
0     0000c875  FD$$DIV                               
0     0000c900  FS$$DIV                               
0     0000c988  FD$$MPY                               
0     0000ca0b  _InitCpuTimers                        
0     0000ca4c  _ConfigCpuTimer                       
0     0000ca87  _cos                                  
0     0000ca87  _cosf                                 
0     0000caea  _frexpl                               
0     0000cb44  _sin                                  
0     0000cb44  _sinf                                 
0     0000cb9d  _c_int00                              
0     0000cbf3  _atoi                                 
0     0000cc24  ___TI_ltoa                            
0     0000cc54  _vsprintf                             
0     0000cc84  L$$DIV                                
0     0000cc93  L$$MOD                                
0     0000cca1  UL$$DIV                               
0     0000cca8  UL$$MOD                               
0     0000ccae  C$$EXIT                               
0     0000ccae  _abort                                
0     0000ccb0  _exit                                 
0     0000ccd7  _InitPieCtrl                          
0     0000ccf6  _EnableInterrupts                     
0     0000ccff  _InitPieVectTable                     
0     0000cd25  _copysignl                            
0     0000cd4a  _copy_in                              
0     0000cd6e  FD$$TOI                               
0     0000cd8f  FD$$TOL                               
0     0000cdae  LL$$CMP                               
0     0000cdc0  ULL$$CMP                              
0     0000cdcc  I$$TOFD                               
0     0000cde9  _memcpy                               
0     0000ce06  FS$$TOFD                              
0     0000ce22  L$$TOFD                               
0     0000ce3e  LL$$AND                               
0     0000ce46  LL$$OR                                
0     0000ce4e  LL$$XOR                               
0     0000ce56  __args_main                           
0     0000ce68  _memccpy                              
0     0000ce78  FD$$SUB                               
0     0000ce86  _strchr                               
0     0000ce92  U$$DIV                                
0     0000ce97  U$$MOD                                
0     0000ce9d  __register_unlock                     
0     0000cea1  __register_lock                       
0     0000cea5  __nop                                 
0     0000cea6  FD$$NEG                               
0     0000ceaf  _wcslen                               
0     0000cec0  _strlen                               
0     0000cec8  _memset                               
0     0000cecf  __system_pre_init                     
1     00000b00  _AdcaResultRegs                       
1     00000b20  _AdcbResultRegs                       
1     00000b40  _AdccResultRegs                       
1     00000b60  _AdcdResultRegs                       
1     00000c00  _CpuTimer0Regs                        
1     00000c08  _CpuTimer1Regs                        
1     00000c10  _CpuTimer2Regs                        
1     00000ce0  _PieCtrlRegs                          
1     00000d00  _PieVectTable                         
1     00001000  _DmaRegs                              
1     00001400  _Cla1Regs                             
1     00003000  _Clb1LogicCfgRegs                     
1     00003100  _Clb1LogicCtrlRegs                    
1     00003200  _Clb1DataExchRegs                     
1     00003400  _Clb2LogicCfgRegs                     
1     00003500  _Clb2LogicCtrlRegs                    
1     00003600  _Clb2DataExchRegs                     
1     00003800  _Clb3LogicCfgRegs                     
1     00003900  _Clb3LogicCtrlRegs                    
1     00003a00  _Clb3DataExchRegs                     
1     00003c00  _Clb4LogicCfgRegs                     
1     00003d00  _Clb4LogicCtrlRegs                    
1     00003e00  _Clb4DataExchRegs                     
1     00004000  _EPwm1Regs                            
1     00004100  _EPwm2Regs                            
1     00004200  _EPwm3Regs                            
1     00004300  _EPwm4Regs                            
1     00004400  _EPwm5Regs                            
1     00004500  _EPwm6Regs                            
1     00004600  _EPwm7Regs                            
1     00004700  _EPwm8Regs                            
1     00004800  _EPwm9Regs                            
1     00004900  _EPwm10Regs                           
1     00004a00  _EPwm11Regs                           
1     00004b00  _EPwm12Regs                           
1     00005000  _ECap1Regs                            
1     00005020  _ECap2Regs                            
1     00005040  _ECap3Regs                            
1     00005060  _ECap4Regs                            
1     00005080  _ECap5Regs                            
1     000050a0  _ECap6Regs                            
1     00005100  _EQep1Regs                            
1     00005140  _EQep2Regs                            
1     00005180  _EQep3Regs                            
1     00005c00  _DacaRegs                             
1     00005c10  _DacbRegs                             
1     00005c20  _DaccRegs                             
1     00005c80  _Cmpss1Regs                           
1     00005ca0  _Cmpss2Regs                           
1     00005cc0  _Cmpss3Regs                           
1     00005ce0  _Cmpss4Regs                           
1     00005d00  _Cmpss5Regs                           
1     00005d20  _Cmpss6Regs                           
1     00005d40  _Cmpss7Regs                           
1     00005d60  _Cmpss8Regs                           
1     00005e00  _Sdfm1Regs                            
1     00005e80  _Sdfm2Regs                            
1     00006000  _McbspaRegs                           
1     00006040  _McbspbRegs                           
1     00006100  _SpiaRegs                             
1     00006110  _SpibRegs                             
1     00006120  _SpicRegs                             
1     00006200  _UppRegs                              
1     00007000  _WdRegs                               
1     00007060  _NmiIntruptRegs                       
1     00007070  _XintRegs                             
1     00007200  _SciaRegs                             
1     00007210  _ScibRegs                             
1     00007220  _ScicRegs                             
1     00007230  _ScidRegs                             
1     00007300  _I2caRegs                             
1     00007340  _I2cbRegs                             
1     00007400  _AdcaRegs                             
1     00007480  _AdcbRegs                             
1     00007500  _AdccRegs                             
1     00007580  _AdcdRegs                             
1     00007900  _InputXbarRegs                        
1     00007920  _XbarRegs                             
1     00007940  _SyncSocRegs                          
1     00007980  _DmaClaSrcSelRegs                     
1     00007a00  _EPwmXbarRegs                         
1     00007a40  _ClbXbarRegs                          
1     00007a80  _OutputXbarRegs                       
1     00007c00  _GpioCtrlRegs                         
1     00007f00  _GpioDataRegs                         
1     0000a800  _PieVectTableInit                     
1     0000a9c0  __ctypes_                             
1     0000b800  __stack                               
1     0000c000  __STACK_END                           
1     00015000  _RXAdata                              
1     00015001  _RXBdata                              
1     00015002  _RXCdata                              
1     00015003  _RXDdata                              
1     00015004  _numRXA                               
1     00015006  _numRXB                               
1     00015008  _numRXC                               
1     0001500a  _numRXD                               
1     00015040  _SerialB                              
1     00015100  _SerialC                              
1     000151c0  _SerialD                              
1     00015400  _SerialA                              
1     00015806  _CpuTimer0                            
1     0001580e  _CpuTimer1                            
1     00015816  _CpuTimer2                            
1     0001581e  _LED_0                                
1     0001582d  _LED_1                                
1     0001583c  __lock                                
1     0001583e  __unlock                              
1     00015840  _serial_printf_bufSCIA                
1     00015c40  _updown                               
1     00015c41  _updown_motor                         
1     00015c42  _UARTPrint                            
1     00015c43  _LEDdisplaynum                        
1     00015c44  _pwm1                                 
1     00015c45  _pwm2                                 
1     00015c46  _spivalue1                            
1     00015c47  _spivalue2                            
1     00015c48  _spivalue3                            
1     00015c49  _dummy                                
1     00015c4a  _accelXraw                            
1     00015c4b  _accelYraw                            
1     00015c4c  _accelZraw                            
1     00015c4d  _gyroXraw                             
1     00015c4e  _gyroYraw                             
1     00015c4f  _gyroZraw                             
1     00015c50  _leftwheel                            
1     00015c52  _rightwheel                           
1     00015c54  _leftwheelft                          
1     00015c56  _rightwheelft                         
1     00015c58  _uleft                                
1     00015c5a  _uright                               
1     00015c5c  _PosLeft_K                            
1     00015c5e  _PosRight_K                           
1     00015c60  _PosLeft_K_1                          
1     00015c62  _PosRight_K_1                         
1     00015c64  _VelLeft_K                            
1     00015c66  _VelRight_K                           
1     00015c68  _Vref                                 
1     00015c6a  _ek_left                              
1     00015c6c  _ek_right                             
1     00015c6e  _ek_left_1                            
1     00015c70  _ek_right_1                           
1     00015c72  _kp                                   
1     00015c74  _ki                                   
1     00015c76  _IK_left                              
1     00015c78  _IK_right                             
1     00015c7a  _IK_left_1                            
1     00015c7c  _IK_right_1                           
1     00015c7e  _uk_left                              
1     00015c80  _uk_right                             
1     00015c82  _turn                                 
1     00015c84  _eturn                                
1     00015c86  _eleft                                
1     00015c88  _eright                               
1     00015c8a  _kpturn                               
1     00015c8c  _WR                                   
1     00015c8e  _RWH                                  
1     00015c90  _thetaR                               
1     00015c92  _thetaL                               
1     00015c94  _phi                                  
1     00015c96  _Xr                                   
1     00015c98  _Yr                                   
1     00015c9a  _Xr_1                                 
1     00015c9c  _Yr_1                                 
1     00015c9e  _leftwheel_K_1                        
1     00015ca0  _rightwheel_K_1                       
1     00015ca2  _theta_avg                            
1     00015ca4  _theta_dot_avg                        
1     00015ca6  _AngVelLeft_K                         
1     00015ca8  _AngVelRight_K                        
1     00015caa  _Xr_dot                               
1     00015cac  _Yr_dot                               
1     00015cae  _Xr_dot_1                             
1     00015cb0  _Yr_dot_1                             
1     00015cb2  _saturation_limit                     
1     00015cb4  _myeffort                             
1     00015cb6  _numTimer0calls                       
1     00015cb8  _numSWIcalls                          
1     00015cba  _volt_spivalue2                       
1     00015cbc  _volt_spivalue3                       
1     00015cbe  _accelXreading                        
1     00015cc0  _accelYreading                        
1     00015cc2  _accelZreading                        
1     00015cc4  _gyroXreading                         
1     00015cc6  _gyroYreading                         
1     00015cc8  _gyroZreading                         
1     00015cca  _LED_2                                
1     00015cd9  _LED_3                                
1     00015ce8  _LED_4                                
1     00015cf7  _errno                                
1     00015cf8  _Example_Result                       
1     00015cfa  _Example_PassCount                    
1     00015cfc  _Example_Fail                         
1     00015d00  _LED_5                                
1     00015d0f  _LED_6                                
1     00015d1e  _LED_7                                
1     00015d2d  _LED_8                                
1     00015d40  _LED_9                                
1     00015d4f  _LED_A                                
1     00015d5e  _LED_B                                
1     00015d6d  _LED_C                                
1     00015d80  _LED_D                                
1     00015d8f  _LED_E                                
1     00015d9e  _LED_F                                
1     00015dae  ___TI_enable_exit_profile_output      
1     00015db0  ___TI_cleanup_ptr                     
1     00015db2  ___TI_dtors_ptr                       
1     00047000  _Emif1Regs                            
1     00047800  _Emif2Regs                            
1     00048000  _CanaRegs                             
1     0004a000  _CanbRegs                             
1     00050000  _IpcRegs                              
1     00050024  _FlashPumpSemaphoreRegs               
1     0005d000  _DevCfgRegs                           
1     0005d180  _AnalogSubsysRegs                     
1     0005d200  _ClkCfgRegs                           
1     0005d300  _CpuSysRegs                           
1     0005e608  _RomPrefetchRegs                      
1     0005f000  _DcsmZ1Regs                           
1     0005f040  _DcsmZ2Regs                           
1     0005f070  _DcsmCommonRegs                       
1     0005f400  _MemCfgRegs                           
1     0005f480  _Emif1ConfigRegs                      
1     0005f4a0  _Emif2ConfigRegs                      
1     0005f4c0  _AccessProtectionRegs                 
1     0005f500  _MemoryErrorRegs                      
1     0005f540  _RomWaitStateRegs                     
1     0005f800  _Flash0CtrlRegs                       
1     0005fb00  _Flash0EccRegs                        
abs   00000800  __STACK_SIZE                          
abs   ffffffff  .text                                 
abs   ffffffff  ___TI_pprof_out_hndl                  
abs   ffffffff  ___TI_prof_data_size                  
abs   ffffffff  ___TI_prof_data_start                 
abs   ffffffff  ___binit__                            
abs   ffffffff  ___c_args__                           
abs   ffffffff  ___etext__                            
abs   ffffffff  ___pinit__                            
abs   ffffffff  ___text__                             
abs   ffffffff  binit                                 
abs   ffffffff  etext                                 
abs   ffffffff  pinit                                 

[520 symbols]
