<?xml version="1.0" encoding="ISO-8859-1" ?>
<link_info>
   <banner>TMS320C2000 Linker PC v21.6.0.LTS</banner>
   <copyright>Copyright (c) 1996-2018 Texas Instruments Incorporated</copyright>
   <link_time>0x635ab1f3</link_time>
   <link_errors>0x0</link_errors>
   <output_file>Lab 5.out</output_file>
   <entry_point>
      <name>_c_int00</name>
      <address>0xc74b</address>
   </entry_point>
   <input_file_list>
      <input_file id="fl-2">
         <path>.\</path>
         <kind>object</kind>
         <file>F28379dSerial.obj</file>
         <name>F28379dSerial.obj</name>
      </input_file>
      <input_file id="fl-3">
         <path>.\</path>
         <kind>object</kind>
         <file>F2837xD_Adc.obj</file>
         <name>F2837xD_Adc.obj</name>
      </input_file>
      <input_file id="fl-4">
         <path>.\</path>
         <kind>object</kind>
         <file>F2837xD_CodeStartBranch.obj</file>
         <name>F2837xD_CodeStartBranch.obj</name>
      </input_file>
      <input_file id="fl-5">
         <path>.\</path>
         <kind>object</kind>
         <file>F2837xD_CpuTimers.obj</file>
         <name>F2837xD_CpuTimers.obj</name>
      </input_file>
      <input_file id="fl-6">
         <path>.\</path>
         <kind>object</kind>
         <file>F2837xD_DefaultISR.obj</file>
         <name>F2837xD_DefaultISR.obj</name>
      </input_file>
      <input_file id="fl-7">
         <path>.\</path>
         <kind>object</kind>
         <file>F2837xD_EPwm.obj</file>
         <name>F2837xD_EPwm.obj</name>
      </input_file>
      <input_file id="fl-8">
         <path>.\</path>
         <kind>object</kind>
         <file>F2837xD_GlobalVariableDefs.obj</file>
         <name>F2837xD_GlobalVariableDefs.obj</name>
      </input_file>
      <input_file id="fl-9">
         <path>.\</path>
         <kind>object</kind>
         <file>F2837xD_Gpio.obj</file>
         <name>F2837xD_Gpio.obj</name>
      </input_file>
      <input_file id="fl-a">
         <path>.\</path>
         <kind>object</kind>
         <file>F2837xD_PieCtrl.obj</file>
         <name>F2837xD_PieCtrl.obj</name>
      </input_file>
      <input_file id="fl-b">
         <path>.\</path>
         <kind>object</kind>
         <file>F2837xD_PieVect.obj</file>
         <name>F2837xD_PieVect.obj</name>
      </input_file>
      <input_file id="fl-c">
         <path>.\</path>
         <kind>object</kind>
         <file>F2837xD_Spi.obj</file>
         <name>F2837xD_Spi.obj</name>
      </input_file>
      <input_file id="fl-d">
         <path>.\</path>
         <kind>object</kind>
         <file>F2837xD_SysCtrl.obj</file>
         <name>F2837xD_SysCtrl.obj</name>
      </input_file>
      <input_file id="fl-e">
         <path>.\</path>
         <kind>object</kind>
         <file>F2837xD_usDelay.obj</file>
         <name>F2837xD_usDelay.obj</name>
      </input_file>
      <input_file id="fl-f">
         <path>.\</path>
         <kind>object</kind>
         <file>LEDPatterns.obj</file>
         <name>LEDPatterns.obj</name>
      </input_file>
      <input_file id="fl-10">
         <path>.\</path>
         <kind>object</kind>
         <file>Lab5.obj</file>
         <name>Lab5.obj</name>
      </input_file>
      <input_file id="fl-11">
         <path>.\device\</path>
         <kind>object</kind>
         <file>device.obj</file>
         <name>device.obj</name>
      </input_file>
      <input_file id="fl-18">
         <kind>object</kind>
         <file>&lt;internal&gt;</file>
         <name>&lt;internal&gt;</name>
      </input_file>
      <input_file id="fl-1f">
         <path>C:\jcwang4_mrperry4\ME461_Lab_Repo\C2000Ware_4_01_00_00\driverlib\f2837xd\driverlib\ccs\Debug\</path>
         <kind>archive</kind>
         <file>driverlib_coff.lib</file>
         <name>gpio.obj</name>
      </input_file>
      <input_file id="fl-20">
         <path>C:\jcwang4_mrperry4\ME461_Lab_Repo\C2000Ware_4_01_00_00\driverlib\f2837xd\driverlib\ccs\Debug\</path>
         <kind>archive</kind>
         <file>driverlib_coff.lib</file>
         <name>sysctl.obj</name>
      </input_file>
      <input_file id="fl-2c">
         <path>C:\Users\mattp\Documents\ccs\tools\compiler\ti-cgt-c2000_21.6.0.LTS\lib\</path>
         <kind>archive</kind>
         <file>rts2800_fpu32.lib</file>
         <name>vsprintf.c.obj</name>
      </input_file>
      <input_file id="fl-2d">
         <path>C:\Users\mattp\Documents\ccs\tools\compiler\ti-cgt-c2000_21.6.0.LTS\lib\</path>
         <kind>archive</kind>
         <file>rts2800_fpu32.lib</file>
         <name>boot28.asm.obj</name>
      </input_file>
      <input_file id="fl-2e">
         <path>C:\Users\mattp\Documents\ccs\tools\compiler\ti-cgt-c2000_21.6.0.LTS\lib\</path>
         <kind>archive</kind>
         <file>rts2800_fpu32.lib</file>
         <name>fs_div28.asm.obj</name>
      </input_file>
      <input_file id="fl-2f">
         <path>C:\Users\mattp\Documents\ccs\tools\compiler\ti-cgt-c2000_21.6.0.LTS\lib\</path>
         <kind>archive</kind>
         <file>rts2800_fpu32.lib</file>
         <name>u_div28.asm.obj</name>
      </input_file>
      <input_file id="fl-30">
         <path>C:\Users\mattp\Documents\ccs\tools\compiler\ti-cgt-c2000_21.6.0.LTS\lib\</path>
         <kind>archive</kind>
         <file>rts2800_fpu32.lib</file>
         <name>l_div28.asm.obj</name>
      </input_file>
      <input_file id="fl-31">
         <path>C:\Users\mattp\Documents\ccs\tools\compiler\ti-cgt-c2000_21.6.0.LTS\lib\</path>
         <kind>archive</kind>
         <file>rts2800_fpu32.lib</file>
         <name>cpy_tbl.c.obj</name>
      </input_file>
      <input_file id="fl-32">
         <path>C:\Users\mattp\Documents\ccs\tools\compiler\ti-cgt-c2000_21.6.0.LTS\lib\</path>
         <kind>archive</kind>
         <file>rts2800_fpu32.lib</file>
         <name>memcpy.c.obj</name>
      </input_file>
      <input_file id="fl-33">
         <path>C:\Users\mattp\Documents\ccs\tools\compiler\ti-cgt-c2000_21.6.0.LTS\lib\</path>
         <kind>archive</kind>
         <file>rts2800_fpu32.lib</file>
         <name>pre_init.c.obj</name>
      </input_file>
      <input_file id="fl-34">
         <path>C:\Users\mattp\Documents\ccs\tools\compiler\ti-cgt-c2000_21.6.0.LTS\lib\</path>
         <kind>archive</kind>
         <file>rts2800_fpu32.lib</file>
         <name>startup.c.obj</name>
      </input_file>
      <input_file id="fl-35">
         <path>C:\Users\mattp\Documents\ccs\tools\compiler\ti-cgt-c2000_21.6.0.LTS\lib\</path>
         <kind>archive</kind>
         <file>rts2800_fpu32.lib</file>
         <name>exit.c.obj</name>
      </input_file>
      <input_file id="fl-36">
         <path>C:\Users\mattp\Documents\ccs\tools\compiler\ti-cgt-c2000_21.6.0.LTS\lib\</path>
         <kind>archive</kind>
         <file>rts2800_fpu32.lib</file>
         <name>_lock.c.obj</name>
      </input_file>
      <input_file id="fl-37">
         <path>C:\Users\mattp\Documents\ccs\tools\compiler\ti-cgt-c2000_21.6.0.LTS\lib\</path>
         <kind>archive</kind>
         <file>rts2800_fpu32.lib</file>
         <name>args_main.c.obj</name>
      </input_file>
      <input_file id="fl-38">
         <path>C:\Users\mattp\Documents\ccs\tools\compiler\ti-cgt-c2000_21.6.0.LTS\lib\</path>
         <kind>archive</kind>
         <file>rts2800_fpu32.lib</file>
         <name>strlen.c.obj</name>
      </input_file>
      <input_file id="fl-39">
         <path>C:\Users\mattp\Documents\ccs\tools\compiler\ti-cgt-c2000_21.6.0.LTS\lib\</path>
         <kind>archive</kind>
         <file>rts2800_fpu32.lib</file>
         <name>_printfi.c.obj</name>
      </input_file>
      <input_file id="fl-3a">
         <path>C:\Users\mattp\Documents\ccs\tools\compiler\ti-cgt-c2000_21.6.0.LTS\lib\</path>
         <kind>archive</kind>
         <file>rts2800_fpu32.lib</file>
         <name>s_frexp.c.obj</name>
      </input_file>
      <input_file id="fl-3b">
         <path>C:\Users\mattp\Documents\ccs\tools\compiler\ti-cgt-c2000_21.6.0.LTS\lib\</path>
         <kind>archive</kind>
         <file>rts2800_fpu32.lib</file>
         <name>s_scalbn.c.obj</name>
      </input_file>
      <input_file id="fl-3c">
         <path>C:\Users\mattp\Documents\ccs\tools\compiler\ti-cgt-c2000_21.6.0.LTS\lib\</path>
         <kind>archive</kind>
         <file>rts2800_fpu32.lib</file>
         <name>fd_add28.asm.obj</name>
      </input_file>
      <input_file id="fl-3d">
         <path>C:\Users\mattp\Documents\ccs\tools\compiler\ti-cgt-c2000_21.6.0.LTS\lib\</path>
         <kind>archive</kind>
         <file>rts2800_fpu32.lib</file>
         <name>fd_cmp28.asm.obj</name>
      </input_file>
      <input_file id="fl-3e">
         <path>C:\Users\mattp\Documents\ccs\tools\compiler\ti-cgt-c2000_21.6.0.LTS\lib\</path>
         <kind>archive</kind>
         <file>rts2800_fpu32.lib</file>
         <name>fd_mpy28.asm.obj</name>
      </input_file>
      <input_file id="fl-3f">
         <path>C:\Users\mattp\Documents\ccs\tools\compiler\ti-cgt-c2000_21.6.0.LTS\lib\</path>
         <kind>archive</kind>
         <file>rts2800_fpu32.lib</file>
         <name>fd_neg28.asm.obj</name>
      </input_file>
      <input_file id="fl-40">
         <path>C:\Users\mattp\Documents\ccs\tools\compiler\ti-cgt-c2000_21.6.0.LTS\lib\</path>
         <kind>archive</kind>
         <file>rts2800_fpu32.lib</file>
         <name>fd_sub28.asm.obj</name>
      </input_file>
      <input_file id="fl-41">
         <path>C:\Users\mattp\Documents\ccs\tools\compiler\ti-cgt-c2000_21.6.0.LTS\lib\</path>
         <kind>archive</kind>
         <file>rts2800_fpu32.lib</file>
         <name>fd_toi28.asm.obj</name>
      </input_file>
      <input_file id="fl-42">
         <path>C:\Users\mattp\Documents\ccs\tools\compiler\ti-cgt-c2000_21.6.0.LTS\lib\</path>
         <kind>archive</kind>
         <file>rts2800_fpu32.lib</file>
         <name>fd_tol28.asm.obj</name>
      </input_file>
      <input_file id="fl-43">
         <path>C:\Users\mattp\Documents\ccs\tools\compiler\ti-cgt-c2000_21.6.0.LTS\lib\</path>
         <kind>archive</kind>
         <file>rts2800_fpu32.lib</file>
         <name>ll_aox28.asm.obj</name>
      </input_file>
      <input_file id="fl-44">
         <path>C:\Users\mattp\Documents\ccs\tools\compiler\ti-cgt-c2000_21.6.0.LTS\lib\</path>
         <kind>archive</kind>
         <file>rts2800_fpu32.lib</file>
         <name>ll_cmp28.asm.obj</name>
      </input_file>
      <input_file id="fl-45">
         <path>C:\Users\mattp\Documents\ccs\tools\compiler\ti-cgt-c2000_21.6.0.LTS\lib\</path>
         <kind>archive</kind>
         <file>rts2800_fpu32.lib</file>
         <name>ll_div28.asm.obj</name>
      </input_file>
      <input_file id="fl-46">
         <path>C:\Users\mattp\Documents\ccs\tools\compiler\ti-cgt-c2000_21.6.0.LTS\lib\</path>
         <kind>archive</kind>
         <file>rts2800_fpu32.lib</file>
         <name>i_tofd28.asm.obj</name>
      </input_file>
      <input_file id="fl-47">
         <path>C:\Users\mattp\Documents\ccs\tools\compiler\ti-cgt-c2000_21.6.0.LTS\lib\</path>
         <kind>archive</kind>
         <file>rts2800_fpu32.lib</file>
         <name>l_tofd28.asm.obj</name>
      </input_file>
      <input_file id="fl-48">
         <path>C:\Users\mattp\Documents\ccs\tools\compiler\ti-cgt-c2000_21.6.0.LTS\lib\</path>
         <kind>archive</kind>
         <file>rts2800_fpu32.lib</file>
         <name>fs_tofdfpu32.asm.obj</name>
      </input_file>
      <input_file id="fl-49">
         <path>C:\Users\mattp\Documents\ccs\tools\compiler\ti-cgt-c2000_21.6.0.LTS\lib\</path>
         <kind>archive</kind>
         <file>rts2800_fpu32.lib</file>
         <name>fd_div28.asm.obj</name>
      </input_file>
      <input_file id="fl-4a">
         <path>C:\Users\mattp\Documents\ccs\tools\compiler\ti-cgt-c2000_21.6.0.LTS\lib\</path>
         <kind>archive</kind>
         <file>rts2800_fpu32.lib</file>
         <name>_ltoa.c.obj</name>
      </input_file>
      <input_file id="fl-4b">
         <path>C:\Users\mattp\Documents\ccs\tools\compiler\ti-cgt-c2000_21.6.0.LTS\lib\</path>
         <kind>archive</kind>
         <file>rts2800_fpu32.lib</file>
         <name>atoi.c.obj</name>
      </input_file>
      <input_file id="fl-4c">
         <path>C:\Users\mattp\Documents\ccs\tools\compiler\ti-cgt-c2000_21.6.0.LTS\lib\</path>
         <kind>archive</kind>
         <file>rts2800_fpu32.lib</file>
         <name>ctype.c.obj</name>
      </input_file>
      <input_file id="fl-4d">
         <path>C:\Users\mattp\Documents\ccs\tools\compiler\ti-cgt-c2000_21.6.0.LTS\lib\</path>
         <kind>archive</kind>
         <file>rts2800_fpu32.lib</file>
         <name>memccpy.c.obj</name>
      </input_file>
      <input_file id="fl-4e">
         <path>C:\Users\mattp\Documents\ccs\tools\compiler\ti-cgt-c2000_21.6.0.LTS\lib\</path>
         <kind>archive</kind>
         <file>rts2800_fpu32.lib</file>
         <name>memset.c.obj</name>
      </input_file>
      <input_file id="fl-4f">
         <path>C:\Users\mattp\Documents\ccs\tools\compiler\ti-cgt-c2000_21.6.0.LTS\lib\</path>
         <kind>archive</kind>
         <file>rts2800_fpu32.lib</file>
         <name>strchr.c.obj</name>
      </input_file>
      <input_file id="fl-50">
         <path>C:\Users\mattp\Documents\ccs\tools\compiler\ti-cgt-c2000_21.6.0.LTS\lib\</path>
         <kind>archive</kind>
         <file>rts2800_fpu32.lib</file>
         <name>strcpy.c.obj</name>
      </input_file>
      <input_file id="fl-51">
         <path>C:\Users\mattp\Documents\ccs\tools\compiler\ti-cgt-c2000_21.6.0.LTS\lib\</path>
         <kind>archive</kind>
         <file>rts2800_fpu32.lib</file>
         <name>errno.c.obj</name>
      </input_file>
      <input_file id="fl-52">
         <path>C:\Users\mattp\Documents\ccs\tools\compiler\ti-cgt-c2000_21.6.0.LTS\lib\</path>
         <kind>archive</kind>
         <file>rts2800_fpu32.lib</file>
         <name>wcslen.c.obj</name>
      </input_file>
      <input_file id="fl-53">
         <path>C:\Users\mattp\Documents\ccs\tools\compiler\ti-cgt-c2000_21.6.0.LTS\lib\</path>
         <kind>archive</kind>
         <file>rts2800_fpu32.lib</file>
         <name>s_copysign.c.obj</name>
      </input_file>
   </input_file_list>
   <object_component_list>
      <object_component id="oc-9f">
         <name>codestart</name>
         <load_address>0x0</load_address>
         <run_address>0x0</run_address>
         <size>0x2</size>
         <input_file_ref idref="fl-4"/>
      </object_component>
      <object_component id="oc-233">
         <name>.text</name>
         <load_address>0x8000</load_address>
         <run_address>0x8000</run_address>
         <size>0x775</size>
         <input_file_ref idref="fl-2"/>
      </object_component>
      <object_component id="oc-230">
         <name>.text</name>
         <load_address>0x8775</load_address>
         <run_address>0x8775</run_address>
         <size>0x1</size>
         <input_file_ref idref="fl-34"/>
      </object_component>
      <object_component id="oc-269">
         <name>.text</name>
         <load_address>0x8776</load_address>
         <run_address>0x8776</run_address>
         <size>0x6da</size>
         <input_file_ref idref="fl-39"/>
      </object_component>
      <object_component id="oc-263">
         <name>.text:__TI_printfi</name>
         <load_address>0x8e50</load_address>
         <run_address>0x8e50</run_address>
         <size>0x60a</size>
         <input_file_ref idref="fl-39"/>
      </object_component>
      <object_component id="oc-ab">
         <name>.text:retain</name>
         <load_address>0x945a</load_address>
         <run_address>0x945a</run_address>
         <size>0x585</size>
         <input_file_ref idref="fl-6"/>
      </object_component>
      <object_component id="oc-25d">
         <name>.text</name>
         <load_address>0x99df</load_address>
         <run_address>0x99df</run_address>
         <size>0x4ab</size>
         <input_file_ref idref="fl-d"/>
      </object_component>
      <object_component id="oc-236">
         <name>.text</name>
         <load_address>0x9e8a</load_address>
         <run_address>0x9e8a</run_address>
         <size>0x495</size>
         <input_file_ref idref="fl-10"/>
      </object_component>
      <object_component id="oc-94">
         <name>.text:retain</name>
         <load_address>0xa31f</load_address>
         <run_address>0xa31f</run_address>
         <size>0x25c</size>
         <input_file_ref idref="fl-2"/>
      </object_component>
      <object_component id="oc-239">
         <name>.text</name>
         <load_address>0xa57b</load_address>
         <run_address>0xa57b</run_address>
         <size>0x244</size>
         <input_file_ref idref="fl-9"/>
      </object_component>
      <object_component id="oc-266">
         <name>.text</name>
         <load_address>0xa7bf</load_address>
         <run_address>0xa7bf</run_address>
         <size>0x31</size>
         <input_file_ref idref="fl-4b"/>
      </object_component>
      <object_component id="oc-26a">
         <name>.text</name>
         <load_address>0xa7f0</load_address>
         <run_address>0xa7f0</run_address>
         <size>0x10</size>
         <input_file_ref idref="fl-4d"/>
      </object_component>
      <object_component id="oc-148">
         <name>.text:retain</name>
         <load_address>0xc000</load_address>
         <run_address>0xc000</run_address>
         <size>0x193</size>
         <input_file_ref idref="fl-10"/>
      </object_component>
      <object_component id="oc-1e7">
         <name>.text</name>
         <load_address>0xc193</load_address>
         <run_address>0xc193</run_address>
         <size>0x107</size>
         <input_file_ref idref="fl-45"/>
      </object_component>
      <object_component id="oc-234">
         <name>.text</name>
         <load_address>0xc29a</load_address>
         <run_address>0xc29a</run_address>
         <size>0xfb</size>
         <input_file_ref idref="fl-f"/>
      </object_component>
      <object_component id="oc-26f">
         <name>.text</name>
         <load_address>0xc395</load_address>
         <run_address>0xc395</run_address>
         <size>0xae</size>
         <input_file_ref idref="fl-3b"/>
      </object_component>
      <object_component id="oc-1ba">
         <name>.text</name>
         <load_address>0xc443</load_address>
         <run_address>0xc443</run_address>
         <size>0x9c</size>
         <input_file_ref idref="fl-3c"/>
      </object_component>
      <object_component id="oc-1fb">
         <name>.text</name>
         <load_address>0xc4df</load_address>
         <run_address>0xc4df</run_address>
         <size>0x8b</size>
         <input_file_ref idref="fl-49"/>
      </object_component>
      <object_component id="oc-16e">
         <name>.text</name>
         <load_address>0xc56a</load_address>
         <run_address>0xc56a</run_address>
         <size>0x88</size>
         <input_file_ref idref="fl-2e"/>
      </object_component>
      <object_component id="oc-1c4">
         <name>.text</name>
         <load_address>0xc5f2</load_address>
         <run_address>0xc5f2</run_address>
         <size>0x83</size>
         <input_file_ref idref="fl-3e"/>
      </object_component>
      <object_component id="oc-260">
         <name>.text</name>
         <load_address>0xc675</load_address>
         <run_address>0xc675</run_address>
         <size>0x7c</size>
         <input_file_ref idref="fl-5"/>
      </object_component>
      <object_component id="oc-26e">
         <name>.text</name>
         <load_address>0xc6f1</load_address>
         <run_address>0xc6f1</run_address>
         <size>0x5a</size>
         <input_file_ref idref="fl-3a"/>
      </object_component>
      <object_component id="oc-90">
         <name>.text</name>
         <load_address>0xc74b</load_address>
         <run_address>0xc74b</run_address>
         <size>0x56</size>
         <input_file_ref idref="fl-2d"/>
      </object_component>
      <object_component id="oc-26d">
         <name>.text</name>
         <load_address>0xc7a1</load_address>
         <run_address>0xc7a1</run_address>
         <size>0x30</size>
         <input_file_ref idref="fl-4a"/>
      </object_component>
      <object_component id="oc-23b">
         <name>.text</name>
         <load_address>0xc7d1</load_address>
         <run_address>0xc7d1</run_address>
         <size>0x30</size>
         <input_file_ref idref="fl-2c"/>
      </object_component>
      <object_component id="oc-1bf">
         <name>.text</name>
         <load_address>0xc801</load_address>
         <run_address>0xc801</run_address>
         <size>0x2a</size>
         <input_file_ref idref="fl-3d"/>
      </object_component>
      <object_component id="oc-178">
         <name>.text</name>
         <load_address>0xc82b</load_address>
         <run_address>0xc82b</run_address>
         <size>0x2a</size>
         <input_file_ref idref="fl-30"/>
      </object_component>
      <object_component id="oc-232">
         <name>.text</name>
         <load_address>0xc855</load_address>
         <run_address>0xc855</run_address>
         <size>0x29</size>
         <input_file_ref idref="fl-35"/>
      </object_component>
      <object_component id="oc-25e">
         <name>.text</name>
         <load_address>0xc87e</load_address>
         <run_address>0xc87e</run_address>
         <size>0x28</size>
         <input_file_ref idref="fl-a"/>
      </object_component>
      <object_component id="oc-25f">
         <name>.text</name>
         <load_address>0xc8a6</load_address>
         <run_address>0xc8a6</run_address>
         <size>0x26</size>
         <input_file_ref idref="fl-b"/>
      </object_component>
      <object_component id="oc-271">
         <name>.text</name>
         <load_address>0xc8cc</load_address>
         <run_address>0xc8cc</run_address>
         <size>0x25</size>
         <input_file_ref idref="fl-53"/>
      </object_component>
      <object_component id="oc-22f">
         <name>.text</name>
         <load_address>0xc8f1</load_address>
         <run_address>0xc8f1</run_address>
         <size>0x24</size>
         <input_file_ref idref="fl-31"/>
      </object_component>
      <object_component id="oc-1d3">
         <name>.text</name>
         <load_address>0xc915</load_address>
         <run_address>0xc915</run_address>
         <size>0x21</size>
         <input_file_ref idref="fl-41"/>
      </object_component>
      <object_component id="oc-1d8">
         <name>.text</name>
         <load_address>0xc936</load_address>
         <run_address>0xc936</run_address>
         <size>0x1f</size>
         <input_file_ref idref="fl-42"/>
      </object_component>
      <object_component id="oc-1e2">
         <name>.text</name>
         <load_address>0xc955</load_address>
         <run_address>0xc955</run_address>
         <size>0x1e</size>
         <input_file_ref idref="fl-44"/>
      </object_component>
      <object_component id="oc-1ec">
         <name>.text</name>
         <load_address>0xc973</load_address>
         <run_address>0xc973</run_address>
         <size>0x1d</size>
         <input_file_ref idref="fl-46"/>
      </object_component>
      <object_component id="oc-235">
         <name>.text</name>
         <load_address>0xc990</load_address>
         <run_address>0xc990</run_address>
         <size>0x1d</size>
         <input_file_ref idref="fl-32"/>
      </object_component>
      <object_component id="oc-1f6">
         <name>.text</name>
         <load_address>0xc9ad</load_address>
         <run_address>0xc9ad</run_address>
         <size>0x1c</size>
         <input_file_ref idref="fl-48"/>
      </object_component>
      <object_component id="oc-1f1">
         <name>.text</name>
         <load_address>0xc9c9</load_address>
         <run_address>0xc9c9</run_address>
         <size>0x1c</size>
         <input_file_ref idref="fl-47"/>
      </object_component>
      <object_component id="oc-1dd">
         <name>.text</name>
         <load_address>0xc9e5</load_address>
         <run_address>0xc9e5</run_address>
         <size>0x18</size>
         <input_file_ref idref="fl-43"/>
      </object_component>
      <object_component id="oc-231">
         <name>.text</name>
         <load_address>0xc9fd</load_address>
         <run_address>0xc9fd</run_address>
         <size>0x12</size>
         <input_file_ref idref="fl-37"/>
      </object_component>
      <object_component id="oc-1ce">
         <name>.text</name>
         <load_address>0xca0f</load_address>
         <run_address>0xca0f</run_address>
         <size>0xe</size>
         <input_file_ref idref="fl-40"/>
      </object_component>
      <object_component id="oc-270">
         <name>.text</name>
         <load_address>0xca1d</load_address>
         <run_address>0xca1d</run_address>
         <size>0xc</size>
         <input_file_ref idref="fl-4f"/>
      </object_component>
      <object_component id="oc-173">
         <name>.text</name>
         <load_address>0xca29</load_address>
         <run_address>0xca29</run_address>
         <size>0xb</size>
         <input_file_ref idref="fl-2f"/>
      </object_component>
      <object_component id="oc-261">
         <name>.text</name>
         <load_address>0xca34</load_address>
         <run_address>0xca34</run_address>
         <size>0x9</size>
         <input_file_ref idref="fl-36"/>
      </object_component>
      <object_component id="oc-1c9">
         <name>.text</name>
         <load_address>0xca3d</load_address>
         <run_address>0xca3d</run_address>
         <size>0x9</size>
         <input_file_ref idref="fl-3f"/>
      </object_component>
      <object_component id="oc-26b">
         <name>.text</name>
         <load_address>0xca46</load_address>
         <run_address>0xca46</run_address>
         <size>0x9</size>
         <input_file_ref idref="fl-52"/>
      </object_component>
      <object_component id="oc-9e">
         <name>.text</name>
         <load_address>0xca4f</load_address>
         <run_address>0xca4f</run_address>
         <size>0x8</size>
         <input_file_ref idref="fl-4"/>
      </object_component>
      <object_component id="oc-23c">
         <name>.text</name>
         <load_address>0xca57</load_address>
         <run_address>0xca57</run_address>
         <size>0x8</size>
         <input_file_ref idref="fl-38"/>
      </object_component>
      <object_component id="oc-267">
         <name>.text</name>
         <load_address>0xca5f</load_address>
         <run_address>0xca5f</run_address>
         <size>0x7</size>
         <input_file_ref idref="fl-4e"/>
      </object_component>
      <object_component id="oc-268">
         <name>.text</name>
         <load_address>0xca66</load_address>
         <run_address>0xca66</run_address>
         <size>0x5</size>
         <input_file_ref idref="fl-50"/>
      </object_component>
      <object_component id="oc-22e">
         <name>.text</name>
         <load_address>0xca6b</load_address>
         <run_address>0xca6b</run_address>
         <size>0x2</size>
         <input_file_ref idref="fl-33"/>
      </object_component>
      <object_component id="oc-146">
         <name>.cinit</name>
         <load_address>0xb000</load_address>
         <run_address>0xb000</run_address>
         <size>0x6e</size>
         <input_file_ref idref="fl-10"/>
      </object_component>
      <object_component id="oc-92">
         <name>.cinit</name>
         <load_address>0xb06e</load_address>
         <run_address>0xb06e</run_address>
         <size>0x24</size>
         <input_file_ref idref="fl-2"/>
      </object_component>
      <object_component id="oc-23e">
         <name>.cinit:_LED_0</name>
         <load_address>0xb092</load_address>
         <run_address>0xb092</run_address>
         <size>0x12</size>
         <input_file_ref idref="fl-f"/>
      </object_component>
      <object_component id="oc-240">
         <name>.cinit:_LED_1</name>
         <load_address>0xb0a4</load_address>
         <run_address>0xb0a4</run_address>
         <size>0x12</size>
         <input_file_ref idref="fl-f"/>
      </object_component>
      <object_component id="oc-242">
         <name>.cinit:_LED_2</name>
         <load_address>0xb0b6</load_address>
         <run_address>0xb0b6</run_address>
         <size>0x12</size>
         <input_file_ref idref="fl-f"/>
      </object_component>
      <object_component id="oc-244">
         <name>.cinit:_LED_3</name>
         <load_address>0xb0c8</load_address>
         <run_address>0xb0c8</run_address>
         <size>0x12</size>
         <input_file_ref idref="fl-f"/>
      </object_component>
      <object_component id="oc-246">
         <name>.cinit:_LED_4</name>
         <load_address>0xb0da</load_address>
         <run_address>0xb0da</run_address>
         <size>0x12</size>
         <input_file_ref idref="fl-f"/>
      </object_component>
      <object_component id="oc-248">
         <name>.cinit:_LED_5</name>
         <load_address>0xb0ec</load_address>
         <run_address>0xb0ec</run_address>
         <size>0x12</size>
         <input_file_ref idref="fl-f"/>
      </object_component>
      <object_component id="oc-24a">
         <name>.cinit:_LED_6</name>
         <load_address>0xb0fe</load_address>
         <run_address>0xb0fe</run_address>
         <size>0x12</size>
         <input_file_ref idref="fl-f"/>
      </object_component>
      <object_component id="oc-24c">
         <name>.cinit:_LED_7</name>
         <load_address>0xb110</load_address>
         <run_address>0xb110</run_address>
         <size>0x12</size>
         <input_file_ref idref="fl-f"/>
      </object_component>
      <object_component id="oc-24e">
         <name>.cinit:_LED_8</name>
         <load_address>0xb122</load_address>
         <run_address>0xb122</run_address>
         <size>0x12</size>
         <input_file_ref idref="fl-f"/>
      </object_component>
      <object_component id="oc-250">
         <name>.cinit:_LED_9</name>
         <load_address>0xb134</load_address>
         <run_address>0xb134</run_address>
         <size>0x12</size>
         <input_file_ref idref="fl-f"/>
      </object_component>
      <object_component id="oc-252">
         <name>.cinit:_LED_A</name>
         <load_address>0xb146</load_address>
         <run_address>0xb146</run_address>
         <size>0x12</size>
         <input_file_ref idref="fl-f"/>
      </object_component>
      <object_component id="oc-254">
         <name>.cinit:_LED_B</name>
         <load_address>0xb158</load_address>
         <run_address>0xb158</run_address>
         <size>0x12</size>
         <input_file_ref idref="fl-f"/>
      </object_component>
      <object_component id="oc-256">
         <name>.cinit:_LED_C</name>
         <load_address>0xb16a</load_address>
         <run_address>0xb16a</run_address>
         <size>0x12</size>
         <input_file_ref idref="fl-f"/>
      </object_component>
      <object_component id="oc-258">
         <name>.cinit:_LED_D</name>
         <load_address>0xb17c</load_address>
         <run_address>0xb17c</run_address>
         <size>0x12</size>
         <input_file_ref idref="fl-f"/>
      </object_component>
      <object_component id="oc-25a">
         <name>.cinit:_LED_E</name>
         <load_address>0xb18e</load_address>
         <run_address>0xb18e</run_address>
         <size>0x12</size>
         <input_file_ref idref="fl-f"/>
      </object_component>
      <object_component id="oc-25c">
         <name>.cinit:_LED_F</name>
         <load_address>0xb1a0</load_address>
         <run_address>0xb1a0</run_address>
         <size>0x12</size>
         <input_file_ref idref="fl-f"/>
      </object_component>
      <object_component id="oc-14f">
         <name>.cinit</name>
         <load_address>0xb1b2</load_address>
         <run_address>0xb1b2</run_address>
         <size>0xf</size>
         <input_file_ref idref="fl-11"/>
      </object_component>
      <object_component id="oc-192">
         <name>.cinit</name>
         <load_address>0xb1c1</load_address>
         <run_address>0xb1c1</run_address>
         <size>0xe</size>
         <input_file_ref idref="fl-35"/>
      </object_component>
      <object_component id="oc-238">
         <name>.cinit:__lock</name>
         <load_address>0xb1cf</load_address>
         <run_address>0xb1cf</run_address>
         <size>0x5</size>
         <input_file_ref idref="fl-36"/>
      </object_component>
      <object_component id="oc-262">
         <name>.cinit:__unlock</name>
         <load_address>0xb1d4</load_address>
         <run_address>0xb1d4</run_address>
         <size>0x5</size>
         <input_file_ref idref="fl-36"/>
      </object_component>
      <object_component id="oc-221">
         <name>.cinit</name>
         <load_address>0xb1d9</load_address>
         <run_address>0xb1d9</run_address>
         <size>0x4</size>
         <input_file_ref idref="fl-51"/>
      </object_component>
      <object_component id="oc-169">
         <name>.reset</name>
         <load_address>0x3fffc0</load_address>
         <run_address>0x3fffc0</run_address>
         <size>0x2</size>
         <input_file_ref idref="fl-2d"/>
      </object_component>
      <object_component id="oc-168">
         <name>.stack</name>
         <uninitialized>true</uninitialized>
         <run_address>0xb800</run_address>
         <size>0x0</size>
         <input_file_ref idref="fl-2d"/>
      </object_component>
      <object_component id="oc-307">
         <name>.stack</name>
         <uninitialized>true</uninitialized>
         <run_address>0xb800</run_address>
         <size>0x0</size>
      </object_component>
      <object_component id="oc-93">
         <name>.ebss</name>
         <uninitialized>true</uninitialized>
         <run_address>0x15000</run_address>
         <size>0x806</size>
         <input_file_ref idref="fl-2"/>
      </object_component>
      <object_component id="oc-23a">
         <name>.ebss:_serial_printf_bufSCIA</name>
         <uninitialized>true</uninitialized>
         <run_address>0x15840</run_address>
         <size>0x400</size>
         <input_file_ref idref="fl-2"/>
      </object_component>
      <object_component id="oc-a5">
         <name>.ebss</name>
         <uninitialized>true</uninitialized>
         <run_address>0x15c40</run_address>
         <size>0x18</size>
         <input_file_ref idref="fl-5"/>
      </object_component>
      <object_component id="oc-23d">
         <name>.ebss:_LED_0</name>
         <uninitialized>true</uninitialized>
         <run_address>0x1582a</run_address>
         <size>0xf</size>
         <input_file_ref idref="fl-f"/>
      </object_component>
      <object_component id="oc-23f">
         <name>.ebss:_LED_1</name>
         <uninitialized>true</uninitialized>
         <run_address>0x15c58</run_address>
         <size>0xf</size>
         <input_file_ref idref="fl-f"/>
      </object_component>
      <object_component id="oc-241">
         <name>.ebss:_LED_2</name>
         <uninitialized>true</uninitialized>
         <run_address>0x15c67</run_address>
         <size>0xf</size>
         <input_file_ref idref="fl-f"/>
      </object_component>
      <object_component id="oc-243">
         <name>.ebss:_LED_3</name>
         <uninitialized>true</uninitialized>
         <run_address>0x15c80</run_address>
         <size>0xf</size>
         <input_file_ref idref="fl-f"/>
      </object_component>
      <object_component id="oc-245">
         <name>.ebss:_LED_4</name>
         <uninitialized>true</uninitialized>
         <run_address>0x15c8f</run_address>
         <size>0xf</size>
         <input_file_ref idref="fl-f"/>
      </object_component>
      <object_component id="oc-247">
         <name>.ebss:_LED_5</name>
         <uninitialized>true</uninitialized>
         <run_address>0x15c9e</run_address>
         <size>0xf</size>
         <input_file_ref idref="fl-f"/>
      </object_component>
      <object_component id="oc-249">
         <name>.ebss:_LED_6</name>
         <uninitialized>true</uninitialized>
         <run_address>0x15cad</run_address>
         <size>0xf</size>
         <input_file_ref idref="fl-f"/>
      </object_component>
      <object_component id="oc-24b">
         <name>.ebss:_LED_7</name>
         <uninitialized>true</uninitialized>
         <run_address>0x15cc0</run_address>
         <size>0xf</size>
         <input_file_ref idref="fl-f"/>
      </object_component>
      <object_component id="oc-24d">
         <name>.ebss:_LED_8</name>
         <uninitialized>true</uninitialized>
         <run_address>0x15ccf</run_address>
         <size>0xf</size>
         <input_file_ref idref="fl-f"/>
      </object_component>
      <object_component id="oc-24f">
         <name>.ebss:_LED_9</name>
         <uninitialized>true</uninitialized>
         <run_address>0x15cde</run_address>
         <size>0xf</size>
         <input_file_ref idref="fl-f"/>
      </object_component>
      <object_component id="oc-251">
         <name>.ebss:_LED_A</name>
         <uninitialized>true</uninitialized>
         <run_address>0x15ced</run_address>
         <size>0xf</size>
         <input_file_ref idref="fl-f"/>
      </object_component>
      <object_component id="oc-253">
         <name>.ebss:_LED_B</name>
         <uninitialized>true</uninitialized>
         <run_address>0x15d00</run_address>
         <size>0xf</size>
         <input_file_ref idref="fl-f"/>
      </object_component>
      <object_component id="oc-255">
         <name>.ebss:_LED_C</name>
         <uninitialized>true</uninitialized>
         <run_address>0x15d0f</run_address>
         <size>0xf</size>
         <input_file_ref idref="fl-f"/>
      </object_component>
      <object_component id="oc-257">
         <name>.ebss:_LED_D</name>
         <uninitialized>true</uninitialized>
         <run_address>0x15d1e</run_address>
         <size>0xf</size>
         <input_file_ref idref="fl-f"/>
      </object_component>
      <object_component id="oc-259">
         <name>.ebss:_LED_E</name>
         <uninitialized>true</uninitialized>
         <run_address>0x15d2d</run_address>
         <size>0xf</size>
         <input_file_ref idref="fl-f"/>
      </object_component>
      <object_component id="oc-25b">
         <name>.ebss:_LED_F</name>
         <uninitialized>true</uninitialized>
         <run_address>0x15d40</run_address>
         <size>0xf</size>
         <input_file_ref idref="fl-f"/>
      </object_component>
      <object_component id="oc-147">
         <name>.ebss</name>
         <uninitialized>true</uninitialized>
         <run_address>0x15806</run_address>
         <size>0x24</size>
         <input_file_ref idref="fl-10"/>
      </object_component>
      <object_component id="oc-150">
         <name>.ebss</name>
         <uninitialized>true</uninitialized>
         <run_address>0x1583a</run_address>
         <size>0x6</size>
         <input_file_ref idref="fl-11"/>
      </object_component>
      <object_component id="oc-193">
         <name>.ebss</name>
         <uninitialized>true</uninitialized>
         <run_address>0x15c76</run_address>
         <size>0x6</size>
         <input_file_ref idref="fl-35"/>
      </object_component>
      <object_component id="oc-237">
         <name>.ebss:__lock</name>
         <uninitialized>true</uninitialized>
         <run_address>0x15c7c</run_address>
         <size>0x2</size>
         <input_file_ref idref="fl-36"/>
      </object_component>
      <object_component id="oc-265">
         <name>.ebss:__unlock</name>
         <uninitialized>true</uninitialized>
         <run_address>0x15c7e</run_address>
         <size>0x2</size>
         <input_file_ref idref="fl-36"/>
      </object_component>
      <object_component id="oc-222">
         <name>.ebss</name>
         <uninitialized>true</uninitialized>
         <run_address>0x15839</run_address>
         <size>0x1</size>
         <input_file_ref idref="fl-51"/>
      </object_component>
      <object_component id="oc-264">
         <name>.econst:_PieVectTableInit</name>
         <load_address>0xa800</load_address>
         <run_address>0xa800</run_address>
         <size>0x1c0</size>
         <input_file_ref idref="fl-b"/>
      </object_component>
      <object_component id="oc-26c">
         <name>.econst:.string:__ctypes_</name>
         <load_address>0xa9c0</load_address>
         <run_address>0xa9c0</run_address>
         <size>0x101</size>
         <input_file_ref idref="fl-4c"/>
      </object_component>
      <object_component id="oc-15e">
         <name>.econst:.string</name>
         <load_address>0xaac2</load_address>
         <run_address>0xaac2</run_address>
         <size>0xc2</size>
         <input_file_ref idref="fl-20"/>
      </object_component>
      <object_component id="oc-157">
         <name>.econst:.string</name>
         <load_address>0xab84</load_address>
         <run_address>0xab84</run_address>
         <size>0xbc</size>
         <input_file_ref idref="fl-1f"/>
      </object_component>
      <object_component id="oc-149">
         <name>.econst:.string</name>
         <load_address>0xac40</load_address>
         <run_address>0xac40</run_address>
         <size>0x41</size>
         <input_file_ref idref="fl-10"/>
      </object_component>
      <object_component id="oc-1a9">
         <name>.econst:.string</name>
         <load_address>0xac82</load_address>
         <run_address>0xac82</run_address>
         <size>0x26</size>
         <input_file_ref idref="fl-39"/>
      </object_component>
      <object_component id="oc-1a8">
         <name>.econst</name>
         <load_address>0xaca8</load_address>
         <run_address>0xaca8</run_address>
         <size>0x1c</size>
         <input_file_ref idref="fl-39"/>
      </object_component>
      <object_component id="oc-1b5">
         <name>.econst</name>
         <load_address>0xacc4</load_address>
         <run_address>0xacc4</run_address>
         <size>0x1c</size>
         <input_file_ref idref="fl-3b"/>
      </object_component>
      <object_component id="oc-151">
         <name>.econst:.string</name>
         <load_address>0xace0</load_address>
         <run_address>0xace0</run_address>
         <size>0x13</size>
         <input_file_ref idref="fl-11"/>
      </object_component>
      <object_component id="oc-1af">
         <name>.econst</name>
         <load_address>0xacf4</load_address>
         <run_address>0xacf4</run_address>
         <size>0x8</size>
         <input_file_ref idref="fl-3a"/>
      </object_component>
      <object_component id="oc-13b">
         <name>.TI.ramfunc</name>
         <load_address>0x123</load_address>
         <run_address>0x123</run_address>
         <size>0x4</size>
         <input_file_ref idref="fl-e"/>
      </object_component>
      <object_component id="oc-15d">
         <name>.TI.ramfunc</name>
         <load_address>0x127</load_address>
         <run_address>0x127</run_address>
         <size>0x4</size>
         <input_file_ref idref="fl-20"/>
      </object_component>
      <object_component id="oc-120">
         <name>PieVectTableFile</name>
         <uninitialized>true</uninitialized>
         <run_address>0xd00</run_address>
         <size>0x1c0</size>
         <input_file_ref idref="fl-8"/>
      </object_component>
      <object_component id="oc-f0">
         <name>AccessProtectionRegsFile</name>
         <uninitialized>true</uninitialized>
         <run_address>0x5f4c0</run_address>
         <size>0x2e</size>
         <input_file_ref idref="fl-8"/>
      </object_component>
      <object_component id="oc-105">
         <name>AdcaRegsFile</name>
         <uninitialized>true</uninitialized>
         <run_address>0x7400</run_address>
         <size>0x7c</size>
         <input_file_ref idref="fl-8"/>
      </object_component>
      <object_component id="oc-106">
         <name>AdcbRegsFile</name>
         <uninitialized>true</uninitialized>
         <run_address>0x7480</run_address>
         <size>0x7c</size>
         <input_file_ref idref="fl-8"/>
      </object_component>
      <object_component id="oc-107">
         <name>AdccRegsFile</name>
         <uninitialized>true</uninitialized>
         <run_address>0x7500</run_address>
         <size>0x7c</size>
         <input_file_ref idref="fl-8"/>
      </object_component>
      <object_component id="oc-108">
         <name>AdcdRegsFile</name>
         <uninitialized>true</uninitialized>
         <run_address>0x7580</run_address>
         <size>0x7c</size>
         <input_file_ref idref="fl-8"/>
      </object_component>
      <object_component id="oc-cd">
         <name>AdcaResultRegsFile</name>
         <uninitialized>true</uninitialized>
         <run_address>0xb00</run_address>
         <size>0x18</size>
         <input_file_ref idref="fl-8"/>
      </object_component>
      <object_component id="oc-ce">
         <name>AdcbResultRegsFile</name>
         <uninitialized>true</uninitialized>
         <run_address>0xb20</run_address>
         <size>0x18</size>
         <input_file_ref idref="fl-8"/>
      </object_component>
      <object_component id="oc-cf">
         <name>AdccResultRegsFile</name>
         <uninitialized>true</uninitialized>
         <run_address>0xb40</run_address>
         <size>0x18</size>
         <input_file_ref idref="fl-8"/>
      </object_component>
      <object_component id="oc-d0">
         <name>AdcdResultRegsFile</name>
         <uninitialized>true</uninitialized>
         <run_address>0xb60</run_address>
         <size>0x18</size>
         <input_file_ref idref="fl-8"/>
      </object_component>
      <object_component id="oc-f4">
         <name>AnalogSubsysRegsFile</name>
         <uninitialized>true</uninitialized>
         <run_address>0x5d180</run_address>
         <size>0x3e</size>
         <input_file_ref idref="fl-8"/>
      </object_component>
      <object_component id="oc-11c">
         <name>CanaRegsFile</name>
         <uninitialized>true</uninitialized>
         <run_address>0x48000</run_address>
         <size>0x164</size>
         <input_file_ref idref="fl-8"/>
      </object_component>
      <object_component id="oc-11d">
         <name>CanbRegsFile</name>
         <uninitialized>true</uninitialized>
         <run_address>0x4a000</run_address>
         <size>0x164</size>
         <input_file_ref idref="fl-8"/>
      </object_component>
      <object_component id="oc-f5">
         <name>Cla1RegsFile</name>
         <uninitialized>true</uninitialized>
         <run_address>0x1400</run_address>
         <size>0x3e</size>
         <input_file_ref idref="fl-8"/>
      </object_component>
      <object_component id="oc-117">
         <name>Clb1DataExchRegsFile</name>
         <uninitialized>true</uninitialized>
         <run_address>0x3200</run_address>
         <size>0x108</size>
         <input_file_ref idref="fl-8"/>
      </object_component>
      <object_component id="oc-118">
         <name>Clb2DataExchRegsFile</name>
         <uninitialized>true</uninitialized>
         <run_address>0x3600</run_address>
         <size>0x108</size>
         <input_file_ref idref="fl-8"/>
      </object_component>
      <object_component id="oc-119">
         <name>Clb3DataExchRegsFile</name>
         <uninitialized>true</uninitialized>
         <run_address>0x3a00</run_address>
         <size>0x108</size>
         <input_file_ref idref="fl-8"/>
      </object_component>
      <object_component id="oc-11a">
         <name>Clb4DataExchRegsFile</name>
         <uninitialized>true</uninitialized>
         <run_address>0x3e00</run_address>
         <size>0x108</size>
         <input_file_ref idref="fl-8"/>
      </object_component>
      <object_component id="oc-f6">
         <name>Clb1LogicCfgRegsFile</name>
         <uninitialized>true</uninitialized>
         <run_address>0x3000</run_address>
         <size>0x3e</size>
         <input_file_ref idref="fl-8"/>
      </object_component>
      <object_component id="oc-f7">
         <name>Clb2LogicCfgRegsFile</name>
         <uninitialized>true</uninitialized>
         <run_address>0x3400</run_address>
         <size>0x3e</size>
         <input_file_ref idref="fl-8"/>
      </object_component>
      <object_component id="oc-f8">
         <name>Clb3LogicCfgRegsFile</name>
         <uninitialized>true</uninitialized>
         <run_address>0x3800</run_address>
         <size>0x3e</size>
         <input_file_ref idref="fl-8"/>
      </object_component>
      <object_component id="oc-f9">
         <name>Clb4LogicCfgRegsFile</name>
         <uninitialized>true</uninitialized>
         <run_address>0x3c00</run_address>
         <size>0x3e</size>
         <input_file_ref idref="fl-8"/>
      </object_component>
      <object_component id="oc-fa">
         <name>Clb1LogicCtrlRegsFile</name>
         <uninitialized>true</uninitialized>
         <run_address>0x3100</run_address>
         <size>0x40</size>
         <input_file_ref idref="fl-8"/>
      </object_component>
      <object_component id="oc-fb">
         <name>Clb2LogicCtrlRegsFile</name>
         <uninitialized>true</uninitialized>
         <run_address>0x3500</run_address>
         <size>0x40</size>
         <input_file_ref idref="fl-8"/>
      </object_component>
      <object_component id="oc-fc">
         <name>Clb3LogicCtrlRegsFile</name>
         <uninitialized>true</uninitialized>
         <run_address>0x3900</run_address>
         <size>0x40</size>
         <input_file_ref idref="fl-8"/>
      </object_component>
      <object_component id="oc-fd">
         <name>Clb4LogicCtrlRegsFile</name>
         <uninitialized>true</uninitialized>
         <run_address>0x3d00</run_address>
         <size>0x40</size>
         <input_file_ref idref="fl-8"/>
      </object_component>
      <object_component id="oc-fe">
         <name>ClbXbarRegsFile</name>
         <uninitialized>true</uninitialized>
         <run_address>0x7a40</run_address>
         <size>0x40</size>
         <input_file_ref idref="fl-8"/>
      </object_component>
      <object_component id="oc-f2">
         <name>ClkCfgRegsFile</name>
         <uninitialized>true</uninitialized>
         <run_address>0x5d200</run_address>
         <size>0x32</size>
         <input_file_ref idref="fl-8"/>
      </object_component>
      <object_component id="oc-d9">
         <name>Cmpss1RegsFile</name>
         <uninitialized>true</uninitialized>
         <run_address>0x5c80</run_address>
         <size>0x1b</size>
         <input_file_ref idref="fl-8"/>
      </object_component>
      <object_component id="oc-da">
         <name>Cmpss2RegsFile</name>
         <uninitialized>true</uninitialized>
         <run_address>0x5ca0</run_address>
         <size>0x1b</size>
         <input_file_ref idref="fl-8"/>
      </object_component>
      <object_component id="oc-db">
         <name>Cmpss3RegsFile</name>
         <uninitialized>true</uninitialized>
         <run_address>0x5cc0</run_address>
         <size>0x1b</size>
         <input_file_ref idref="fl-8"/>
      </object_component>
      <object_component id="oc-dc">
         <name>Cmpss4RegsFile</name>
         <uninitialized>true</uninitialized>
         <run_address>0x5ce0</run_address>
         <size>0x1b</size>
         <input_file_ref idref="fl-8"/>
      </object_component>
      <object_component id="oc-dd">
         <name>Cmpss5RegsFile</name>
         <uninitialized>true</uninitialized>
         <run_address>0x5d00</run_address>
         <size>0x1b</size>
         <input_file_ref idref="fl-8"/>
      </object_component>
      <object_component id="oc-de">
         <name>Cmpss6RegsFile</name>
         <uninitialized>true</uninitialized>
         <run_address>0x5d20</run_address>
         <size>0x1b</size>
         <input_file_ref idref="fl-8"/>
      </object_component>
      <object_component id="oc-df">
         <name>Cmpss7RegsFile</name>
         <uninitialized>true</uninitialized>
         <run_address>0x5d40</run_address>
         <size>0x1b</size>
         <input_file_ref idref="fl-8"/>
      </object_component>
      <object_component id="oc-e0">
         <name>Cmpss8RegsFile</name>
         <uninitialized>true</uninitialized>
         <run_address>0x5d60</run_address>
         <size>0x1b</size>
         <input_file_ref idref="fl-8"/>
      </object_component>
      <object_component id="oc-bf">
         <name>CpuTimer0RegsFile</name>
         <uninitialized>true</uninitialized>
         <run_address>0xc00</run_address>
         <size>0x8</size>
         <input_file_ref idref="fl-8"/>
      </object_component>
      <object_component id="oc-c0">
         <name>CpuTimer1RegsFile</name>
         <uninitialized>true</uninitialized>
         <run_address>0xc08</run_address>
         <size>0x8</size>
         <input_file_ref idref="fl-8"/>
      </object_component>
      <object_component id="oc-c1">
         <name>CpuTimer2RegsFile</name>
         <uninitialized>true</uninitialized>
         <run_address>0xc10</run_address>
         <size>0x8</size>
         <input_file_ref idref="fl-8"/>
      </object_component>
      <object_component id="oc-109">
         <name>CpuSysRegsFile</name>
         <uninitialized>true</uninitialized>
         <run_address>0x5d300</run_address>
         <size>0x82</size>
         <input_file_ref idref="fl-8"/>
      </object_component>
      <object_component id="oc-bb">
         <name>DacaRegsFile</name>
         <uninitialized>true</uninitialized>
         <run_address>0x5c00</run_address>
         <size>0x7</size>
         <input_file_ref idref="fl-8"/>
      </object_component>
      <object_component id="oc-bc">
         <name>DacbRegsFile</name>
         <uninitialized>true</uninitialized>
         <run_address>0x5c10</run_address>
         <size>0x7</size>
         <input_file_ref idref="fl-8"/>
      </object_component>
      <object_component id="oc-bd">
         <name>DaccRegsFile</name>
         <uninitialized>true</uninitialized>
         <run_address>0x5c20</run_address>
         <size>0x7</size>
         <input_file_ref idref="fl-8"/>
      </object_component>
      <object_component id="oc-b9">
         <name>DcsmCommonRegsFile</name>
         <uninitialized>true</uninitialized>
         <run_address>0x5f070</run_address>
         <size>0x6</size>
         <input_file_ref idref="fl-8"/>
      </object_component>
      <object_component id="oc-e2">
         <name>DcsmZ1RegsFile</name>
         <uninitialized>true</uninitialized>
         <run_address>0x5f000</run_address>
         <size>0x22</size>
         <input_file_ref idref="fl-8"/>
      </object_component>
      <object_component id="oc-e3">
         <name>DcsmZ2RegsFile</name>
         <uninitialized>true</uninitialized>
         <run_address>0x5f040</run_address>
         <size>0x22</size>
         <input_file_ref idref="fl-8"/>
      </object_component>
      <object_component id="oc-11b">
         <name>DevCfgRegsFile</name>
         <uninitialized>true</uninitialized>
         <run_address>0x5d000</run_address>
         <size>0x12e</size>
         <input_file_ref idref="fl-8"/>
      </object_component>
      <object_component id="oc-d1">
         <name>DmaClaSrcSelRegsFile</name>
         <uninitialized>true</uninitialized>
         <run_address>0x7980</run_address>
         <size>0x1a</size>
         <input_file_ref idref="fl-8"/>
      </object_component>
      <object_component id="oc-10a">
         <name>DmaRegsFile</name>
         <uninitialized>true</uninitialized>
         <run_address>0x1000</run_address>
         <size>0xe0</size>
         <input_file_ref idref="fl-8"/>
      </object_component>
      <object_component id="oc-d2">
         <name>ECap1RegsFile</name>
         <uninitialized>true</uninitialized>
         <run_address>0x5000</run_address>
         <size>0x1a</size>
         <input_file_ref idref="fl-8"/>
      </object_component>
      <object_component id="oc-d3">
         <name>ECap2RegsFile</name>
         <uninitialized>true</uninitialized>
         <run_address>0x5020</run_address>
         <size>0x1a</size>
         <input_file_ref idref="fl-8"/>
      </object_component>
      <object_component id="oc-d4">
         <name>ECap3RegsFile</name>
         <uninitialized>true</uninitialized>
         <run_address>0x5040</run_address>
         <size>0x1a</size>
         <input_file_ref idref="fl-8"/>
      </object_component>
      <object_component id="oc-d5">
         <name>ECap4RegsFile</name>
         <uninitialized>true</uninitialized>
         <run_address>0x5060</run_address>
         <size>0x1a</size>
         <input_file_ref idref="fl-8"/>
      </object_component>
      <object_component id="oc-d6">
         <name>ECap5RegsFile</name>
         <uninitialized>true</uninitialized>
         <run_address>0x5080</run_address>
         <size>0x1a</size>
         <input_file_ref idref="fl-8"/>
      </object_component>
      <object_component id="oc-d7">
         <name>ECap6RegsFile</name>
         <uninitialized>true</uninitialized>
         <run_address>0x50a0</run_address>
         <size>0x1a</size>
         <input_file_ref idref="fl-8"/>
      </object_component>
      <object_component id="oc-c2">
         <name>Emif1ConfigRegsFile</name>
         <uninitialized>true</uninitialized>
         <run_address>0x5f480</run_address>
         <size>0xa</size>
         <input_file_ref idref="fl-8"/>
      </object_component>
      <object_component id="oc-c3">
         <name>Emif2ConfigRegsFile</name>
         <uninitialized>true</uninitialized>
         <run_address>0x5f4a0</run_address>
         <size>0xa</size>
         <input_file_ref idref="fl-8"/>
      </object_component>
      <object_component id="oc-ec">
         <name>Emif1RegsFile</name>
         <uninitialized>true</uninitialized>
         <run_address>0x47000</run_address>
         <size>0x28</size>
         <input_file_ref idref="fl-8"/>
      </object_component>
      <object_component id="oc-ed">
         <name>Emif2RegsFile</name>
         <uninitialized>true</uninitialized>
         <run_address>0x47800</run_address>
         <size>0x28</size>
         <input_file_ref idref="fl-8"/>
      </object_component>
      <object_component id="oc-10b">
         <name>EPwm1RegsFile</name>
         <uninitialized>true</uninitialized>
         <run_address>0x4000</run_address>
         <size>0x100</size>
         <input_file_ref idref="fl-8"/>
      </object_component>
      <object_component id="oc-10c">
         <name>EPwm2RegsFile</name>
         <uninitialized>true</uninitialized>
         <run_address>0x4100</run_address>
         <size>0x100</size>
         <input_file_ref idref="fl-8"/>
      </object_component>
      <object_component id="oc-10d">
         <name>EPwm3RegsFile</name>
         <uninitialized>true</uninitialized>
         <run_address>0x4200</run_address>
         <size>0x100</size>
         <input_file_ref idref="fl-8"/>
      </object_component>
      <object_component id="oc-10e">
         <name>EPwm4RegsFile</name>
         <uninitialized>true</uninitialized>
         <run_address>0x4300</run_address>
         <size>0x100</size>
         <input_file_ref idref="fl-8"/>
      </object_component>
      <object_component id="oc-10f">
         <name>EPwm5RegsFile</name>
         <uninitialized>true</uninitialized>
         <run_address>0x4400</run_address>
         <size>0x100</size>
         <input_file_ref idref="fl-8"/>
      </object_component>
      <object_component id="oc-110">
         <name>EPwm6RegsFile</name>
         <uninitialized>true</uninitialized>
         <run_address>0x4500</run_address>
         <size>0x100</size>
         <input_file_ref idref="fl-8"/>
      </object_component>
      <object_component id="oc-111">
         <name>EPwm7RegsFile</name>
         <uninitialized>true</uninitialized>
         <run_address>0x4600</run_address>
         <size>0x100</size>
         <input_file_ref idref="fl-8"/>
      </object_component>
      <object_component id="oc-112">
         <name>EPwm8RegsFile</name>
         <uninitialized>true</uninitialized>
         <run_address>0x4700</run_address>
         <size>0x100</size>
         <input_file_ref idref="fl-8"/>
      </object_component>
      <object_component id="oc-113">
         <name>EPwm9RegsFile</name>
         <uninitialized>true</uninitialized>
         <run_address>0x4800</run_address>
         <size>0x100</size>
         <input_file_ref idref="fl-8"/>
      </object_component>
      <object_component id="oc-114">
         <name>EPwm10RegsFile</name>
         <uninitialized>true</uninitialized>
         <run_address>0x4900</run_address>
         <size>0x100</size>
         <input_file_ref idref="fl-8"/>
      </object_component>
      <object_component id="oc-115">
         <name>EPwm11RegsFile</name>
         <uninitialized>true</uninitialized>
         <run_address>0x4a00</run_address>
         <size>0x100</size>
         <input_file_ref idref="fl-8"/>
      </object_component>
      <object_component id="oc-116">
         <name>EPwm12RegsFile</name>
         <uninitialized>true</uninitialized>
         <run_address>0x4b00</run_address>
         <size>0x100</size>
         <input_file_ref idref="fl-8"/>
      </object_component>
      <object_component id="oc-ff">
         <name>EPwmXbarRegsFile</name>
         <uninitialized>true</uninitialized>
         <run_address>0x7a00</run_address>
         <size>0x40</size>
         <input_file_ref idref="fl-8"/>
      </object_component>
      <object_component id="oc-e4">
         <name>EQep1RegsFile</name>
         <uninitialized>true</uninitialized>
         <run_address>0x5100</run_address>
         <size>0x22</size>
         <input_file_ref idref="fl-8"/>
      </object_component>
      <object_component id="oc-e5">
         <name>EQep2RegsFile</name>
         <uninitialized>true</uninitialized>
         <run_address>0x5140</run_address>
         <size>0x22</size>
         <input_file_ref idref="fl-8"/>
      </object_component>
      <object_component id="oc-e6">
         <name>EQep3RegsFile</name>
         <uninitialized>true</uninitialized>
         <run_address>0x5180</run_address>
         <size>0x22</size>
         <input_file_ref idref="fl-8"/>
      </object_component>
      <object_component id="oc-11f">
         <name>Flash0CtrlRegsFile</name>
         <uninitialized>true</uninitialized>
         <run_address>0x5f800</run_address>
         <size>0x182</size>
         <input_file_ref idref="fl-8"/>
      </object_component>
      <object_component id="oc-ee">
         <name>Flash0EccRegsFile</name>
         <uninitialized>true</uninitialized>
         <run_address>0x5fb00</run_address>
         <size>0x28</size>
         <input_file_ref idref="fl-8"/>
      </object_component>
      <object_component id="oc-b6">
         <name>FlashPumpSemaphoreRegsFile</name>
         <uninitialized>true</uninitialized>
         <run_address>0x50024</run_address>
         <size>0x2</size>
         <input_file_ref idref="fl-8"/>
      </object_component>
      <object_component id="oc-11e">
         <name>GpioCtrlRegsFile</name>
         <uninitialized>true</uninitialized>
         <run_address>0x7c00</run_address>
         <size>0x180</size>
         <input_file_ref idref="fl-8"/>
      </object_component>
      <object_component id="oc-f1">
         <name>GpioDataRegsFile</name>
         <uninitialized>true</uninitialized>
         <run_address>0x7f00</run_address>
         <size>0x30</size>
         <input_file_ref idref="fl-8"/>
      </object_component>
      <object_component id="oc-e7">
         <name>I2caRegsFile</name>
         <uninitialized>true</uninitialized>
         <run_address>0x7300</run_address>
         <size>0x22</size>
         <input_file_ref idref="fl-8"/>
      </object_component>
      <object_component id="oc-e8">
         <name>I2cbRegsFile</name>
         <uninitialized>true</uninitialized>
         <run_address>0x7340</run_address>
         <size>0x22</size>
         <input_file_ref idref="fl-8"/>
      </object_component>
      <object_component id="oc-e1">
         <name>InputXbarRegsFile</name>
         <uninitialized>true</uninitialized>
         <run_address>0x7900</run_address>
         <size>0x20</size>
         <input_file_ref idref="fl-8"/>
      </object_component>
      <object_component id="oc-e9">
         <name>IpcRegsFile</name>
         <uninitialized>true</uninitialized>
         <run_address>0x50000</run_address>
         <size>0x24</size>
         <input_file_ref idref="fl-8"/>
      </object_component>
      <object_component id="oc-f3">
         <name>MemoryErrorRegsFile</name>
         <uninitialized>true</uninitialized>
         <run_address>0x5f500</run_address>
         <size>0x3a</size>
         <input_file_ref idref="fl-8"/>
      </object_component>
      <object_component id="oc-104">
         <name>MemCfgRegsFile</name>
         <uninitialized>true</uninitialized>
         <run_address>0x5f400</run_address>
         <size>0x76</size>
         <input_file_ref idref="fl-8"/>
      </object_component>
      <object_component id="oc-ea">
         <name>McbspaRegsFile</name>
         <uninitialized>true</uninitialized>
         <run_address>0x6000</run_address>
         <size>0x24</size>
         <input_file_ref idref="fl-8"/>
      </object_component>
      <object_component id="oc-eb">
         <name>McbspbRegsFile</name>
         <uninitialized>true</uninitialized>
         <run_address>0x6040</run_address>
         <size>0x24</size>
         <input_file_ref idref="fl-8"/>
      </object_component>
      <object_component id="oc-be">
         <name>NmiIntruptRegsFile</name>
         <uninitialized>true</uninitialized>
         <run_address>0x7060</run_address>
         <size>0x7</size>
         <input_file_ref idref="fl-8"/>
      </object_component>
      <object_component id="oc-100">
         <name>OutputXbarRegsFile</name>
         <uninitialized>true</uninitialized>
         <run_address>0x7a80</run_address>
         <size>0x40</size>
         <input_file_ref idref="fl-8"/>
      </object_component>
      <object_component id="oc-d8">
         <name>PieCtrlRegsFile</name>
         <uninitialized>true</uninitialized>
         <run_address>0xce0</run_address>
         <size>0x1a</size>
         <input_file_ref idref="fl-8"/>
      </object_component>
      <object_component id="oc-b7">
         <name>RomPrefetchRegsFile</name>
         <uninitialized>true</uninitialized>
         <run_address>0x5e608</run_address>
         <size>0x2</size>
         <input_file_ref idref="fl-8"/>
      </object_component>
      <object_component id="oc-b8">
         <name>RomWaitStateRegsFile</name>
         <uninitialized>true</uninitialized>
         <run_address>0x5f540</run_address>
         <size>0x2</size>
         <input_file_ref idref="fl-8"/>
      </object_component>
      <object_component id="oc-c6">
         <name>SciaRegsFile</name>
         <uninitialized>true</uninitialized>
         <run_address>0x7200</run_address>
         <size>0x10</size>
         <input_file_ref idref="fl-8"/>
      </object_component>
      <object_component id="oc-c7">
         <name>ScibRegsFile</name>
         <uninitialized>true</uninitialized>
         <run_address>0x7210</run_address>
         <size>0x10</size>
         <input_file_ref idref="fl-8"/>
      </object_component>
      <object_component id="oc-c8">
         <name>ScicRegsFile</name>
         <uninitialized>true</uninitialized>
         <run_address>0x7220</run_address>
         <size>0x10</size>
         <input_file_ref idref="fl-8"/>
      </object_component>
      <object_component id="oc-c9">
         <name>ScidRegsFile</name>
         <uninitialized>true</uninitialized>
         <run_address>0x7230</run_address>
         <size>0x10</size>
         <input_file_ref idref="fl-8"/>
      </object_component>
      <object_component id="oc-101">
         <name>Sdfm1RegsFile</name>
         <uninitialized>true</uninitialized>
         <run_address>0x5e00</run_address>
         <size>0x48</size>
         <input_file_ref idref="fl-8"/>
      </object_component>
      <object_component id="oc-102">
         <name>Sdfm2RegsFile</name>
         <uninitialized>true</uninitialized>
         <run_address>0x5e80</run_address>
         <size>0x48</size>
         <input_file_ref idref="fl-8"/>
      </object_component>
      <object_component id="oc-ca">
         <name>SpiaRegsFile</name>
         <uninitialized>true</uninitialized>
         <run_address>0x6100</run_address>
         <size>0x10</size>
         <input_file_ref idref="fl-8"/>
      </object_component>
      <object_component id="oc-cb">
         <name>SpibRegsFile</name>
         <uninitialized>true</uninitialized>
         <run_address>0x6110</run_address>
         <size>0x10</size>
         <input_file_ref idref="fl-8"/>
      </object_component>
      <object_component id="oc-cc">
         <name>SpicRegsFile</name>
         <uninitialized>true</uninitialized>
         <run_address>0x6120</run_address>
         <size>0x10</size>
         <input_file_ref idref="fl-8"/>
      </object_component>
      <object_component id="oc-ba">
         <name>SyncSocRegsFile</name>
         <uninitialized>true</uninitialized>
         <run_address>0x7940</run_address>
         <size>0x6</size>
         <input_file_ref idref="fl-8"/>
      </object_component>
      <object_component id="oc-103">
         <name>UppRegsFile</name>
         <uninitialized>true</uninitialized>
         <run_address>0x6200</run_address>
         <size>0x48</size>
         <input_file_ref idref="fl-8"/>
      </object_component>
      <object_component id="oc-ef">
         <name>WdRegsFile</name>
         <uninitialized>true</uninitialized>
         <run_address>0x7000</run_address>
         <size>0x2b</size>
         <input_file_ref idref="fl-8"/>
      </object_component>
      <object_component id="oc-c5">
         <name>XbarRegsFile</name>
         <uninitialized>true</uninitialized>
         <run_address>0x7920</run_address>
         <size>0xe</size>
         <input_file_ref idref="fl-8"/>
      </object_component>
      <object_component id="oc-c4">
         <name>XintRegsFile</name>
         <uninitialized>true</uninitialized>
         <run_address>0x7070</run_address>
         <size>0xb</size>
         <input_file_ref idref="fl-8"/>
      </object_component>
      <object_component id="oc-91">
         <name>.debug_info</name>
         <load_address>0x0</load_address>
         <run_address>0x0</run_address>
         <size>0x7a7d</size>
         <input_file_ref idref="fl-2"/>
      </object_component>
      <object_component id="oc-99">
         <name>.debug_info</name>
         <load_address>0x7a7d</load_address>
         <run_address>0x7a7d</run_address>
         <size>0x46a0</size>
         <input_file_ref idref="fl-3"/>
      </object_component>
      <object_component id="oc-a1">
         <name>.debug_info</name>
         <load_address>0xc11d</load_address>
         <run_address>0xc11d</run_address>
         <size>0x12b</size>
         <input_file_ref idref="fl-4"/>
      </object_component>
      <object_component id="oc-a4">
         <name>.debug_info</name>
         <load_address>0xc248</load_address>
         <run_address>0xc248</run_address>
         <size>0x980</size>
         <input_file_ref idref="fl-5"/>
      </object_component>
      <object_component id="oc-aa">
         <name>.debug_info</name>
         <load_address>0xcbc8</load_address>
         <run_address>0xcbc8</run_address>
         <size>0x34dd</size>
         <input_file_ref idref="fl-6"/>
      </object_component>
      <object_component id="oc-b0">
         <name>.debug_info</name>
         <load_address>0x100a5</load_address>
         <run_address>0x100a5</run_address>
         <size>0xf3d3</size>
         <input_file_ref idref="fl-7"/>
      </object_component>
      <object_component id="oc-b5">
         <name>.debug_info</name>
         <load_address>0x1f478</load_address>
         <run_address>0x1f478</run_address>
         <size>0x572eb</size>
         <input_file_ref idref="fl-8"/>
      </object_component>
      <object_component id="oc-122">
         <name>.debug_info</name>
         <load_address>0x76763</load_address>
         <run_address>0x76763</run_address>
         <size>0x19f64</size>
         <input_file_ref idref="fl-9"/>
      </object_component>
      <object_component id="oc-127">
         <name>.debug_info</name>
         <load_address>0x906c7</load_address>
         <run_address>0x906c7</run_address>
         <size>0x354e</size>
         <input_file_ref idref="fl-a"/>
      </object_component>
      <object_component id="oc-12c">
         <name>.debug_info</name>
         <load_address>0x93c15</load_address>
         <run_address>0x93c15</run_address>
         <size>0x6714</size>
         <input_file_ref idref="fl-b"/>
      </object_component>
      <object_component id="oc-131">
         <name>.debug_info</name>
         <load_address>0x9a329</load_address>
         <run_address>0x9a329</run_address>
         <size>0xfcba</size>
         <input_file_ref idref="fl-c"/>
      </object_component>
      <object_component id="oc-136">
         <name>.debug_info</name>
         <load_address>0xa9fe3</load_address>
         <run_address>0xa9fe3</run_address>
         <size>0xcb94</size>
         <input_file_ref idref="fl-d"/>
      </object_component>
      <object_component id="oc-13d">
         <name>.debug_info</name>
         <load_address>0xb6b77</load_address>
         <run_address>0xb6b77</run_address>
         <size>0xf5</size>
         <input_file_ref idref="fl-e"/>
      </object_component>
      <object_component id="oc-140">
         <name>.debug_info</name>
         <load_address>0xb6c6c</load_address>
         <run_address>0xb6c6c</run_address>
         <size>0x60c2</size>
         <input_file_ref idref="fl-f"/>
      </object_component>
      <object_component id="oc-145">
         <name>.debug_info</name>
         <load_address>0xbcd2e</load_address>
         <run_address>0xbcd2e</run_address>
         <size>0x1cef5</size>
         <input_file_ref idref="fl-10"/>
      </object_component>
      <object_component id="oc-14e">
         <name>.debug_info</name>
         <load_address>0xd9c23</load_address>
         <run_address>0xd9c23</run_address>
         <size>0x11a1</size>
         <input_file_ref idref="fl-11"/>
      </object_component>
      <object_component id="oc-156">
         <name>.debug_info</name>
         <load_address>0xdadc4</load_address>
         <run_address>0xdadc4</run_address>
         <size>0x70a</size>
         <input_file_ref idref="fl-1f"/>
      </object_component>
      <object_component id="oc-15c">
         <name>.debug_info</name>
         <load_address>0xdb4ce</load_address>
         <run_address>0xdb4ce</run_address>
         <size>0x69a</size>
         <input_file_ref idref="fl-20"/>
      </object_component>
      <object_component id="oc-163">
         <name>.debug_info</name>
         <load_address>0xdbb68</load_address>
         <run_address>0xdbb68</run_address>
         <size>0x67e</size>
         <input_file_ref idref="fl-2c"/>
      </object_component>
      <object_component id="oc-16a">
         <name>.debug_info</name>
         <load_address>0xdc1e6</load_address>
         <run_address>0xdc1e6</run_address>
         <size>0x173</size>
         <input_file_ref idref="fl-2d"/>
      </object_component>
      <object_component id="oc-16f">
         <name>.debug_info</name>
         <load_address>0xdc359</load_address>
         <run_address>0xdc359</run_address>
         <size>0x114</size>
         <input_file_ref idref="fl-2e"/>
      </object_component>
      <object_component id="oc-174">
         <name>.debug_info</name>
         <load_address>0xdc46d</load_address>
         <run_address>0xdc46d</run_address>
         <size>0x141</size>
         <input_file_ref idref="fl-2f"/>
      </object_component>
      <object_component id="oc-179">
         <name>.debug_info</name>
         <load_address>0xdc5ae</load_address>
         <run_address>0xdc5ae</run_address>
         <size>0x1a5</size>
         <input_file_ref idref="fl-30"/>
      </object_component>
      <object_component id="oc-17d">
         <name>.debug_info</name>
         <load_address>0xdc753</load_address>
         <run_address>0xdc753</run_address>
         <size>0x561</size>
         <input_file_ref idref="fl-31"/>
      </object_component>
      <object_component id="oc-182">
         <name>.debug_info</name>
         <load_address>0xdccb4</load_address>
         <run_address>0xdccb4</run_address>
         <size>0x43a</size>
         <input_file_ref idref="fl-32"/>
      </object_component>
      <object_component id="oc-187">
         <name>.debug_info</name>
         <load_address>0xdd0ee</load_address>
         <run_address>0xdd0ee</run_address>
         <size>0x3ad</size>
         <input_file_ref idref="fl-33"/>
      </object_component>
      <object_component id="oc-18c">
         <name>.debug_info</name>
         <load_address>0xdd49b</load_address>
         <run_address>0xdd49b</run_address>
         <size>0x3aa</size>
         <input_file_ref idref="fl-34"/>
      </object_component>
      <object_component id="oc-191">
         <name>.debug_info</name>
         <load_address>0xdd845</load_address>
         <run_address>0xdd845</run_address>
         <size>0x544</size>
         <input_file_ref idref="fl-35"/>
      </object_component>
      <object_component id="oc-198">
         <name>.debug_info</name>
         <load_address>0xddd89</load_address>
         <run_address>0xddd89</run_address>
         <size>0x4cc</size>
         <input_file_ref idref="fl-36"/>
      </object_component>
      <object_component id="oc-19d">
         <name>.debug_info</name>
         <load_address>0xde255</load_address>
         <run_address>0xde255</run_address>
         <size>0x467</size>
         <input_file_ref idref="fl-37"/>
      </object_component>
      <object_component id="oc-1a2">
         <name>.debug_info</name>
         <load_address>0xde6bc</load_address>
         <run_address>0xde6bc</run_address>
         <size>0x4aa</size>
         <input_file_ref idref="fl-38"/>
      </object_component>
      <object_component id="oc-1a7">
         <name>.debug_info</name>
         <load_address>0xdeb66</load_address>
         <run_address>0xdeb66</run_address>
         <size>0x2a53</size>
         <input_file_ref idref="fl-39"/>
      </object_component>
      <object_component id="oc-1ae">
         <name>.debug_info</name>
         <load_address>0xe15b9</load_address>
         <run_address>0xe15b9</run_address>
         <size>0x4a6</size>
         <input_file_ref idref="fl-3a"/>
      </object_component>
      <object_component id="oc-1b4">
         <name>.debug_info</name>
         <load_address>0xe1a5f</load_address>
         <run_address>0xe1a5f</run_address>
         <size>0x532</size>
         <input_file_ref idref="fl-3b"/>
      </object_component>
      <object_component id="oc-1bb">
         <name>.debug_info</name>
         <load_address>0xe1f91</load_address>
         <run_address>0xe1f91</run_address>
         <size>0x114</size>
         <input_file_ref idref="fl-3c"/>
      </object_component>
      <object_component id="oc-1c0">
         <name>.debug_info</name>
         <load_address>0xe20a5</load_address>
         <run_address>0xe20a5</run_address>
         <size>0x120</size>
         <input_file_ref idref="fl-3d"/>
      </object_component>
      <object_component id="oc-1c5">
         <name>.debug_info</name>
         <load_address>0xe21c5</load_address>
         <run_address>0xe21c5</run_address>
         <size>0x114</size>
         <input_file_ref idref="fl-3e"/>
      </object_component>
      <object_component id="oc-1ca">
         <name>.debug_info</name>
         <load_address>0xe22d9</load_address>
         <run_address>0xe22d9</run_address>
         <size>0x114</size>
         <input_file_ref idref="fl-3f"/>
[...]
         <value>0x99ff</value>
         <object_component_ref idref="oc-25d"/>
      </symbol>
      <symbol id="sm-5d4">
         <name>_SysXtalOscSel</name>
         <value>0x9df3</value>
         <object_component_ref idref="oc-25d"/>
      </symbol>
      <symbol id="sm-5d6">
         <name>_ConfigureTMXAnalogTrim</name>
         <value>0x9e6d</value>
         <object_component_ref idref="oc-25d"/>
      </symbol>
      <symbol id="sm-5d8">
         <name>_CsmUnlock</name>
         <value>0x9dae</value>
         <object_component_ref idref="oc-25d"/>
      </symbol>
      <symbol id="sm-5da">
         <name>_SysIntOsc1Sel</name>
         <value>0x9dcf</value>
         <object_component_ref idref="oc-25d"/>
      </symbol>
      <symbol id="sm-5dc">
         <name>_ServiceDog</name>
         <value>0x9ab4</value>
         <object_component_ref idref="oc-25d"/>
      </symbol>
      <symbol id="sm-5de">
         <name>_HIB</name>
         <value>0x9e50</value>
         <object_component_ref idref="oc-25d"/>
      </symbol>
      <symbol id="sm-5e0">
         <name>_AuxAuxClkSel</name>
         <value>0x9e19</value>
         <object_component_ref idref="oc-25d"/>
      </symbol>
      <symbol id="sm-5e2">
         <name>_AuxIntOsc2Sel</name>
         <value>0x9e03</value>
         <object_component_ref idref="oc-25d"/>
      </symbol>
      <symbol id="sm-5e4">
         <name>_InitAuxPll</name>
         <value>0x9cbf</value>
         <object_component_ref idref="oc-25d"/>
      </symbol>
      <symbol id="sm-5e6">
         <name>_InitSysCtrl</name>
         <value>0x99df</value>
         <object_component_ref idref="oc-25d"/>
      </symbol>
      <symbol id="sm-5e8">
         <name>_STANDBY</name>
         <value>0x9e2c</value>
         <object_component_ref idref="oc-25d"/>
      </symbol>
      <symbol id="sm-5ea">
         <name>_AuxXtalOscSel</name>
         <value>0x9e0d</value>
         <object_component_ref idref="oc-25d"/>
      </symbol>
      <symbol id="sm-5f7">
         <name>_F28x_usDelay</name>
         <value>0x123</value>
         <object_component_ref idref="oc-13b"/>
      </symbol>
      <symbol id="sm-681">
         <name>_LED_3</name>
         <value>0x15c80</value>
         <object_component_ref idref="oc-243"/>
      </symbol>
      <symbol id="sm-682">
         <name>_LED_2</name>
         <value>0x15c67</value>
         <object_component_ref idref="oc-241"/>
      </symbol>
      <symbol id="sm-683">
         <name>_LED_1</name>
         <value>0x15c58</value>
         <object_component_ref idref="oc-23f"/>
      </symbol>
      <symbol id="sm-684">
         <name>_LED_0</name>
         <value>0x1582a</value>
         <object_component_ref idref="oc-23d"/>
      </symbol>
      <symbol id="sm-685">
         <name>_LED_7</name>
         <value>0x15cc0</value>
         <object_component_ref idref="oc-24b"/>
      </symbol>
      <symbol id="sm-686">
         <name>_LED_6</name>
         <value>0x15cad</value>
         <object_component_ref idref="oc-249"/>
      </symbol>
      <symbol id="sm-687">
         <name>_LED_5</name>
         <value>0x15c9e</value>
         <object_component_ref idref="oc-247"/>
      </symbol>
      <symbol id="sm-688">
         <name>_LED_4</name>
         <value>0x15c8f</value>
         <object_component_ref idref="oc-245"/>
      </symbol>
      <symbol id="sm-689">
         <name>_LED_9</name>
         <value>0x15cde</value>
         <object_component_ref idref="oc-24f"/>
      </symbol>
      <symbol id="sm-68a">
         <name>_LED_8</name>
         <value>0x15ccf</value>
         <object_component_ref idref="oc-24d"/>
      </symbol>
      <symbol id="sm-68b">
         <name>_LED_C</name>
         <value>0x15d0f</value>
         <object_component_ref idref="oc-255"/>
      </symbol>
      <symbol id="sm-68c">
         <name>_LED_B</name>
         <value>0x15d00</value>
         <object_component_ref idref="oc-253"/>
      </symbol>
      <symbol id="sm-68d">
         <name>_LED_A</name>
         <value>0x15ced</value>
         <object_component_ref idref="oc-251"/>
      </symbol>
      <symbol id="sm-68e">
         <name>_LED_F</name>
         <value>0x15d40</value>
         <object_component_ref idref="oc-25b"/>
      </symbol>
      <symbol id="sm-68f">
         <name>_LED_E</name>
         <value>0x15d2d</value>
         <object_component_ref idref="oc-259"/>
      </symbol>
      <symbol id="sm-690">
         <name>_LED_D</name>
         <value>0x15d1e</value>
         <object_component_ref idref="oc-257"/>
      </symbol>
      <symbol id="sm-691">
         <name>_displayLEDletter</name>
         <value>0xc320</value>
         <object_component_ref idref="oc-234"/>
      </symbol>
      <symbol id="sm-693">
         <name>_setLEDLetter</name>
         <value>0xc29a</value>
         <object_component_ref idref="oc-234"/>
      </symbol>
      <symbol id="sm-6bd">
         <name>_accelYreading</name>
         <value>0x15820</value>
         <object_component_ref idref="oc-147"/>
      </symbol>
      <symbol id="sm-6be">
         <name>_main</name>
         <value>0x9e8a</value>
         <object_component_ref idref="oc-236"/>
      </symbol>
      <symbol id="sm-6c0">
         <name>_gyroYraw</name>
         <value>0x15813</value>
         <object_component_ref idref="oc-147"/>
      </symbol>
      <symbol id="sm-6c1">
         <name>_accelYraw</name>
         <value>0x15810</value>
         <object_component_ref idref="oc-147"/>
      </symbol>
      <symbol id="sm-6c2">
         <name>_cpu_timer2_isr</name>
         <value>0xc091</value>
         <object_component_ref idref="oc-148"/>
      </symbol>
      <symbol id="sm-6c4">
         <name>_SPIB_isr</name>
         <value>0xc0cc</value>
         <object_component_ref idref="oc-148"/>
      </symbol>
      <symbol id="sm-6c6">
         <name>_updown</name>
         <value>0x1580a</value>
         <object_component_ref idref="oc-147"/>
      </symbol>
      <symbol id="sm-6c7">
         <name>_gyroZreading</name>
         <value>0x15828</value>
         <object_component_ref idref="oc-147"/>
      </symbol>
      <symbol id="sm-6c8">
         <name>_cpu_timer1_isr</name>
         <value>0xc07f</value>
         <object_component_ref idref="oc-148"/>
      </symbol>
      <symbol id="sm-6ca">
         <name>_accelZreading</name>
         <value>0x15822</value>
         <object_component_ref idref="oc-147"/>
      </symbol>
      <symbol id="sm-6cb">
         <name>_UARTPrint</name>
         <value>0x15806</value>
         <object_component_ref idref="oc-147"/>
      </symbol>
      <symbol id="sm-6cc">
         <name>_dummy</name>
         <value>0x1580e</value>
         <object_component_ref idref="oc-147"/>
      </symbol>
      <symbol id="sm-6cd">
         <name>_gyroXraw</name>
         <value>0x15812</value>
         <object_component_ref idref="oc-147"/>
      </symbol>
      <symbol id="sm-6ce">
         <name>_accelXraw</name>
         <value>0x1580f</value>
         <object_component_ref idref="oc-147"/>
      </symbol>
      <symbol id="sm-6cf">
         <name>_cpu_timer0_isr</name>
         <value>0xc01a</value>
         <object_component_ref idref="oc-148"/>
      </symbol>
      <symbol id="sm-6d1">
         <name>_pwm2</name>
         <value>0x15809</value>
         <object_component_ref idref="oc-147"/>
      </symbol>
      <symbol id="sm-6d2">
         <name>_pwm1</name>
         <value>0x15808</value>
         <object_component_ref idref="oc-147"/>
      </symbol>
      <symbol id="sm-6d3">
         <name>_spivalue2</name>
         <value>0x1580c</value>
         <object_component_ref idref="oc-147"/>
      </symbol>
      <symbol id="sm-6d4">
         <name>_spivalue3</name>
         <value>0x1580d</value>
         <object_component_ref idref="oc-147"/>
      </symbol>
      <symbol id="sm-6d5">
         <name>_spivalue1</name>
         <value>0x1580b</value>
         <object_component_ref idref="oc-147"/>
      </symbol>
      <symbol id="sm-6d6">
         <name>_gyroZraw</name>
         <value>0x15814</value>
         <object_component_ref idref="oc-147"/>
      </symbol>
      <symbol id="sm-6d7">
         <name>_accelZraw</name>
         <value>0x15811</value>
         <object_component_ref idref="oc-147"/>
      </symbol>
      <symbol id="sm-6d8">
         <name>_LEDdisplaynum</name>
         <value>0x15807</value>
         <object_component_ref idref="oc-147"/>
      </symbol>
      <symbol id="sm-6d9">
         <name>_numSWIcalls</name>
         <value>0x15818</value>
         <object_component_ref idref="oc-147"/>
      </symbol>
      <symbol id="sm-6da">
         <name>_numTimer0calls</name>
         <value>0x15816</value>
         <object_component_ref idref="oc-147"/>
      </symbol>
      <symbol id="sm-6db">
         <name>_gyroXreading</name>
         <value>0x15824</value>
         <object_component_ref idref="oc-147"/>
      </symbol>
      <symbol id="sm-6dc">
         <name>_accelXreading</name>
         <value>0x1581e</value>
         <object_component_ref idref="oc-147"/>
      </symbol>
      <symbol id="sm-6dd">
         <name>_SWI_isr</name>
         <value>0xc000</value>
         <object_component_ref idref="oc-148"/>
      </symbol>
      <symbol id="sm-6df">
         <name>_volt_spivalue3</name>
         <value>0x1581c</value>
         <object_component_ref idref="oc-147"/>
      </symbol>
      <symbol id="sm-6e0">
         <name>_volt_spivalue2</name>
         <value>0x1581a</value>
         <object_component_ref idref="oc-147"/>
      </symbol>
      <symbol id="sm-6e1">
         <name>_gyroYreading</name>
         <value>0x15826</value>
         <object_component_ref idref="oc-147"/>
      </symbol>
      <symbol id="sm-6e2">
         <name>_setupSpib</name>
         <value>0xa0d9</value>
         <object_component_ref idref="oc-236"/>
      </symbol>
      <symbol id="sm-6f4">
         <name>_Example_Fail</name>
         <value>0x1583e</value>
         <object_component_ref idref="oc-150"/>
      </symbol>
      <symbol id="sm-6f5">
         <name>_Example_Result</name>
         <value>0x1583a</value>
         <object_component_ref idref="oc-150"/>
      </symbol>
      <symbol id="sm-6f6">
         <name>_Example_PassCount</name>
         <value>0x1583c</value>
         <object_component_ref idref="oc-150"/>
      </symbol>
      <symbol id="sm-713">
         <name>_SysCtl_delay</name>
         <value>0x127</value>
         <object_component_ref idref="oc-15d"/>
      </symbol>
      <symbol id="sm-721">
         <name>_vsprintf</name>
         <value>0xc7d1</value>
         <object_component_ref idref="oc-23b"/>
      </symbol>
      <symbol id="sm-73d">
         <name>_c_int00</name>
         <value>0xc74b</value>
         <object_component_ref idref="oc-90"/>
      </symbol>
      <symbol id="sm-73e">
         <name>__stack</name>
         <value>0xb800</value>
         <object_component_ref idref="oc-168"/>
      </symbol>
      <symbol id="sm-74f">
         <name>FS$$DIV</name>
         <value>0xc56a</value>
         <object_component_ref idref="oc-16e"/>
      </symbol>
      <symbol id="sm-75b">
         <name>U$$MOD</name>
         <value>0xca2e</value>
         <object_component_ref idref="oc-173"/>
      </symbol>
      <symbol id="sm-75c">
         <name>U$$DIV</name>
         <value>0xca29</value>
         <object_component_ref idref="oc-173"/>
      </symbol>
      <symbol id="sm-768">
         <name>UL$$MOD</name>
         <value>0xc84f</value>
         <object_component_ref idref="oc-178"/>
      </symbol>
      <symbol id="sm-769">
         <name>L$$MOD</name>
         <value>0xc83a</value>
         <object_component_ref idref="oc-178"/>
      </symbol>
      <symbol id="sm-76a">
         <name>L$$DIV</name>
         <value>0xc82b</value>
         <object_component_ref idref="oc-178"/>
      </symbol>
      <symbol id="sm-76b">
         <name>UL$$DIV</name>
         <value>0xc848</value>
         <object_component_ref idref="oc-178"/>
      </symbol>
      <symbol id="sm-77a">
         <name>_copy_in</name>
         <value>0xc8f1</value>
         <object_component_ref idref="oc-22f"/>
      </symbol>
      <symbol id="sm-78c">
         <name>_memcpy</name>
         <value>0xc990</value>
         <object_component_ref idref="oc-235"/>
      </symbol>
      <symbol id="sm-799">
         <name>__system_pre_init</name>
         <value>0xca6b</value>
         <object_component_ref idref="oc-22e"/>
      </symbol>
      <symbol id="sm-7a7">
         <name>__system_post_cinit</name>
         <value>0x8775</value>
         <object_component_ref idref="oc-230"/>
      </symbol>
      <symbol id="sm-7bc">
         <name>C$$EXIT</name>
         <value>0xc855</value>
         <object_component_ref idref="oc-232"/>
      </symbol>
      <symbol id="sm-7bd">
         <name>_exit</name>
         <value>0xc857</value>
         <object_component_ref idref="oc-232"/>
      </symbol>
      <symbol id="sm-7bf">
         <name>___TI_cleanup_ptr</name>
         <value>0x15c78</value>
         <object_component_ref idref="oc-193"/>
      </symbol>
      <symbol id="sm-7c0">
         <name>___TI_enable_exit_profile_output</name>
         <value>0x15c76</value>
         <object_component_ref idref="oc-193"/>
      </symbol>
      <symbol id="sm-7c1">
         <name>_abort</name>
         <value>0xc855</value>
         <object_component_ref idref="oc-232"/>
      </symbol>
      <symbol id="sm-7c3">
         <name>___TI_dtors_ptr</name>
         <value>0x15c7a</value>
         <object_component_ref idref="oc-193"/>
      </symbol>
      <symbol id="sm-7d7">
         <name>__unlock</name>
         <value>0x15c7e</value>
         <object_component_ref idref="oc-265"/>
      </symbol>
      <symbol id="sm-7d8">
         <name>__lock</name>
         <value>0x15c7c</value>
         <object_component_ref idref="oc-237"/>
      </symbol>
      <symbol id="sm-7d9">
         <name>__register_lock</name>
         <value>0xca38</value>
         <object_component_ref idref="oc-261"/>
      </symbol>
      <symbol id="sm-7db">
         <name>__nop</name>
         <value>0xca3c</value>
         <object_component_ref idref="oc-261"/>
      </symbol>
      <symbol id="sm-7dd">
         <name>__register_unlock</name>
         <value>0xca34</value>
         <object_component_ref idref="oc-261"/>
      </symbol>
      <symbol id="sm-7ed">
         <name>__args_main</name>
         <value>0xc9fd</value>
         <object_component_ref idref="oc-231"/>
      </symbol>
      <symbol id="sm-7fb">
         <name>_strlen</name>
         <value>0xca57</value>
         <object_component_ref idref="oc-23c"/>
      </symbol>
      <symbol id="sm-95f">
         <name>___TI_printfi</name>
         <value>0x92c9</value>
         <object_component_ref idref="oc-263"/>
      </symbol>
      <symbol id="sm-973">
         <name>_frexpl</name>
         <value>0xc6f1</value>
         <object_component_ref idref="oc-26e"/>
      </symbol>
      <symbol id="sm-992">
         <name>_scalbnl</name>
         <value>0xc395</value>
         <object_component_ref idref="oc-26f"/>
      </symbol>
      <symbol id="sm-994">
         <name>_ldexpl</name>
         <value>0xc395</value>
         <object_component_ref idref="oc-26f"/>
      </symbol>
      <symbol id="sm-9af">
         <name>FD$$ADD</name>
         <value>0xc443</value>
         <object_component_ref idref="oc-1ba"/>
      </symbol>
      <symbol id="sm-9bf">
         <name>FD$$CMP</name>
         <value>0xc801</value>
         <object_component_ref idref="oc-1bf"/>
      </symbol>
      <symbol id="sm-9d1">
         <name>FD$$MPY</name>
         <value>0xc5f2</value>
         <object_component_ref idref="oc-1c4"/>
      </symbol>
      <symbol id="sm-9de">
         <name>FD$$NEG</name>
         <value>0xca3d</value>
         <object_component_ref idref="oc-1c9"/>
      </symbol>
      <symbol id="sm-9ea">
         <name>FD$$SUB</name>
         <value>0xca0f</value>
         <object_component_ref idref="oc-1ce"/>
      </symbol>
      <symbol id="sm-9f9">
         <name>FD$$TOI</name>
         <value>0xc915</value>
         <object_component_ref idref="oc-1d3"/>
      </symbol>
      <symbol id="sm-a08">
         <name>FD$$TOL</name>
         <value>0xc936</value>
         <object_component_ref idref="oc-1d8"/>
      </symbol>
      <symbol id="sm-a14">
         <name>LL$$AND</name>
         <value>0xc9e5</value>
         <object_component_ref idref="oc-1dd"/>
      </symbol>
      <symbol id="sm-a15">
         <name>LL$$OR</name>
         <value>0xc9ed</value>
         <object_component_ref idref="oc-1dd"/>
      </symbol>
      <symbol id="sm-a16">
         <name>LL$$XOR</name>
         <value>0xc9f5</value>
         <object_component_ref idref="oc-1dd"/>
      </symbol>
      <symbol id="sm-a24">
         <name>ULL$$CMP</name>
         <value>0xc967</value>
         <object_component_ref idref="oc-1e2"/>
      </symbol>
      <symbol id="sm-a25">
         <name>LL$$CMP</name>
         <value>0xc955</value>
         <object_component_ref idref="oc-1e2"/>
      </symbol>
      <symbol id="sm-a51">
         <name>ULL$$MOD</name>
         <value>0xc238</value>
         <object_component_ref idref="oc-1e7"/>
      </symbol>
      <symbol id="sm-a52">
         <name>ULL$$DIV</name>
         <value>0xc209</value>
         <object_component_ref idref="oc-1e7"/>
      </symbol>
      <symbol id="sm-a53">
         <name>LL$$MOD</name>
         <value>0xc1cf</value>
         <object_component_ref idref="oc-1e7"/>
      </symbol>
      <symbol id="sm-a54">
         <name>LL$$DIV</name>
         <value>0xc193</value>
         <object_component_ref idref="oc-1e7"/>
      </symbol>
      <symbol id="sm-a64">
         <name>I$$TOFD</name>
         <value>0xc973</value>
         <object_component_ref idref="oc-1ec"/>
      </symbol>
      <symbol id="sm-a74">
         <name>L$$TOFD</name>
         <value>0xc9c9</value>
         <object_component_ref idref="oc-1f1"/>
      </symbol>
      <symbol id="sm-a84">
         <name>FS$$TOFD</name>
         <value>0xc9ad</value>
         <object_component_ref idref="oc-1f6"/>
      </symbol>
      <symbol id="sm-a9b">
         <name>FD$$DIV</name>
         <value>0xc4df</value>
         <object_component_ref idref="oc-1fb"/>
      </symbol>
      <symbol id="sm-aa9">
         <name>___TI_ltoa</name>
         <value>0xc7a1</value>
         <object_component_ref idref="oc-26d"/>
      </symbol>
      <symbol id="sm-abe">
         <name>_atoi</name>
         <value>0xa7bf</value>
         <object_component_ref idref="oc-266"/>
      </symbol>
      <symbol id="sm-ac7">
         <name>__ctypes_</name>
         <value>0xa9c0</value>
         <object_component_ref idref="oc-26c"/>
      </symbol>
      <symbol id="sm-ad6">
         <name>_memccpy</name>
         <value>0xa7f0</value>
         <object_component_ref idref="oc-26a"/>
      </symbol>
      <symbol id="sm-ae5">
         <name>_memset</name>
         <value>0xca5f</value>
         <object_component_ref idref="oc-267"/>
      </symbol>
      <symbol id="sm-af5">
         <name>_strchr</name>
         <value>0xca1d</value>
         <object_component_ref idref="oc-270"/>
      </symbol>
      <symbol id="sm-b03">
         <name>_strcpy</name>
         <value>0xca66</value>
         <object_component_ref idref="oc-268"/>
      </symbol>
      <symbol id="sm-b0e">
         <name>_errno</name>
         <value>0x15839</value>
         <object_component_ref idref="oc-222"/>
      </symbol>
      <symbol id="sm-b1c">
         <name>_wcslen</name>
         <value>0xca46</value>
         <object_component_ref idref="oc-26b"/>
      </symbol>
      <symbol id="sm-b2a">
         <name>_copysignl</name>
         <value>0xc8cc</value>
         <object_component_ref idref="oc-271"/>
      </symbol>
   </symbol_table>
   <title>Link successful</title>
</link_info>
